Archive member included to satisfy reference by file (symbol)

C:/NXP/MCUXpressoIDE_25.6.136/ide/plugins/com.nxp.mcuxpresso.tools.win32_25.6.0.202501151204/tools/bin/../lib/gcc/arm-none-eabi/14.2.1/../../../../arm-none-eabi/lib/thumb/v7e-m+fp/hard\libcr_nohost_nf.a(_cr__main.o)
                              ./startup/startup_mk64f12.o (__main)
C:/NXP/MCUXpressoIDE_25.6.136/ide/plugins/com.nxp.mcuxpresso.tools.win32_25.6.0.202501151204/tools/bin/../lib/gcc/arm-none-eabi/14.2.1/../../../../arm-none-eabi/lib/thumb/v7e-m+fp/hard\libcr_nohost_nf.a(_cr_assert.o)
                              ./phy/fsl_phyksz8081.o (__assertion_failed)
C:/NXP/MCUXpressoIDE_25.6.136/ide/plugins/com.nxp.mcuxpresso.tools.win32_25.6.0.202501151204/tools/bin/../lib/gcc/arm-none-eabi/14.2.1/../../../../arm-none-eabi/lib/thumb/v7e-m+fp/hard\libcr_nohost_nf.a(__ciob.o)
                              C:/NXP/MCUXpressoIDE_25.6.136/ide/plugins/com.nxp.mcuxpresso.tools.win32_25.6.0.202501151204/tools/bin/../lib/gcc/arm-none-eabi/14.2.1/../../../../arm-none-eabi/lib/thumb/v7e-m+fp/hard\libcr_nohost_nf.a(_cr_assert.o) (__Ciob)
C:/NXP/MCUXpressoIDE_25.6.136/ide/plugins/com.nxp.mcuxpresso.tools.win32_25.6.0.202501151204/tools/bin/../lib/gcc/arm-none-eabi/14.2.1/../../../../arm-none-eabi/lib/thumb/v7e-m+fp/hard\libcr_nohost_nf.a(__sys_appexit.o)
                              C:/NXP/MCUXpressoIDE_25.6.136/ide/plugins/com.nxp.mcuxpresso.tools.win32_25.6.0.202501151204/tools/bin/../lib/gcc/arm-none-eabi/14.2.1/../../../../arm-none-eabi/lib/thumb/v7e-m+fp/hard\libcr_nohost_nf.a(_cr_assert.o) (__sys_appexit)
C:/NXP/MCUXpressoIDE_25.6.136/ide/plugins/com.nxp.mcuxpresso.tools.win32_25.6.0.202501151204/tools/bin/../lib/gcc/arm-none-eabi/14.2.1/../../../../arm-none-eabi/lib/thumb/v7e-m+fp/hard\libcr_c.a(memcpy.o)
                              ./utilities/fsl_str.o (memcpy)
C:/NXP/MCUXpressoIDE_25.6.136/ide/plugins/com.nxp.mcuxpresso.tools.win32_25.6.0.202501151204/tools/bin/../lib/gcc/arm-none-eabi/14.2.1/../../../../arm-none-eabi/lib/thumb/v7e-m+fp/hard\libcr_c.a(memset.o)
                              ./utilities/fsl_debug_console.o (memset)
C:/NXP/MCUXpressoIDE_25.6.136/ide/plugins/com.nxp.mcuxpresso.tools.win32_25.6.0.202501151204/tools/bin/../lib/gcc/arm-none-eabi/14.2.1/../../../../arm-none-eabi/lib/thumb/v7e-m+fp/hard\libcr_c.a(_deferredlazyseek.o)
                              C:/NXP/MCUXpressoIDE_25.6.136/ide/plugins/com.nxp.mcuxpresso.tools.win32_25.6.0.202501151204/tools/bin/../lib/gcc/arm-none-eabi/14.2.1/../../../../arm-none-eabi/lib/thumb/v7e-m+fp/hard\libcr_nohost_nf.a(_cr_assert.o) (__flsbuf)
C:/NXP/MCUXpressoIDE_25.6.136/ide/plugins/com.nxp.mcuxpresso.tools.win32_25.6.0.202501151204/tools/bin/../lib/gcc/arm-none-eabi/14.2.1/../../../../arm-none-eabi/lib/thumb/v7e-m+fp/hard\libcr_c.a(_fflush.o)
                              C:/NXP/MCUXpressoIDE_25.6.136/ide/plugins/com.nxp.mcuxpresso.tools.win32_25.6.0.202501151204/tools/bin/../lib/gcc/arm-none-eabi/14.2.1/../../../../arm-none-eabi/lib/thumb/v7e-m+fp/hard\libcr_c.a(_deferredlazyseek.o) (_fflush)
C:/NXP/MCUXpressoIDE_25.6.136/ide/plugins/com.nxp.mcuxpresso.tools.win32_25.6.0.202501151204/tools/bin/../lib/gcc/arm-none-eabi/14.2.1/../../../../arm-none-eabi/lib/thumb/v7e-m+fp/hard\libcr_c.a(_writebuf.o)
                              C:/NXP/MCUXpressoIDE_25.6.136/ide/plugins/com.nxp.mcuxpresso.tools.win32_25.6.0.202501151204/tools/bin/../lib/gcc/arm-none-eabi/14.2.1/../../../../arm-none-eabi/lib/thumb/v7e-m+fp/hard\libcr_c.a(_deferredlazyseek.o) (_Cwritebuf)
C:/NXP/MCUXpressoIDE_25.6.136/ide/plugins/com.nxp.mcuxpresso.tools.win32_25.6.0.202501151204/tools/bin/../lib/gcc/arm-none-eabi/14.2.1/../../../../arm-none-eabi/lib/thumb/v7e-m+fp/hard\libcr_c.a(alloc.o)
                              ./drivers/fsl_common.o (malloc)
C:/NXP/MCUXpressoIDE_25.6.136/ide/plugins/com.nxp.mcuxpresso.tools.win32_25.6.0.202501151204/tools/bin/../lib/gcc/arm-none-eabi/14.2.1/../../../../arm-none-eabi/lib/thumb/v7e-m+fp/hard\libcr_c.a(errno.o)
                              ./utilities/fsl_str.o (errno)
C:/NXP/MCUXpressoIDE_25.6.136/ide/plugins/com.nxp.mcuxpresso.tools.win32_25.6.0.202501151204/tools/bin/../lib/gcc/arm-none-eabi/14.2.1/../../../../arm-none-eabi/lib/thumb/v7e-m+fp/hard\libcr_c.a(fputs.o)
                              C:/NXP/MCUXpressoIDE_25.6.136/ide/plugins/com.nxp.mcuxpresso.tools.win32_25.6.0.202501151204/tools/bin/../lib/gcc/arm-none-eabi/14.2.1/../../../../arm-none-eabi/lib/thumb/v7e-m+fp/hard\libcr_nohost_nf.a(_cr_assert.o) (fputs)
C:/NXP/MCUXpressoIDE_25.6.136/ide/plugins/com.nxp.mcuxpresso.tools.win32_25.6.0.202501151204/tools/bin/../lib/gcc/arm-none-eabi/14.2.1/../../../../arm-none-eabi/lib/thumb/v7e-m+fp/hard\libcr_c.a(fseek.o)
                              C:/NXP/MCUXpressoIDE_25.6.136/ide/plugins/com.nxp.mcuxpresso.tools.win32_25.6.0.202501151204/tools/bin/../lib/gcc/arm-none-eabi/14.2.1/../../../../arm-none-eabi/lib/thumb/v7e-m+fp/hard\libcr_c.a(_deferredlazyseek.o) (fseek)
[...]
Memory Configuration

Name             Origin             Length             Attributes
PROGRAM_FLASH    0x00000000         0x00100000         xr
SRAM_UPPER       0x20000000         0x00030000         xrw
SRAM_LOWER       0x1fff0000         0x00010000         xrw
FLEX_RAM         0x14000000         0x00001000         xrw
*default*        0x00000000         0xffffffff

Linker script and memory map

LOAD ./utilities/fsl_debug_console.o
LOAD ./utilities/fsl_str.o
LOAD ./startup/startup_mk64f12.o
LOAD ./source/CANopen_HAL.o
LOAD ./source/INIT_HAL.o
LOAD ./source/UART_HAL.o
LOAD ./source/Utilities.o
LOAD ./source/enet_raw.o
LOAD ./source/main.o
LOAD ./source/rtos.o
LOAD ./source/semihost_hardfault.o
LOAD ./phy/fsl_phyksz8081.o
LOAD ./mdio/fsl_enet_mdio.o
LOAD ./drivers/fsl_adc16.o
LOAD ./drivers/fsl_clock.o
LOAD ./drivers/fsl_common.o
LOAD ./drivers/fsl_common_arm.o
LOAD ./drivers/fsl_enet.o
LOAD ./drivers/fsl_flexcan.o
LOAD ./drivers/fsl_gpio.o
LOAD ./drivers/fsl_i2c.o
LOAD ./drivers/fsl_smc.o
LOAD ./drivers/fsl_sysmpu.o
LOAD ./drivers/fsl_uart.o
LOAD ./device/system_MK64F12.o
LOAD ./component/uart/fsl_adapter_uart.o
LOAD ./component/serial_manager/fsl_component_serial_manager.o
LOAD ./component/serial_manager/fsl_component_serial_port_uart.o
LOAD ./component/lists/fsl_component_generic_list.o
LOAD ./board/board.o
LOAD ./board/clock_config.o
LOAD ./board/peripherals.o
LOAD ./board/pin_mux.o
LOAD ./FreeRTOS/freertos_kernel/portable/MemMang/heap_4.o
LOAD ./FreeRTOS/freertos_kernel/portable/GCC/ARM_CM4F/port.o
LOAD ./FreeRTOS/freertos_kernel/croutine.o
LOAD ./FreeRTOS/freertos_kernel/event_groups.o
LOAD ./FreeRTOS/freertos_kernel/list.o
LOAD ./FreeRTOS/freertos_kernel/queue.o
LOAD ./FreeRTOS/freertos_kernel/stream_buffer.o
LOAD ./FreeRTOS/freertos_kernel/tasks.o
LOAD ./FreeRTOS/freertos_kernel/timers.o
START GROUP
LOAD C:/NXP/MCUXpressoIDE_25.6.136/ide/plugins/com.nxp.mcuxpresso.tools.win32_25.6.0.202501151204/tools/bin/../lib/gcc/arm-none-eabi/14.2.1/../../../../arm-none-eabi/lib/thumb/v7e-m+fp/hard\libcr_nohost_nf.a
LOAD C:/NXP/MCUXpressoIDE_25.6.136/ide/plugins/com.nxp.mcuxpresso.tools.win32_25.6.0.202501151204/tools/bin/../lib/gcc/arm-none-eabi/14.2.1/../../../../arm-none-eabi/lib/thumb/v7e-m+fp/hard\libcr_c.a
LOAD C:/NXP/MCUXpressoIDE_25.6.136/ide/plugins/com.nxp.mcuxpresso.tools.win32_25.6.0.202501151204/tools/bin/../lib/gcc/arm-none-eabi/14.2.1/thumb/v7e-m+fp/hard\libcr_eabihelpers.a
LOAD C:/NXP/MCUXpressoIDE_25.6.136/ide/plugins/com.nxp.mcuxpresso.tools.win32_25.6.0.202501151204/tools/bin/../lib/gcc/arm-none-eabi/14.2.1/thumb/v7e-m+fp/hard\libgcc.a
END GROUP
                0x00000000                        __base_PROGRAM_FLASH = 0x0
                0x00000000                        __base_Flash = 0x0
                0x00100000                        __top_PROGRAM_FLASH = 0x100000
                0x00100000                        __top_Flash = 0x100000
                0x20000000                        __base_SRAM_UPPER = 0x20000000
                0x20000000                        __base_RAM = 0x20000000
                0x20030000                        __top_SRAM_UPPER = 0x20030000
                0x20030000                        __top_RAM = 0x20030000
                0x1fff0000                        __base_SRAM_LOWER = 0x1fff0000
                0x1fff0000                        __base_RAM2 = 0x1fff0000
                0x20000000                        __top_SRAM_LOWER = 0x20000000
                0x20000000                        __top_RAM2 = 0x20000000
                0x14000000                        __base_FLEX_RAM = 0x14000000
                0x14000000                        __base_RAM3 = 0x14000000
                0x14001000                        __top_FLEX_RAM = 0x14001000
                0x14001000                        __top_RAM3 = 0x14001000

.text           0x00000000     0xb600
 FILL mask 0xff
                0x00000000                        __vectors_start__ = ABSOLUTE (.)
 *(SORT_BY_ALIGNMENT(.isr_vector))
 .isr_vector    0x00000000      0x198 ./startup/startup_mk64f12.o
                0x00000000                g_pfnVectors
                0x00000000                __Vectors
                0x00000198                        . = ALIGN (0x4)
                0x00000198                        __section_table_start = .
                0x00000198                        __data_section_table = .
                0x00000198        0x4 LONG 0xb600 LOADADDR (.data)
                0x0000019c        0x4 LONG 0x20000000 ADDR (.data)
                0x000001a0        0x4 LONG 0x18 SIZEOF (.data)
                0x000001a4        0x4 LONG 0xb600 LOADADDR (.data_RAM2)
                0x000001a8        0x4 LONG 0x1fff0000 ADDR (.data_RAM2)
                0x000001ac        0x4 LONG 0x0 SIZEOF (.data_RAM2)
                0x000001b0        0x4 LONG 0xb600 LOADADDR (.data_RAM3)
                0x000001b4        0x4 LONG 0x14000000 ADDR (.data_RAM3)
                0x000001b8        0x4 LONG 0x0 SIZEOF (.data_RAM3)
                0x000001bc                        __data_section_table_end = .
                0x000001bc                        __bss_section_table = .
                0x000001bc        0x4 LONG 0x20000020 ADDR (.bss)
                0x000001c0        0x4 LONG 0xf480 SIZEOF (.bss)
                0x000001c4        0x4 LONG 0x1fff0000 ADDR (.bss_RAM2)
                0x000001c8        0x4 LONG 0x0 SIZEOF (.bss_RAM2)
                0x000001cc        0x4 LONG 0x14000000 ADDR (.bss_RAM3)
                0x000001d0        0x4 LONG 0x0 SIZEOF (.bss_RAM3)
                0x000001d4                        __bss_section_table_end = .
                0x000001d4                        __section_table_end = .
 *(SORT_BY_ALIGNMENT(.after_vectors*))
 .after_vectors.reset
                0x000001d4       0x4c ./startup/startup_mk64f12.o
                0x000001d4                ResetISR
 .after_vectors.init_data
                0x00000220       0x1e ./startup/startup_mk64f12.o
                0x00000220                data_init
 .after_vectors.init_bss
                0x0000023e       0x12 ./startup/startup_mk64f12.o
                0x0000023e                bss_init
 .after_vectors
                0x00000250       0x14 ./startup/startup_mk64f12.o
                0x00000250                NMI_Handler
                0x00000254                MemManage_Handler
                0x00000256                BusFault_Handler
                0x00000258                UsageFault_Handler
                0x0000025c                DebugMon_Handler
                0x00000262                LPTMR0_DriverIRQHandler
                0x00000262                DMA_Error_DriverIRQHandler
                0x00000262                SPI1_DriverIRQHandler
                0x00000262                FTM1_DriverIRQHandler
                0x00000262                FTM2_DriverIRQHandler
                0x00000262                PIT2_DriverIRQHandler
                0x00000262                SDHC_DriverIRQHandler
                0x00000262                I2S0_Tx_DriverIRQHandler
                0x00000262                RTC_Seconds_DriverIRQHandler
                0x00000262                DMA6_DriverIRQHandler
                0x00000262                LLWU_DriverIRQHandler
                0x00000262                MCM_DriverIRQHandler
                0x00000262                MCG_DriverIRQHandler
                0x00000262                DAC1_DriverIRQHandler
                0x00000262                DMA12_DriverIRQHandler
                0x00000262                CMP1_DriverIRQHandler
                0x00000262                FTM0_DriverIRQHandler
                0x00000262                IntDefaultHandler
                0x00000262                USB0_DriverIRQHandler
                0x00000262                UART5_ERR_DriverIRQHandler
                0x00000262                PORTC_DriverIRQHandler
                0x00000262                DMA11_DriverIRQHandler
                0x00000262                DAC0_DriverIRQHandler
                0x00000262                DMA10_DriverIRQHandler
                0x00000262                CMP2_DriverIRQHandler
                0x00000262                UART2_ERR_DriverIRQHandler
                0x00000262                SPI2_DriverIRQHandler
                0x00000262                LVD_LVW_DriverIRQHandler
                0x00000262                PORTB_DriverIRQHandler
                0x00000262                RNG_DriverIRQHandler
                0x00000262                DMA5_DriverIRQHandler
                0x00000262                DMA4_DriverIRQHandler
                0x00000262                USBDCD_DriverIRQHandler
                0x00000262                UART3_ERR_DriverIRQHandler
                0x00000262                DMA3_DriverIRQHandler
                0x00000262                DMA8_DriverIRQHandler
                0x00000262                DMA9_DriverIRQHandler
                0x00000262                UART0_ERR_DriverIRQHandler
                0x00000262                CMT_DriverIRQHandler
                0x00000262                Reserved71_DriverIRQHandler
                0x00000262                ADC1_DriverIRQHandler
                0x00000262                PORTA_DriverIRQHandler
                0x00000262                DMA14_DriverIRQHandler
                0x00000262                PIT3_DriverIRQHandler
                0x00000262                PIT1_DriverIRQHandler
                0x00000262                WDOG_EWM_DriverIRQHandler
                0x00000262                PDB0_DriverIRQHandler
                0x00000262                RTC_DriverIRQHandler
                0x00000262                I2S0_Rx_DriverIRQHandler
                0x00000262                Read_Collision_DriverIRQHandler
                0x00000262                SWI_DriverIRQHandler
                0x00000262                UART4_ERR_DriverIRQHandler
                0x00000262                DMA0_DriverIRQHandler
                0x00000262                UART0_LON_DriverIRQHandler
                0x00000262                DMA1_DriverIRQHandler
                0x00000262                DMA13_DriverIRQHandler
                0x00000262                DMA15_DriverIRQHandler
                0x00000262                SPI0_DriverIRQHandler
                0x00000262                ADC0_DriverIRQHandler
                0x00000262                CMP0_DriverIRQHandler
                0x00000262                FTM3_DriverIRQHandler
                0x00000262                PIT0_DriverIRQHandler
                0x00000262                UART1_ERR_DriverIRQHandler
                0x00000262                DMA2_DriverIRQHandler
                0x00000262                PORTD_DriverIRQHandler
                0x00000262                PORTE_DriverIRQHandler
                0x00000262                FTFE_DriverIRQHandler
                0x00000262                DMA7_DriverIRQHandler
                0x00000400                        . = 0x400
 *fill*         0x00000264      0x19c ff
                0x00000400                        PROVIDE (__FLASH_CONFIG_START__ = .)
 *(SORT_BY_ALIGNMENT(.FlashConfig))
 .FlashConfig   0x00000400       0x10 ./startup/startup_mk64f12.o
                0x00000400                Flash_Config
                0x00000410                        PROVIDE (__FLASH_CONFIG_END__ = .)
                0x00000001                        ASSERT (! ((__FLASH_CONFIG_START__ == __FLASH_CONFIG_END__)), Linker Flash Config Support Enabled, but no .FlashConfig section provided within application)
 *(SORT_BY_ALIGNMENT(.text*))
 .text.SVC_Handler
                0x00000410       0x28 ./FreeRTOS/freertos_kernel/portable/GCC/ARM_CM4F/port.o
                0x00000410                SVC_Handler
 *fill*         0x00000438        0x8 ff
 .text.PendSV_Handler
                0x00000440       0x68 ./FreeRTOS/freertos_kernel/portable/GCC/ARM_CM4F/port.o
                0x00000440                PendSV_Handler
 .text.DbgConsole_Init
                0x000004a8      0x118 ./utilities/fsl_debug_console.o
                0x000004a8                DbgConsole_Init
 .text.UART_Write_Blocking
                0x000005c0       0x30 ./source/UART_HAL.o
                0x000005c0                UART_Write_Blocking
 .text.UART_LogInit
                0x000005f0       0x3c ./source/Utilities.o
                0x000005f0                UART_LogInit
 .text.UART_LogSetEnabled
                0x0000062c       0x20 ./source/Utilities.o
                0x0000062c                UART_LogSetEnabled
 .text.UART_LogMessage
                0x0000064c      0x194 ./source/Utilities.o
                0x0000064c                UART_LogMessage
 .text.UART_LogProcess
                0x000007e0      0x128 ./source/Utilities.o
                0x000007e0                UART_LogProcess
 .text.vApplicationStackOverflowHook
                0x00000908       0x40 ./source/enet_raw.o
                0x00000908                vApplicationStackOverflowHook
 .text.enet_raw_callback
                0x00000948       0x88 ./source/enet_raw.o
 .text.enet_raw_is_ethercat_frame
                0x000009d0       0x4c ./source/enet_raw.o
 .text.enet_raw_init
                0x00000a1c      0x294 ./source/enet_raw.o
                0x00000a1c                enet_raw_init
 .text.enet_raw_close
                0x00000cb0       0x6c ./source/enet_raw.o
                0x00000cb0                enet_raw_close
 .text.enet_raw_send_frame
                0x00000d1c       0xd0 ./source/enet_raw.o
                0x00000d1c                enet_raw_send_frame
 .text.enet_raw_receive_frame
                0x00000dec      0x158 ./source/enet_raw.o
                0x00000dec                enet_raw_receive_frame
 .text.enet_raw_send_test_frame
                0x00000f44       0xe8 ./source/enet_raw.o
                0x00000f44                enet_raw_send_test_frame
 .text.vApplicationMallocFailedHook
                0x0000102c       0x28 ./source/main.o
                0x0000102c                vApplicationMallocFailedHook
 .text.main     0x00001054       0xcc ./source/main.o
                0x00001054                main
 .text.simple_logger_task
                0x00001120       0x20 ./source/main.o
                0x00001120                simple_logger_task
 .text.ethernet_test_rx_task
                0x00001140       0xec ./source/main.o
                0x00001140                ethernet_test_rx_task
 .text.ethernet_test_main_task
                0x0000122c      0x3ac ./source/main.o
                0x0000122c                ethernet_test_main_task
 .text.PHY_KSZ8081_Init
                0x000015d8      0x128 ./phy/fsl_phyksz8081.o
                0x000015d8                PHY_KSZ8081_Init
 .text.PHY_KSZ8081_GetAutoNegotiationStatus
                0x00001700       0x54 ./phy/fsl_phyksz8081.o
                0x00001700                PHY_KSZ8081_GetAutoNegotiationStatus
 .text.PHY_KSZ8081_GetLinkStatus
                0x00001754       0x58 ./phy/fsl_phyksz8081.o
                0x00001754                PHY_KSZ8081_GetLinkStatus
 .text.PHY_KSZ8081_GetLinkSpeedDuplex
                0x000017ac       0x98 ./phy/fsl_phyksz8081.o
                0x000017ac                PHY_KSZ8081_GetLinkSpeedDuplex
 .text.PHY_KSZ8081_SetLinkSpeedDuplex
                0x00001844       0x90 ./phy/fsl_phyksz8081.o
                0x00001844                PHY_KSZ8081_SetLinkSpeedDuplex
 .text.PHY_KSZ8081_EnableLoopback
                0x000018d4      0x150 ./phy/fsl_phyksz8081.o
                0x000018d4                PHY_KSZ8081_EnableLoopback
 .text.ENET_MDIO_Init
                0x00001a24       0x44 ./mdio/fsl_enet_mdio.o
 .text.ENET_MDIO_Read
                0x00001a68       0x74 ./mdio/fsl_enet_mdio.o
 .text.CLOCK_SetEr32kClock
                0x00001adc       0x30 ./drivers/fsl_clock.o
 .text.CLOCK_SetPllFllSelClock
                0x00001b0c       0x38 ./drivers/fsl_clock.o
 .text.CLOCK_GetMcgExtClkFreq
                0x00001b44       0x7c ./drivers/fsl_clock.o
 .text.CLOCK_GetFllExtRefClkFreq
                0x00001bc0       0xb0 ./drivers/fsl_clock.o
 .text.CLOCK_GetInternalRefClkSelectFreq
                0x00001c70       0x4c ./drivers/fsl_clock.o
 .text.CLOCK_GetFllRefClkFreq
                0x00001cbc       0x34 ./drivers/fsl_clock.o
 .text.CLOCK_GetOscRangeFromFreq
                0x00001cf0       0x3c ./drivers/fsl_clock.o
 .text.CLOCK_GetOsc0ErClkFreq
                0x00001d2c       0x44 ./drivers/fsl_clock.o
                0x00001d2c                CLOCK_GetOsc0ErClkFreq
 .text.CLOCK_GetEr32kClkFreq
                0x00001d70       0x74 ./drivers/fsl_clock.o
                0x00001d70                CLOCK_GetEr32kClkFreq
 .text.CLOCK_GetPllFllSelClkFreq
                0x00001de4       0x54 ./drivers/fsl_clock.o
                0x00001de4                CLOCK_GetPllFllSelClkFreq
 .text.CLOCK_GetCoreSysClkFreq
                0x00001e38       0x28 ./drivers/fsl_clock.o
                0x00001e38                CLOCK_GetCoreSysClkFreq
 .text.CLOCK_GetFreq
                0x00001e60      0x140 ./drivers/fsl_clock.o
                0x00001e60                CLOCK_GetFreq
 .text.CLOCK_SetSimConfig
                0x00001fa0       0x34 ./drivers/fsl_clock.o
                0x00001fa0                CLOCK_SetSimConfig
 .text.CLOCK_EnableUsbfs0Clock
                0x00001fd4      0x108 ./drivers/fsl_clock.o
                0x00001fd4                CLOCK_EnableUsbfs0Clock
 .text.CLOCK_GetOutClkFreq
                0x000020dc       0x64 ./drivers/fsl_clock.o
                0x000020dc                CLOCK_GetOutClkFreq
 .text.CLOCK_GetFllFreq
                0x00002140       0x84 ./drivers/fsl_clock.o
                0x00002140                CLOCK_GetFllFreq
 .text.CLOCK_GetInternalRefClkFreq
                0x000021c4       0x30 ./drivers/fsl_clock.o
                0x000021c4                CLOCK_GetInternalRefClkFreq
 .text.CLOCK_GetPll0Freq
                0x000021f4       0x78 ./drivers/fsl_clock.o
                0x000021f4                CLOCK_GetPll0Freq
 .text.CLOCK_SetExternalRefClkConfig
                0x0000226c       0x6c ./drivers/fsl_clock.o
                0x0000226c                CLOCK_SetExternalRefClkConfig
 .text.CLOCK_SetInternalRefClkConfig
                0x000022d8      0x104 ./drivers/fsl_clock.o
                0x000022d8                CLOCK_SetInternalRefClkConfig
 .text.CLOCK_EnablePll0
                0x000023dc       0x88 ./drivers/fsl_clock.o
                0x000023dc                CLOCK_EnablePll0
 .text.CLOCK_InitOsc0
                0x00002464       0x8c ./drivers/fsl_clock.o
                0x00002464                CLOCK_InitOsc0
 .text.CLOCK_SetPbeMode
                0x000024f0       0xa8 ./drivers/fsl_clock.o
                0x000024f0                CLOCK_SetPbeMode
 .text.CLOCK_BootToPeeMode
                0x00002598       0x60 ./drivers/fsl_clock.o
                0x00002598                CLOCK_BootToPeeMode
 .text.__NVIC_EnableIRQ
                0x000025f8       0x3c ./drivers/fsl_enet.o
 .text.ENET_GetInstance
                0x00002634       0x44 ./drivers/fsl_enet.o
                0x00002634                ENET_GetInstance
 .text.ENET_GetDefaultConfig
                0x00002678       0x4c ./drivers/fsl_enet.o
                0x00002678                ENET_GetDefaultConfig
 .text.ENET_Up  0x000026c4       0xb8 ./drivers/fsl_enet.o
                0x000026c4                ENET_Up
 .text.ENET_Init
                0x0000277c       0x48 ./drivers/fsl_enet.o
                0x0000277c                ENET_Init
 .text.ENET_Down
                0x000027c4       0x48 ./drivers/fsl_enet.o
                0x000027c4                ENET_Down
 .text.ENET_Deinit
                0x0000280c       0x28 ./drivers/fsl_enet.o
                0x0000280c                ENET_Deinit
 .text.ENET_SetCallback
                0x00002834       0x30 ./drivers/fsl_enet.o
                0x00002834                ENET_SetCallback
 .text.ENET_SetRxISRHandler
                0x00002864       0x30 ./drivers/fsl_enet.o
                0x00002864                ENET_SetRxISRHandler
 .text.ENET_SetTxISRHandler
                0x00002894       0x30 ./drivers/fsl_enet.o
                0x00002894                ENET_SetTxISRHandler
 .text.ENET_SetErrISRHandler
                0x000028c4       0x30 ./drivers/fsl_enet.o
                0x000028c4                ENET_SetErrISRHandler
 .text.ENET_SetHandler
                0x000028f4      0x1a8 ./drivers/fsl_enet.o
 .text.ENET_SetMacController
                0x00002a9c      0x248 ./drivers/fsl_enet.o
 .text.ENET_SetTxBufferDescriptors
                0x00002ce4       0xe4 ./drivers/fsl_enet.o
 .text.ENET_SetRxBufferDescriptors
                0x00002dc8       0xfc ./drivers/fsl_enet.o
 .text.ENET_RxBufferAllocAll
                0x00002ec4       0xcc ./drivers/fsl_enet.o
 .text.ENET_RxBufferFreeAll
                0x00002f90       0xc4 ./drivers/fsl_enet.o
 .text.ENET_ActiveReadRing
                0x00003054       0x44 ./drivers/fsl_enet.o
 .text.ENET_ActiveSendRing
                0x00003098       0x4c ./drivers/fsl_enet.o
 .text.ENET_SetSMI
                0x000030e4       0xa0 ./drivers/fsl_enet.o
                0x000030e4                ENET_SetSMI
 .text.ENET_IncreaseIndex
                0x00003184       0x40 ./drivers/fsl_enet.o
 .text.ENET_GetRxFrameSize
                0x000031c4      0x128 ./drivers/fsl_enet.o
                0x000031c4                ENET_GetRxFrameSize
 .text.ENET_ReadFrame
                0x000032ec      0x188 ./drivers/fsl_enet.o
                0x000032ec                ENET_ReadFrame
 .text.ENET_UpdateReadBuffers
                0x00003474       0x94 ./drivers/fsl_enet.o
 .text.ENET_SendFrame
                0x00003508      0x378 ./drivers/fsl_enet.o
                0x00003508                ENET_SendFrame
 .text.ENET_ReclaimTxDescriptor
                0x00003880      0x10c ./drivers/fsl_enet.o
                0x00003880                ENET_ReclaimTxDescriptor
 .text.ENET_TransmitIRQHandler
                0x0000398c       0x8c ./drivers/fsl_enet.o
                0x0000398c                ENET_TransmitIRQHandler
 .text.ENET_ReceiveIRQHandler
                0x00003a18       0x5c ./drivers/fsl_enet.o
                0x00003a18                ENET_ReceiveIRQHandler
 .text.ENET_ErrorIRQHandler
                0x00003a74       0x90 ./drivers/fsl_enet.o
                0x00003a74                ENET_ErrorIRQHandler
 .text.ENET_Ptp1588IRQHandler
                0x00003b04       0x44 ./drivers/fsl_enet.o
                0x00003b04                ENET_Ptp1588IRQHandler
 .text.ENET_TxIRQHandler
                0x00003b48       0x48 ./drivers/fsl_enet.o
                0x00003b48                ENET_TxIRQHandler
 .text.ENET_RxIRQHandler
                0x00003b90       0x44 ./drivers/fsl_enet.o
                0x00003b90                ENET_RxIRQHandler
 .text.ENET_ErrIRQHandler
                0x00003bd4       0x44 ./drivers/fsl_enet.o
                0x00003bd4                ENET_ErrIRQHandler
 .text.ENET_Transmit_DriverIRQHandler
                0x00003c18       0x18 ./drivers/fsl_enet.o
                0x00003c18                ENET_Transmit_DriverIRQHandler
 .text.ENET_Receive_DriverIRQHandler
                0x00003c30       0x18 ./drivers/fsl_enet.o
                0x00003c30                ENET_Receive_DriverIRQHandler
 .text.ENET_Error_DriverIRQHandler
                0x00003c48       0x18 ./drivers/fsl_enet.o
                0x00003c48                ENET_Error_DriverIRQHandler
 .text.ENET_1588_Timer_DriverIRQHandler
                0x00003c60       0x18 ./drivers/fsl_enet.o
                0x00003c60                ENET_1588_Timer_DriverIRQHandler
 .text.FLEXCAN_GetInstance
                0x00003c78       0x44 ./drivers/fsl_flexcan.o
                0x00003c78                FLEXCAN_GetInstance
 .text.FLEXCAN_Reset
                0x00003cbc       0xbc ./drivers/fsl_flexcan.o
 .text.FLEXCAN_SetBitRate
                0x00003d78       0xb0 ./drivers/fsl_flexcan.o
 .text.FLEXCAN_Init
                0x00003e28      0x1a0 ./drivers/fsl_flexcan.o
                0x00003e28                FLEXCAN_Init
 .text.FLEXCAN_SetTimingConfig
                0x00003fc8       0x7c ./drivers/fsl_flexcan.o
                0x00003fc8                FLEXCAN_SetTimingConfig
 .text.FLEXCAN_SetTxMbConfig
                0x00004044       0xa4 ./drivers/fsl_flexcan.o
                0x00004044                FLEXCAN_SetTxMbConfig
 .text.FLEXCAN_SetRxMbConfig
                0x000040e8       0xf8 ./drivers/fsl_flexcan.o
                0x000040e8                FLEXCAN_SetRxMbConfig
 .text.CAN0_DriverIRQHandler
                0x000041e0       0x3c ./drivers/fsl_flexcan.o
                0x000041e0                CAN0_DriverIRQHandler
 .text.I2C_TransferCommonIRQHandler
                0x0000421c       0x58 ./drivers/fsl_i2c.o
 .text.I2C0_DriverIRQHandler
                0x00004274       0x1c ./drivers/fsl_i2c.o
                0x00004274                I2C0_DriverIRQHandler
 .text.I2C1_DriverIRQHandler
                0x00004290       0x1c ./drivers/fsl_i2c.o
                0x00004290                I2C1_DriverIRQHandler
 .text.I2C2_DriverIRQHandler
                0x000042ac       0x1c ./drivers/fsl_i2c.o
                0x000042ac                I2C2_DriverIRQHandler
 .text.UART_GetInstance
                0x000042c8       0x54 ./drivers/fsl_uart.o
                0x000042c8                UART_GetInstance
 .text.UART_Init
                0x0000431c      0x2f4 ./drivers/fsl_uart.o
                0x0000431c                UART_Init
 .text.UART_GetDefaultConfig
                0x00004610       0x68 ./drivers/fsl_uart.o
                0x00004610                UART_GetDefaultConfig
 .text.UART0_DriverIRQHandler
                0x00004678       0x28 ./drivers/fsl_uart.o
                0x00004678                UART0_DriverIRQHandler
 .text.UART1_DriverIRQHandler
                0x000046a0       0x28 ./drivers/fsl_uart.o
                0x000046a0                UART1_DriverIRQHandler
 .text.UART2_DriverIRQHandler
                0x000046c8       0x28 ./drivers/fsl_uart.o
                0x000046c8                UART2_DriverIRQHandler
 .text.UART3_DriverIRQHandler
                0x000046f0       0x28 ./drivers/fsl_uart.o
                0x000046f0                UART3_DriverIRQHandler
 .text.UART4_DriverIRQHandler
                0x00004718       0x28 ./drivers/fsl_uart.o
                0x00004718                UART4_DriverIRQHandler
 .text.UART5_DriverIRQHandler
                0x00004740       0x28 ./drivers/fsl_uart.o
                0x00004740                UART5_DriverIRQHandler
 .text.SystemInit
                0x00004768       0x3c ./device/system_MK64F12.o
                0x00004768                SystemInit
 .text.HAL_UartInit
                0x000047a4      0x128 ./component/uart/fsl_adapter_uart.o
                0x000047a4                HAL_UartInit
 .text.CLOCK_SetSdhc0Clock
                0x000048cc       0x38 ./board/clock_config.o
 .text.CLOCK_SetEnetTime0Clock
                0x00004904       0x38 ./board/clock_config.o
 .text.CLOCK_SetRmii0Clock
                0x0000493c       0x38 ./board/clock_config.o
 .text.CLOCK_SetTraceClock
                0x00004974       0x38 ./board/clock_config.o
 .text.CLOCK_SetClkOutClock
                0x000049ac       0x34 ./board/clock_config.o
 .text.CLOCK_SetSimSafeDivs
                0x000049e0       0x20 ./board/clock_config.o
 .text.CLOCK_SetXtal0Freq
                0x00004a00       0x20 ./board/clock_config.o
 .text.CLOCK_CONFIG_SetFllExtRefDiv
                0x00004a20       0x3c ./board/clock_config.o
 .text.BOARD_BootClockRUN
                0x00004a5c       0x88 ./board/clock_config.o
                0x00004a5c                BOARD_BootClockRUN
 .text.CAN0_init
                0x00004ae4       0x6c ./board/peripherals.o
 .text.UART0_init
                0x00004b50       0x24 ./board/peripherals.o
 .text.PORT_SetPinConfig
                0x00004b74       0x38 ./board/pin_mux.o
 .text.BOARD_InitPins
                0x00004bac       0xec ./board/pin_mux.o
                0x00004bac                BOARD_InitPins
 .text.BOARD_InitDEBUG_UARTPins
                0x00004c98       0x68 ./board/pin_mux.o
                0x00004c98                BOARD_InitDEBUG_UARTPins
 .text.pvPortMalloc
                0x00004d00      0x1d0 ./FreeRTOS/freertos_kernel/portable/MemMang/heap_4.o
                0x00004d00                pvPortMalloc
 .text.vPortFree
                0x00004ed0       0xc8 ./FreeRTOS/freertos_kernel/portable/MemMang/heap_4.o
                0x00004ed0                vPortFree
 .text.prvHeapInit
                0x00004f98       0xc4 ./FreeRTOS/freertos_kernel/portable/MemMang/heap_4.o
 .text.prvInsertBlockIntoFreeList
                0x0000505c       0xb4 ./FreeRTOS/freertos_kernel/portable/MemMang/heap_4.o
 .text.pxPortInitialiseStack
                0x00005110       0x68 ./FreeRTOS/freertos_kernel/portable/GCC/ARM_CM4F/port.o
                0x00005110                pxPortInitialiseStack
 .text.prvTaskExitError
                0x00005178       0x5c ./FreeRTOS/freertos_kernel/portable/GCC/ARM_CM4F/port.o
 .text.prvPortStartFirstTask
                0x000051d4       0x2c ./FreeRTOS/freertos_kernel/portable/GCC/ARM_CM4F/port.o
 .text.xPortStartScheduler
                0x00005200      0x140 ./FreeRTOS/freertos_kernel/portable/GCC/ARM_CM4F/port.o
                0x00005200                xPortStartScheduler
 .text.vPortEnterCritical
                0x00005340       0x64 ./FreeRTOS/freertos_kernel/portable/GCC/ARM_CM4F/port.o
                0x00005340                vPortEnterCritical
 .text.vPortExitCritical
                0x000053a4       0x54 ./FreeRTOS/freertos_kernel/portable/GCC/ARM_CM4F/port.o
                0x000053a4                vPortExitCritical
 .text.SysTick_Handler
                0x000053f8       0x44 ./FreeRTOS/freertos_kernel/portable/GCC/ARM_CM4F/port.o
                0x000053f8                SysTick_Handler
 .text.vPortSetupTimerInterrupt
                0x0000543c       0x48 ./FreeRTOS/freertos_kernel/portable/GCC/ARM_CM4F/port.o
                0x0000543c                vPortSetupTimerInterrupt
 .text.vPortEnableVFP
                0x00005484       0x18 ./FreeRTOS/freertos_kernel/portable/GCC/ARM_CM4F/port.o
 .text.vPortValidateInterruptPriority
                0x0000549c       0x84 ./FreeRTOS/freertos_kernel/portable/GCC/ARM_CM4F/port.o
                0x0000549c                vPortValidateInterruptPriority
 .text.xQueueGenericReset
                0x00005520       0xd4 ./FreeRTOS/freertos_kernel/queue.o
                0x00005520                xQueueGenericReset
 .text.xQueueGenericSend
                0x000055f4      0x204 ./FreeRTOS/freertos_kernel/queue.o
                0x000055f4                xQueueGenericSend
 .text.xQueueReceive
                0x000057f8      0x1c4 ./FreeRTOS/freertos_kernel/queue.o
                0x000057f8                xQueueReceive
 .text.xQueueSemaphoreTake
                0x000059bc      0x224 ./FreeRTOS/freertos_kernel/queue.o
                0x000059bc                xQueueSemaphoreTake
 .text.vQueueAddToRegistry
                0x00005be0       0x54 ./FreeRTOS/freertos_kernel/queue.o
                0x00005be0                vQueueAddToRegistry
 .text.vQueueUnregisterQueue
                0x00005c34       0x54 ./FreeRTOS/freertos_kernel/queue.o
                0x00005c34                vQueueUnregisterQueue
 .text.prvAddNewTaskToReadyList
                0x00005c88       0xdc ./FreeRTOS/freertos_kernel/tasks.o
 .text.vTaskDelay
                0x00005d64       0x6c ./FreeRTOS/freertos_kernel/tasks.o
                0x00005d64                vTaskDelay
 .text.vTaskStartScheduler
                0x00005dd0       0xa8 ./FreeRTOS/freertos_kernel/tasks.o
                0x00005dd0                vTaskStartScheduler
 .text.vTaskSuspendAll
                0x00005e78       0x1c ./FreeRTOS/freertos_kernel/tasks.o
                0x00005e78                vTaskSuspendAll
 .text.xTaskResumeAll
                0x00005e94      0x13c ./FreeRTOS/freertos_kernel/tasks.o
                0x00005e94                xTaskResumeAll
 .text.xTaskGetTickCount
                0x00005fd0       0x20 ./FreeRTOS/freertos_kernel/tasks.o
                0x00005fd0                xTaskGetTickCount
 .text.xTaskIncrementTick
                0x00005ff0      0x158 ./FreeRTOS/freertos_kernel/tasks.o
                0x00005ff0                xTaskIncrementTick
 .text.vTaskSwitchContext
                0x00006148      0x104 ./FreeRTOS/freertos_kernel/tasks.o
                0x00006148                vTaskSwitchContext
 .text.vTaskPlaceOnEventList
                0x0000624c       0x4c ./FreeRTOS/freertos_kernel/tasks.o
                0x0000624c                vTaskPlaceOnEventList
 .text.vTaskPlaceOnEventListRestricted
                0x00006298       0x58 ./FreeRTOS/freertos_kernel/tasks.o
                0x00006298                vTaskPlaceOnEventListRestricted
 .text.xTaskRemoveFromEventList
                0x000062f0       0xc8 ./FreeRTOS/freertos_kernel/tasks.o
                0x000062f0                xTaskRemoveFromEventList
 .text.vTaskInternalSetTimeOutState
                0x000063b8       0x2c ./FreeRTOS/freertos_kernel/tasks.o
                0x000063b8                vTaskInternalSetTimeOutState
 .text.xTaskCheckForTimeOut
                0x000063e4       0xd0 ./FreeRTOS/freertos_kernel/tasks.o
                0x000063e4                xTaskCheckForTimeOut
 .text.vTaskMissedYield
                0x000064b4       0x18 ./FreeRTOS/freertos_kernel/tasks.o
                0x000064b4                vTaskMissedYield
 .text.prvIdleTask
                0x000064cc       0x30 ./FreeRTOS/freertos_kernel/tasks.o
 .text.prvInitialiseTaskLists
                0x000064fc       0x80 ./FreeRTOS/freertos_kernel/tasks.o
 .text.prvCheckTasksWaitingTermination
                0x0000657c       0x5c ./FreeRTOS/freertos_kernel/tasks.o
 .text.prvResetNextTaskUnblockTime
                0x000065d8       0x38 ./FreeRTOS/freertos_kernel/tasks.o
 .text.xTaskGetSchedulerState
                0x00006610       0x3c ./FreeRTOS/freertos_kernel/tasks.o
                0x00006610                xTaskGetSchedulerState
 .text.xTaskPriorityInherit
                0x0000664c       0xec ./FreeRTOS/freertos_kernel/tasks.o
                0x0000664c                xTaskPriorityInherit
 .text.xTaskPriorityDisinherit
                0x00006738       0xf8 ./FreeRTOS/freertos_kernel/tasks.o
                0x00006738                xTaskPriorityDisinherit
 .text.vTaskPriorityDisinheritAfterTimeout
                0x00006830      0x120 ./FreeRTOS/freertos_kernel/tasks.o
                0x00006830                vTaskPriorityDisinheritAfterTimeout
 .text.pvTaskIncrementMutexHeldCount
                0x00006950       0x28 ./FreeRTOS/freertos_kernel/tasks.o
                0x00006950                pvTaskIncrementMutexHeldCount
 .text.prvAddCurrentTaskToDelayedList
                0x00006978       0xcc ./FreeRTOS/freertos_kernel/tasks.o
 .text.xTimerCreateTimerTask
                0x00006a44       0x68 ./FreeRTOS/freertos_kernel/timers.o
                0x00006a44                xTimerCreateTimerTask
 .text.xTimerGenericCommand
                0x00006aac       0x9c ./FreeRTOS/freertos_kernel/timers.o
                0x00006aac                xTimerGenericCommand
 .text.prvProcessExpiredTimer
                0x00006b48       0x9c ./FreeRTOS/freertos_kernel/timers.o
 .text.prvProcessTimerOrBlockTask
                0x00006be4       0x9c ./FreeRTOS/freertos_kernel/timers.o
 .text.prvGetNextExpireTime
                0x00006c80       0x48 ./FreeRTOS/freertos_kernel/timers.o
 .text.prvSampleTimeNow
                0x00006cc8       0x40 ./FreeRTOS/freertos_kernel/timers.o
 .text.prvInsertTimerInActiveList
                0x00006d08       0x84 ./FreeRTOS/freertos_kernel/timers.o
 .text.prvProcessReceivedCommands
                0x00006d8c      0x1cc ./FreeRTOS/freertos_kernel/timers.o
 .text.prvSwitchTimerLists
                0x00006f58       0xcc ./FreeRTOS/freertos_kernel/timers.o
 .text.prvCheckForValidListAndQueue
                0x00007024       0x6c ./FreeRTOS/freertos_kernel/timers.o
 .text.__assertion_failed
                0x00007090       0x4c C:/NXP/MCUXpressoIDE_25.6.136/ide/plugins/com.nxp.mcuxpresso.tools.win32_25.6.0.202501151204/tools/bin/../lib/gcc/arm-none-eabi/14.2.1/../../../../arm-none-eabi/lib/thumb/v7e-m+fp/hard\libcr_nohost_nf.a(_cr_assert.o)
                0x00007090                __assertion_failed
 .text._Cwritebuf
                0x000070dc       0x70 C:/NXP/MCUXpressoIDE_25.6.136/ide/plugins/com.nxp.mcuxpresso.tools.win32_25.6.0.202501151204/tools/bin/../lib/gcc/arm-none-eabi/14.2.1/../../../../arm-none-eabi/lib/thumb/v7e-m+fp/hard\libcr_c.a(_writebuf.o)
                0x000070dc                _Cwritebuf
 .text.malloc   0x0000714c       0xc8 C:/NXP/MCUXpressoIDE_25.6.136/ide/plugins/com.nxp.mcuxpresso.tools.win32_25.6.0.202501151204/tools/bin/../lib/gcc/arm-none-eabi/14.2.1/../../../../arm-none-eabi/lib/thumb/v7e-m+fp/hard\libcr_c.a(alloc.o)
                0x0000714c                malloc
 .text._Csys_alloc
                0x00007214       0x20 C:/NXP/MCUXpressoIDE_25.6.136/ide/plugins/com.nxp.mcuxpresso.tools.win32_25.6.0.202501151204/tools/bin/../lib/gcc/arm-none-eabi/14.2.1/../../../../arm-none-eabi/lib/thumb/v7e-m+fp/hard\libcr_c.a(alloc.o)
                0x00007214                _Csys_alloc
 .text.fseek    0x00007234       0xf8 C:/NXP/MCUXpressoIDE_25.6.136/ide/plugins/com.nxp.mcuxpresso.tools.win32_25.6.0.202501151204/tools/bin/../lib/gcc/arm-none-eabi/14.2.1/../../../../arm-none-eabi/lib/thumb/v7e-m+fp/hard\libcr_c.a(fseek.o)
                0x00007234                fseek
 .text.ftell    0x0000732c       0x44 C:/NXP/MCUXpressoIDE_25.6.136/ide/plugins/com.nxp.mcuxpresso.tools.win32_25.6.0.202501151204/tools/bin/../lib/gcc/arm-none-eabi/14.2.1/../../../../arm-none-eabi/lib/thumb/v7e-m+fp/hard\libcr_c.a(ftell.o)
                0x0000732c                ftell
 .text._initio  0x00007370       0x78 C:/NXP/MCUXpressoIDE_25.6.136/ide/plugins/com.nxp.mcuxpresso.tools.win32_25.6.0.202501151204/tools/bin/../lib/gcc/arm-none-eabi/14.2.1/../../../../arm-none-eabi/lib/thumb/v7e-m+fp/hard\libcr_c.a(initio.o)
                0x00007370                _initio
 .text.__vfprintf
                0x000073e8      0xb6c C:/NXP/MCUXpressoIDE_25.6.136/ide/plugins/com.nxp.mcuxpresso.tools.win32_25.6.0.202501151204/tools/bin/../lib/gcc/arm-none-eabi/14.2.1/../../../../arm-none-eabi/lib/thumb/v7e-m+fp/hard\libcr_c.a(printf.o)
                0x000073e8                __vfprintf
 .text._sprintf
                0x00007f54       0x6c C:/NXP/MCUXpressoIDE_25.6.136/ide/plugins/com.nxp.mcuxpresso.tools.win32_25.6.0.202501151204/tools/bin/../lib/gcc/arm-none-eabi/14.2.1/../../../../arm-none-eabi/lib/thumb/v7e-m+fp/hard\libcr_c.a(printf.o)
                0x00007f54                _sprintf
 .text._sbrk    0x00007fc0       0x3c C:/NXP/MCUXpressoIDE_25.6.136/ide/plugins/com.nxp.mcuxpresso.tools.win32_25.6.0.202501151204/tools/bin/../lib/gcc/arm-none-eabi/14.2.1/../../../../arm-none-eabi/lib/thumb/v7e-m+fp/hard\libcr_c.a(_cr_sbrk.o)
                0x00007fc0                _sbrk
 .text.fflush   0x00007ffc       0x3c C:/NXP/MCUXpressoIDE_25.6.136/ide/plugins/com.nxp.mcuxpresso.tools.win32_25.6.0.202501151204/tools/bin/../lib/gcc/arm-none-eabi/14.2.1/../../../../arm-none-eabi/lib/thumb/v7e-m+fp/hard\libcr_c.a(fflush.o)
                0x00007ffc                fflush
 .text.__check_heap_overflow
                0x00008038       0x18 C:/NXP/MCUXpressoIDE_25.6.136/ide/plugins/com.nxp.mcuxpresso.tools.win32_25.6.0.202501151204/tools/bin/../lib/gcc/arm-none-eabi/14.2.1/../../../../arm-none-eabi/lib/thumb/v7e-m+fp/hard\libcr_c.a(_cr_check_heap.o)
                0x00008038                __check_heap_overflow
 .text.DMA0_IRQHandler
                0x00008050        0x8 ./startup/startup_mk64f12.o
                0x00008050                DMA0_IRQHandler
 .text.DMA1_IRQHandler
                0x00008058        0x8 ./startup/startup_mk64f12.o
                0x00008058                DMA1_IRQHandler
 .text.DMA2_IRQHandler
                0x00008060        0x8 ./startup/startup_mk64f12.o
                0x00008060                DMA2_IRQHandler
 .text.DMA3_IRQHandler
                0x00008068        0x8 ./startup/startup_mk64f12.o
                0x00008068                DMA3_IRQHandler
 .text.DMA4_IRQHandler
                0x00008070        0x8 ./startup/startup_mk64f12.o
                0x00008070                DMA4_IRQHandler
 .text.DMA5_IRQHandler
                0x00008078        0x8 ./startup/startup_mk64f12.o
                0x00008078                DMA5_IRQHandler
 .text.DMA6_IRQHandler
                0x00008080        0x8 ./startup/startup_mk64f12.o
                0x00008080                DMA6_IRQHandler
 .text.DMA7_IRQHandler
                0x00008088        0x8 ./startup/startup_mk64f12.o
                0x00008088                DMA7_IRQHandler
 .text.DMA8_IRQHandler
                0x00008090        0x8 ./startup/startup_mk64f12.o
                0x00008090                DMA8_IRQHandler
 .text.DMA9_IRQHandler
                0x00008098        0x8 ./startup/startup_mk64f12.o
                0x00008098                DMA9_IRQHandler
 .text.DMA10_IRQHandler
                0x000080a0        0x8 ./startup/startup_mk64f12.o
                0x000080a0                DMA10_IRQHandler
 .text.DMA11_IRQHandler
                0x000080a8        0x8 ./startup/startup_mk64f12.o
                0x000080a8                DMA11_IRQHandler
 .text.DMA12_IRQHandler
                0x000080b0        0x8 ./startup/startup_mk64f12.o
                0x000080b0                DMA12_IRQHandler
 .text.DMA13_IRQHandler
                0x000080b8        0x8 ./startup/startup_mk64f12.o
                0x000080b8                DMA13_IRQHandler
 .text.DMA14_IRQHandler
                0x000080c0        0x8 ./startup/startup_mk64f12.o
                0x000080c0                DMA14_IRQHandler
 .text.DMA15_IRQHandler
                0x000080c8        0x8 ./startup/startup_mk64f12.o
                0x000080c8                DMA15_IRQHandler
 .text.DMA_Error_IRQHandler
                0x000080d0        0x8 ./startup/startup_mk64f12.o
                0x000080d0                DMA_Error_IRQHandler
 .text.MCM_IRQHandler
                0x000080d8        0x8 ./startup/startup_mk64f12.o
                0x000080d8                MCM_IRQHandler
 .text.FTFE_IRQHandler
                0x000080e0        0x8 ./startup/startup_mk64f12.o
                0x000080e0                FTFE_IRQHandler
 .text.Read_Collision_IRQHandler
                0x000080e8        0x8 ./startup/startup_mk64f12.o
                0x000080e8                Read_Collision_IRQHandler
 .text.LVD_LVW_IRQHandler
                0x000080f0        0x8 ./startup/startup_mk64f12.o
                0x000080f0                LVD_LVW_IRQHandler
 .text.LLWU_IRQHandler
                0x000080f8        0x8 ./startup/startup_mk64f12.o
                0x000080f8                LLWU_IRQHandler
 .text.WDOG_EWM_IRQHandler
                0x00008100        0x8 ./startup/startup_mk64f12.o
                0x00008100                WDOG_EWM_IRQHandler
 .text.RNG_IRQHandler
                0x00008108        0x8 ./startup/startup_mk64f12.o
                0x00008108                RNG_IRQHandler
 .text.I2C0_IRQHandler
                0x00008110        0x8 ./startup/startup_mk64f12.o
                0x00008110                I2C0_IRQHandler
 .text.I2C1_IRQHandler
                0x00008118        0x8 ./startup/startup_mk64f12.o
                0x00008118                I2C1_IRQHandler
 .text.SPI0_IRQHandler
                0x00008120        0x8 ./startup/startup_mk64f12.o
                0x00008120                SPI0_IRQHandler
 .text.SPI1_IRQHandler
                0x00008128        0x8 ./startup/startup_mk64f12.o
                0x00008128                SPI1_IRQHandler
 .text.I2S0_Tx_IRQHandler
                0x00008130        0x8 ./startup/startup_mk64f12.o
                0x00008130                I2S0_Tx_IRQHandler
 .text.I2S0_Rx_IRQHandler
                0x00008138        0x8 ./startup/startup_mk64f12.o
                0x00008138                I2S0_Rx_IRQHandler
 .text.UART0_LON_IRQHandler
                0x00008140        0x8 ./startup/startup_mk64f12.o
                0x00008140                UART0_LON_IRQHandler
 .text.UART0_RX_TX_IRQHandler
                0x00008148        0x8 ./startup/startup_mk64f12.o
                0x00008148                UART0_RX_TX_IRQHandler
 .text.UART0_ERR_IRQHandler
                0x00008150        0x8 ./startup/startup_mk64f12.o
                0x00008150                UART0_ERR_IRQHandler
 .text.UART1_RX_TX_IRQHandler
                0x00008158        0x8 ./startup/startup_mk64f12.o
                0x00008158                UART1_RX_TX_IRQHandler
 .text.UART1_ERR_IRQHandler
                0x00008160        0x8 ./startup/startup_mk64f12.o
                0x00008160                UART1_ERR_IRQHandler
 .text.UART2_RX_TX_IRQHandler
                0x00008168        0x8 ./startup/startup_mk64f12.o
                0x00008168                UART2_RX_TX_IRQHandler
 .text.UART2_ERR_IRQHandler
                0x00008170        0x8 ./startup/startup_mk64f12.o
                0x00008170                UART2_ERR_IRQHandler
 .text.UART3_RX_TX_IRQHandler
                0x00008178        0x8 ./startup/startup_mk64f12.o
                0x00008178                UART3_RX_TX_IRQHandler
 .text.UART3_ERR_IRQHandler
                0x00008180        0x8 ./startup/startup_mk64f12.o
                0x00008180                UART3_ERR_IRQHandler
 .text.ADC0_IRQHandler
                0x00008188        0x8 ./startup/startup_mk64f12.o
                0x00008188                ADC0_IRQHandler
 .text.CMP0_IRQHandler
                0x00008190        0x8 ./startup/startup_mk64f12.o
                0x00008190                CMP0_IRQHandler
 .text.CMP1_IRQHandler
                0x00008198        0x8 ./startup/startup_mk64f12.o
                0x00008198                CMP1_IRQHandler
 .text.FTM0_IRQHandler
                0x000081a0        0x8 ./startup/startup_mk64f12.o
                0x000081a0                FTM0_IRQHandler
 .text.FTM1_IRQHandler
                0x000081a8        0x8 ./startup/startup_mk64f12.o
                0x000081a8                FTM1_IRQHandler
 .text.FTM2_IRQHandler
                0x000081b0        0x8 ./startup/startup_mk64f12.o
                0x000081b0                FTM2_IRQHandler
 .text.CMT_IRQHandler
                0x000081b8        0x8 ./startup/startup_mk64f12.o
                0x000081b8                CMT_IRQHandler
 .text.RTC_IRQHandler
                0x000081c0        0x8 ./startup/startup_mk64f12.o
                0x000081c0                RTC_IRQHandler
 .text.RTC_Seconds_IRQHandler
                0x000081c8        0x8 ./startup/startup_mk64f12.o
                0x000081c8                RTC_Seconds_IRQHandler
 .text.PIT0_IRQHandler
                0x000081d0        0x8 ./startup/startup_mk64f12.o
                0x000081d0                PIT0_IRQHandler
 .text.PIT1_IRQHandler
                0x000081d8        0x8 ./startup/startup_mk64f12.o
                0x000081d8                PIT1_IRQHandler
 .text.PIT2_IRQHandler
                0x000081e0        0x8 ./startup/startup_mk64f12.o
                0x000081e0                PIT2_IRQHandler
 .text.PIT3_IRQHandler
                0x000081e8        0x8 ./startup/startup_mk64f12.o
                0x000081e8                PIT3_IRQHandler
 .text.PDB0_IRQHandler
                0x000081f0        0x8 ./startup/startup_mk64f12.o
                0x000081f0                PDB0_IRQHandler
 .text.USB0_IRQHandler
                0x000081f8        0x8 ./startup/startup_mk64f12.o
                0x000081f8                USB0_IRQHandler
 .text.USBDCD_IRQHandler
                0x00008200        0x8 ./startup/startup_mk64f12.o
                0x00008200                USBDCD_IRQHandler
 .text.Reserved71_IRQHandler
                0x00008208        0x8 ./startup/startup_mk64f12.o
                0x00008208                Reserved71_IRQHandler
 .text.DAC0_IRQHandler
                0x00008210        0x8 ./startup/startup_mk64f12.o
                0x00008210                DAC0_IRQHandler
 .text.MCG_IRQHandler
                0x00008218        0x8 ./startup/startup_mk64f12.o
                0x00008218                MCG_IRQHandler
 .text.LPTMR0_IRQHandler
                0x00008220        0x8 ./startup/startup_mk64f12.o
                0x00008220                LPTMR0_IRQHandler
 .text.PORTA_IRQHandler
                0x00008228        0x8 ./startup/startup_mk64f12.o
                0x00008228                PORTA_IRQHandler
 .text.PORTB_IRQHandler
                0x00008230        0x8 ./startup/startup_mk64f12.o
                0x00008230                PORTB_IRQHandler
 .text.PORTC_IRQHandler
                0x00008238        0x8 ./startup/startup_mk64f12.o
                0x00008238                PORTC_IRQHandler
 .text.PORTD_IRQHandler
                0x00008240        0x8 ./startup/startup_mk64f12.o
                0x00008240                PORTD_IRQHandler
 .text.PORTE_IRQHandler
                0x00008248        0x8 ./startup/startup_mk64f12.o
                0x00008248                PORTE_IRQHandler
 .text.SWI_IRQHandler
                0x00008250        0x8 ./startup/startup_mk64f12.o
                0x00008250                SWI_IRQHandler
 .text.SPI2_IRQHandler
                0x00008258        0x8 ./startup/startup_mk64f12.o
                0x00008258                SPI2_IRQHandler
 .text.UART4_RX_TX_IRQHandler
                0x00008260        0x8 ./startup/startup_mk64f12.o
                0x00008260                UART4_RX_TX_IRQHandler
 .text.UART4_ERR_IRQHandler
                0x00008268        0x8 ./startup/startup_mk64f12.o
                0x00008268                UART4_ERR_IRQHandler
 .text.UART5_RX_TX_IRQHandler
                0x00008270        0x8 ./startup/startup_mk64f12.o
                0x00008270                UART5_RX_TX_IRQHandler
 .text.UART5_ERR_IRQHandler
                0x00008278        0x8 ./startup/startup_mk64f12.o
                0x00008278                UART5_ERR_IRQHandler
 .text.CMP2_IRQHandler
                0x00008280        0x8 ./startup/startup_mk64f12.o
                0x00008280                CMP2_IRQHandler
 .text.FTM3_IRQHandler
                0x00008288        0x8 ./startup/startup_mk64f12.o
                0x00008288                FTM3_IRQHandler
 .text.DAC1_IRQHandler
                0x00008290        0x8 ./startup/startup_mk64f12.o
                0x00008290                DAC1_IRQHandler
 .text.ADC1_IRQHandler
                0x00008298        0x8 ./startup/startup_mk64f12.o
                0x00008298                ADC1_IRQHandler
 .text.I2C2_IRQHandler
                0x000082a0        0x8 ./startup/startup_mk64f12.o
                0x000082a0                I2C2_IRQHandler
 .text.CAN0_ORed_Message_buffer_IRQHandler
                0x000082a8        0x8 ./startup/startup_mk64f12.o
                0x000082a8                CAN0_ORed_Message_buffer_IRQHandler
 .text.CAN0_Bus_Off_IRQHandler
                0x000082b0        0x8 ./startup/startup_mk64f12.o
                0x000082b0                CAN0_Bus_Off_IRQHandler
 .text.CAN0_Error_IRQHandler
                0x000082b8        0x8 ./startup/startup_mk64f12.o
                0x000082b8                CAN0_Error_IRQHandler
 .text.CAN0_Tx_Warning_IRQHandler
                0x000082c0        0x8 ./startup/startup_mk64f12.o
                0x000082c0                CAN0_Tx_Warning_IRQHandler
 .text.CAN0_Rx_Warning_IRQHandler
                0x000082c8        0x8 ./startup/startup_mk64f12.o
                0x000082c8                CAN0_Rx_Warning_IRQHandler
 .text.CAN0_Wake_Up_IRQHandler
                0x000082d0        0x8 ./startup/startup_mk64f12.o
                0x000082d0                CAN0_Wake_Up_IRQHandler
 .text.SDHC_IRQHandler
                0x000082d8        0x8 ./startup/startup_mk64f12.o
                0x000082d8                SDHC_IRQHandler
 .text.ENET_1588_Timer_IRQHandler
                0x000082e0        0x8 ./startup/startup_mk64f12.o
                0x000082e0                ENET_1588_Timer_IRQHandler
 .text.ENET_Transmit_IRQHandler
                0x000082e8        0x8 ./startup/startup_mk64f12.o
                0x000082e8                ENET_Transmit_IRQHandler
 .text.ENET_Receive_IRQHandler
                0x000082f0        0x8 ./startup/startup_mk64f12.o
                0x000082f0                ENET_Receive_IRQHandler
 .text.ENET_Error_IRQHandler
                0x000082f8        0x8 ./startup/startup_mk64f12.o
                0x000082f8                ENET_Error_IRQHandler
 .text.Init     0x00008300       0x18 ./source/INIT_HAL.o
                0x00008300                Init
 .text.UART_Write_NonBlocking
                0x00008318       0x22 ./source/UART_HAL.o
                0x00008318                UART_Write_NonBlocking
 .text.ENET_ActiveRead
                0x0000833a       0x1c ./source/enet_raw.o
 .text.PHY_Init
                0x00008356       0x20 ./source/enet_raw.o
 .text.PHY_GetAutoNegotiationStatus
                0x00008376       0x20 ./source/enet_raw.o
 .text.PHY_GetLinkStatus
                0x00008396       0x20 ./source/enet_raw.o
 .text.PHY_GetLinkSpeedDuplex
                0x000083b6       0x24 ./source/enet_raw.o
 .text.SYSMPU_Enable
                0x000083da       0x38 ./source/enet_raw.o
 .text.enet_raw_release_frame
                0x00008412       0x3c ./source/enet_raw.o
                0x00008412                enet_raw_release_frame
 .text.enet_raw_is_link_up
                0x0000844e       0x34 ./source/enet_raw.o
                0x0000844e                enet_raw_is_link_up
 .text.enet_raw_get_stats
                0x00008482       0x36 ./source/enet_raw.o
                0x00008482                enet_raw_get_stats
 .text.enet_raw_reset_stats
                0x000084b8       0x24 ./source/enet_raw.o
                0x000084b8                enet_raw_reset_stats
 .text.HardFault_Handler
                0x000084dc       0x36 ./source/semihost_hardfault.o
                0x000084dc                HardFault_Handler
 .text.MDIO_Init
                0x00008512       0x1a ./phy/fsl_phyksz8081.o
 .text.MDIO_Write
                0x0000852c       0x28 ./phy/fsl_phyksz8081.o
 .text.MDIO_Read
                0x00008554       0x28 ./phy/fsl_phyksz8081.o
 .text.PHY_KSZ8081_Write
                0x0000857c       0x26 ./phy/fsl_phyksz8081.o
                0x0000857c                PHY_KSZ8081_Write
 .text.PHY_KSZ8081_Read
                0x000085a2       0x26 ./phy/fsl_phyksz8081.o
                0x000085a2                PHY_KSZ8081_Read
 .text.CLOCK_EnableClock
                0x000085c8       0x34 ./mdio/fsl_enet_mdio.o
 .text.ENET_ReadSMIData
                0x000085fc       0x1a ./mdio/fsl_enet_mdio.o
 .text.ENET_GetInterruptStatus
                0x00008616       0x18 ./mdio/fsl_enet_mdio.o
 .text.ENET_ClearInterruptStatus
                0x0000862e       0x1c ./mdio/fsl_enet_mdio.o
 .text.ENET_MDIO_Write
                0x0000864a       0x5c ./mdio/fsl_enet_mdio.o
 .text.ENET_MDIO_WaitTransferOver
                0x000086a6       0x2a ./mdio/fsl_enet_mdio.o
 .text.CLOCK_EnableClock
                0x000086d0       0x34 ./drivers/fsl_clock.o
 .text.CLOCK_DisableClock
                0x00008704       0x38 ./drivers/fsl_clock.o
 .text.OSC_SetExtRefClkConfig
                0x0000873c       0x34 ./drivers/fsl_clock.o
 .text.OSC_SetCapLoad
                0x00008770       0x34 ./drivers/fsl_clock.o
 .text.CLOCK_GetPll0RefFreq
                0x000087a4        0xe ./drivers/fsl_clock.o
 .text.CLOCK_GetFixedFreqClkFreq
                0x000087b2       0x34 ./drivers/fsl_clock.o
                0x000087b2                CLOCK_GetFixedFreqClkFreq
 .text.CLOCK_EnableClock
                0x000087e6       0x34 ./drivers/fsl_enet.o
 .text.CLOCK_DisableClock
                0x0000881a       0x38 ./drivers/fsl_enet.o
 .text.EnableIRQ
                0x00008852       0x32 ./drivers/fsl_enet.o
 .text.DisableGlobalIRQ
                0x00008884       0x22 ./drivers/fsl_enet.o
 .text.EnableGlobalIRQ
                0x000088a6       0x20 ./drivers/fsl_enet.o
 .text.ENET_Reset
                0x000088c6       0x20 ./drivers/fsl_enet.o
 .text.ENET_GetSMI
                0x000088e6       0x26 ./drivers/fsl_enet.o
 .text.ENET_EnableSleepMode
                0x0000890c       0x38 ./drivers/fsl_enet.o
 .text.ENET_EnableInterrupts
                0x00008944       0x22 ./drivers/fsl_enet.o
 .text.ENET_SetMacAddr
                0x00008966       0x5e ./drivers/fsl_enet.o
                0x00008966                ENET_SetMacAddr
 .text.ENET_StartSMIWrite
                0x000089c4       0x50 ./drivers/fsl_enet.o
                0x000089c4                ENET_StartSMIWrite
 .text.ENET_StartSMIRead
                0x00008a14       0x4a ./drivers/fsl_enet.o
                0x00008a14                ENET_StartSMIRead
 .text.ENET_TxDirtyRingAvailable
                0x00008a5e       0x2e ./drivers/fsl_enet.o
 .text.CLOCK_EnableClock
                0x00008a8c       0x34 ./drivers/fsl_flexcan.o
 .text.FLEXCAN_Enable
                0x00008ac0       0x54 ./drivers/fsl_flexcan.o
 .text.FLEXCAN_EnterFreezeMode
                0x00008b14       0x3c ./drivers/fsl_flexcan.o
                0x00008b14                FLEXCAN_EnterFreezeMode
 .text.FLEXCAN_ExitFreezeMode
                0x00008b50       0x3c ./drivers/fsl_flexcan.o
                0x00008b50                FLEXCAN_ExitFreezeMode
 .text.FLEXCAN_IsMbOccupied
                0x00008b8c       0x52 ./drivers/fsl_flexcan.o
 .text.CLOCK_EnableClock
                0x00008bde       0x34 ./drivers/fsl_uart.o
 .text.UART_WriteBlocking
                0x00008c12       0x50 ./drivers/fsl_uart.o
                0x00008c12                UART_WriteBlocking
 .text.UART0_RX_TX_DriverIRQHandler
                0x00008c62       0x12 ./drivers/fsl_uart.o
                0x00008c62                UART0_RX_TX_DriverIRQHandler
 .text.UART1_RX_TX_DriverIRQHandler
                0x00008c74       0x12 ./drivers/fsl_uart.o
                0x00008c74                UART1_RX_TX_DriverIRQHandler
 .text.UART2_RX_TX_DriverIRQHandler
                0x00008c86       0x12 ./drivers/fsl_uart.o
                0x00008c86                UART2_RX_TX_DriverIRQHandler
 .text.UART3_RX_TX_DriverIRQHandler
                0x00008c98       0x12 ./drivers/fsl_uart.o
                0x00008c98                UART3_RX_TX_DriverIRQHandler
 .text.UART4_RX_TX_DriverIRQHandler
                0x00008caa       0x12 ./drivers/fsl_uart.o
                0x00008caa                UART4_RX_TX_DriverIRQHandler
 .text.UART5_RX_TX_DriverIRQHandler
                0x00008cbc       0x12 ./drivers/fsl_uart.o
                0x00008cbc                UART5_RX_TX_DriverIRQHandler
 .text.SystemInitHook
                0x00008cce        0xe ./device/system_MK64F12.o
                0x00008cce                SystemInitHook
 .text.HAL_UartGetStatus
                0x00008cdc       0x22 ./component/uart/fsl_adapter_uart.o
 .text.DisableGlobalIRQ
                0x00008cfe       0x22 ./component/serial_manager/fsl_component_serial_manager.o
 .text.EnableGlobalIRQ
                0x00008d20       0x20 ./component/serial_manager/fsl_component_serial_manager.o
 .text.SerialManager_Init
                0x00008d40       0x60 ./component/serial_manager/fsl_component_serial_manager.o
                0x00008d40                SerialManager_Init
 .text.SerialManager_OpenWriteHandle
                0x00008da0       0x50 ./component/serial_manager/fsl_component_serial_manager.o
                0x00008da0                SerialManager_OpenWriteHandle
 .text.SerialManager_OpenReadHandle
                0x00008df0       0x60 ./component/serial_manager/fsl_component_serial_manager.o
                0x00008df0                SerialManager_OpenReadHandle
 .text.Serial_UartInit
                0x00008e50       0x3e ./component/serial_manager/fsl_component_serial_port_uart.o
                0x00008e50                Serial_UartInit
 .text.BOARD_InitDebugConsole
                0x00008e8e       0x22 ./board/board.o
                0x00008e8e                BOARD_InitDebugConsole
 .text.BOARD_InitBootClocks
                0x00008eb0        0xc ./board/clock_config.o
                0x00008eb0                BOARD_InitBootClocks
 .text.BOARD_InitPeripherals
                0x00008ebc       0x10 ./board/peripherals.o
                0x00008ebc                BOARD_InitPeripherals
 .text.BOARD_InitBootPeripherals
                0x00008ecc        0xc ./board/peripherals.o
                0x00008ecc                BOARD_InitBootPeripherals
 .text.CLOCK_EnableClock
                0x00008ed8       0x34 ./board/pin_mux.o
 .text.PORT_SetPinMux
                0x00008f0c       0x3a ./board/pin_mux.o
 .text.BOARD_InitBootPins
                0x00008f46       0x10 ./board/pin_mux.o
                0x00008f46                BOARD_InitBootPins
 .text.vListInitialise
                0x00008f56       0x40 ./FreeRTOS/freertos_kernel/list.o
                0x00008f56                vListInitialise
 .text.vListInitialiseItem
                0x00008f96       0x1a ./FreeRTOS/freertos_kernel/list.o
                0x00008f96                vListInitialiseItem
 .text.vListInsertEnd
                0x00008fb0       0x48 ./FreeRTOS/freertos_kernel/list.o
                0x00008fb0                vListInsertEnd
 .text.vListInsert
                0x00008ff8       0x72 ./FreeRTOS/freertos_kernel/list.o
                0x00008ff8                vListInsert
 .text.uxListRemove
                0x0000906a       0x54 ./FreeRTOS/freertos_kernel/list.o
                0x0000906a                uxListRemove
 .text.xQueueGenericCreate
                0x000090be       0xc4 ./FreeRTOS/freertos_kernel/queue.o
                0x000090be                xQueueGenericCreate
 .text.prvInitialiseNewQueue
                0x00009182       0x46 ./FreeRTOS/freertos_kernel/queue.o
 .text.prvInitialiseMutex
                0x000091c8       0x34 ./FreeRTOS/freertos_kernel/queue.o
 .text.xQueueCreateMutex
                0x000091fc       0x30 ./FreeRTOS/freertos_kernel/queue.o
                0x000091fc                xQueueCreateMutex
 .text.xQueueGenericSendFromISR
                0x0000922c      0x15c ./FreeRTOS/freertos_kernel/queue.o
                0x0000922c                xQueueGenericSendFromISR
 .text.xQueueGiveFromISR
                0x00009388      0x140 ./FreeRTOS/freertos_kernel/queue.o
                0x00009388                xQueueGiveFromISR
 .text.vQueueDelete
                0x000094c8       0x3e ./FreeRTOS/freertos_kernel/queue.o
                0x000094c8                vQueueDelete
 .text.prvGetDisinheritPriorityAfterTimeout
                0x00009506       0x30 ./FreeRTOS/freertos_kernel/queue.o
 .text.prvCopyDataToQueue
                0x00009536       0xd4 ./FreeRTOS/freertos_kernel/queue.o
 .text.prvCopyDataFromQueue
                0x0000960a       0x4c ./FreeRTOS/freertos_kernel/queue.o
 .text.prvUnlockQueue
                0x00009656       0xa4 ./FreeRTOS/freertos_kernel/queue.o
 .text.prvIsQueueEmpty
                0x000096fa       0x2c ./FreeRTOS/freertos_kernel/queue.o
 .text.prvIsQueueFull
                0x00009726       0x30 ./FreeRTOS/freertos_kernel/queue.o
 .text.vQueueWaitForMessageRestricted
                0x00009756       0x68 ./FreeRTOS/freertos_kernel/queue.o
                0x00009756                vQueueWaitForMessageRestricted
 .text.xTaskCreate
                0x000097be       0x82 ./FreeRTOS/freertos_kernel/tasks.o
                0x000097be                xTaskCreate
 .text.prvInitialiseNewTask
                0x00009840      0x13c ./FreeRTOS/freertos_kernel/tasks.o
 .text.prvDeleteTCB
                0x0000997c       0x20 ./FreeRTOS/freertos_kernel/tasks.o
 .text.prvTimerTask
                0x0000999c       0x26 ./FreeRTOS/freertos_kernel/timers.o
 .text.__main   0x000099c2        0xe C:/NXP/MCUXpressoIDE_25.6.136/ide/plugins/com.nxp.mcuxpresso.tools.win32_25.6.0.202501151204/tools/bin/../lib/gcc/arm-none-eabi/14.2.1/../../../../arm-none-eabi/lib/thumb/v7e-m+fp/hard\libcr_nohost_nf.a(_cr__main.o)
                0x000099c2                __main
 .text.__sys_appexit
                0x000099d0        0x2 C:/NXP/MCUXpressoIDE_25.6.136/ide/plugins/com.nxp.mcuxpresso.tools.win32_25.6.0.202501151204/tools/bin/../lib/gcc/arm-none-eabi/14.2.1/../../../../arm-none-eabi/lib/thumb/v7e-m+fp/hard\libcr_nohost_nf.a(__sys_appexit.o)
                0x000099d0                __sys_appexit
                0x000099d0                __exit
 .text.memcpy   0x000099d2        0x4 C:/NXP/MCUXpressoIDE_25.6.136/ide/plugins/com.nxp.mcuxpresso.tools.win32_25.6.0.202501151204/tools/bin/../lib/gcc/arm-none-eabi/14.2.1/../../../../arm-none-eabi/lib/thumb/v7e-m+fp/hard\libcr_c.a(memcpy.o)
                0x000099d2                memcpy
 .text.memset   0x000099d6        0x4 C:/NXP/MCUXpressoIDE_25.6.136/ide/plugins/com.nxp.mcuxpresso.tools.win32_25.6.0.202501151204/tools/bin/../lib/gcc/arm-none-eabi/14.2.1/../../../../arm-none-eabi/lib/thumb/v7e-m+fp/hard\libcr_c.a(memset.o)
                0x000099d6                memset
 .text._deferredlazyseek
                0x000099da       0x40 C:/NXP/MCUXpressoIDE_25.6.136/ide/plugins/com.nxp.mcuxpresso.tools.win32_25.6.0.202501151204/tools/bin/../lib/gcc/arm-none-eabi/14.2.1/../../../../arm-none-eabi/lib/thumb/v7e-m+fp/hard\libcr_c.a(_deferredlazyseek.o)
                0x000099da                _deferredlazyseek
 .text.__flsbuf
                0x00009a1a      0x12a C:/NXP/MCUXpressoIDE_25.6.136/ide/plugins/com.nxp.mcuxpresso.tools.win32_25.6.0.202501151204/tools/bin/../lib/gcc/arm-none-eabi/14.2.1/../../../../arm-none-eabi/lib/thumb/v7e-m+fp/hard\libcr_c.a(_deferredlazyseek.o)
                0x00009a1a                __flsbuf
 .text._fflush  0x00009b44       0x52 C:/NXP/MCUXpressoIDE_25.6.136/ide/plugins/com.nxp.mcuxpresso.tools.win32_25.6.0.202501151204/tools/bin/../lib/gcc/arm-none-eabi/14.2.1/../../../../arm-none-eabi/lib/thumb/v7e-m+fp/hard\libcr_c.a(_fflush.o)
                0x00009b44                _fflush
 .text.free     0x00009b96       0x30 C:/NXP/MCUXpressoIDE_25.6.136/ide/plugins/com.nxp.mcuxpresso.tools.win32_25.6.0.202501151204/tools/bin/../lib/gcc/arm-none-eabi/14.2.1/../../../../arm-none-eabi/lib/thumb/v7e-m+fp/hard\libcr_c.a(alloc.o)
                0x00009b96                free
 .text.fputs    0x00009bc6       0x2c C:/NXP/MCUXpressoIDE_25.6.136/ide/plugins/com.nxp.mcuxpresso.tools.win32_25.6.0.202501151204/tools/bin/../lib/gcc/arm-none-eabi/14.2.1/../../../../arm-none-eabi/lib/thumb/v7e-m+fp/hard\libcr_c.a(fputs.o)
                0x00009bc6                fputs
 .text.no_fp_display
                0x00009bf2        0x4 C:/NXP/MCUXpressoIDE_25.6.136/ide/plugins/com.nxp.mcuxpresso.tools.win32_25.6.0.202501151204/tools/bin/../lib/gcc/arm-none-eabi/14.2.1/../../../../arm-none-eabi/lib/thumb/v7e-m+fp/hard\libcr_c.a(printf.o)
 .text.setvbuf  0x00009bf6       0x3e C:/NXP/MCUXpressoIDE_25.6.136/ide/plugins/com.nxp.mcuxpresso.tools.win32_25.6.0.202501151204/tools/bin/../lib/gcc/arm-none-eabi/14.2.1/../../../../arm-none-eabi/lib/thumb/v7e-m+fp/hard\libcr_c.a(setvbuf.o)
                0x00009bf6                setvbuf
 .text.strlen   0x00009c34       0x4e C:/NXP/MCUXpressoIDE_25.6.136/ide/plugins/com.nxp.mcuxpresso.tools.win32_25.6.0.202501151204/tools/bin/../lib/gcc/arm-none-eabi/14.2.1/../../../../arm-none-eabi/lib/thumb/v7e-m+fp/hard\libcr_c.a(strlen.o)
                0x00009c34                strlen
 .text._fdopen  0x00009c82       0x68 C:/NXP/MCUXpressoIDE_25.6.136/ide/plugins/com.nxp.mcuxpresso.tools.win32_25.6.0.202501151204/tools/bin/../lib/gcc/arm-none-eabi/14.2.1/../../../../arm-none-eabi/lib/thumb/v7e-m+fp/hard\libcr_c.a(_fdopen.o)
                0x00009c82                _fdopen
 .text.fclose   0x00009cea       0x58 C:/NXP/MCUXpressoIDE_25.6.136/ide/plugins/com.nxp.mcuxpresso.tools.win32_25.6.0.202501151204/tools/bin/../lib/gcc/arm-none-eabi/14.2.1/../../../../arm-none-eabi/lib/thumb/v7e-m+fp/hard\libcr_c.a(fclose.o)
                0x00009cea                fclose
 .text.remove   0x00009d42       0x14 C:/NXP/MCUXpressoIDE_25.6.136/ide/plugins/com.nxp.mcuxpresso.tools.win32_25.6.0.202501151204/tools/bin/../lib/gcc/arm-none-eabi/14.2.1/../../../../arm-none-eabi/lib/thumb/v7e-m+fp/hard\libcr_c.a(remove.o)
                0x00009d42                remove
 .text._do_fflush
                0x00009d56       0x40 C:/NXP/MCUXpressoIDE_25.6.136/ide/plugins/com.nxp.mcuxpresso.tools.win32_25.6.0.202501151204/tools/bin/../lib/gcc/arm-none-eabi/14.2.1/../../../../arm-none-eabi/lib/thumb/v7e-m+fp/hard\libcr_c.a(_do_fflush.o)
                0x00009d56                _do_fflush
 .text.__aeabi_memcpy
                0x00009d96       0x34 C:/NXP/MCUXpressoIDE_25.6.136/ide/plugins/com.nxp.mcuxpresso.tools.win32_25.6.0.202501151204/tools/bin/../lib/gcc/arm-none-eabi/14.2.1/thumb/v7e-m+fp/hard\libcr_eabihelpers.a(memcpy.o)
                0x00009d96                __aeabi_memcpy
                0x00009da0                __aeabi_memcpy8
                0x00009da0                __aeabi_memcpy4
 .text.__aeabi_memset_lowlevel
                0x00009dca       0x32 C:/NXP/MCUXpressoIDE_25.6.136/ide/plugins/com.nxp.mcuxpresso.tools.win32_25.6.0.202501151204/tools/bin/../lib/gcc/arm-none-eabi/14.2.1/thumb/v7e-m+fp/hard\libcr_eabihelpers.a(memcpy.o)
                0x00009dca                __aeabi_lowlevel_memset
 .text.__sys_close
                0x00009dfc        0x6 C:/NXP/MCUXpressoIDE_25.6.136/ide/plugins/com.nxp.mcuxpresso.tools.win32_25.6.0.202501151204/tools/bin/../lib/gcc/arm-none-eabi/14.2.1/../../../../arm-none-eabi/lib/thumb/v7e-m+fp/hard\libcr_nohost_nf.a(__sys_close.o)
                0x00009dfc                __sys_close
 .text.__sys_flen
                0x00009e02        0x6 C:/NXP/MCUXpressoIDE_25.6.136/ide/plugins/com.nxp.mcuxpresso.tools.win32_25.6.0.202501151204/tools/bin/../lib/gcc/arm-none-eabi/14.2.1/../../../../arm-none-eabi/lib/thumb/v7e-m+fp/hard\libcr_nohost_nf.a(__sys_flen.o)
                0x00009e02                __sys_flen
 .text.__sys_istty
                0x00009e08        0x6 C:/NXP/MCUXpressoIDE_25.6.136/ide/plugins/com.nxp.mcuxpresso.tools.win32_25.6.0.202501151204/tools/bin/../lib/gcc/arm-none-eabi/14.2.1/../../../../arm-none-eabi/lib/thumb/v7e-m+fp/hard\libcr_nohost_nf.a(__sys_istty.o)
                0x00009e08                __sys_istty
 .text.__sys_remove
                0x00009e0e        0x6 C:/NXP/MCUXpressoIDE_25.6.136/ide/plugins/com.nxp.mcuxpresso.tools.win32_25.6.0.202501151204/tools/bin/../lib/gcc/arm-none-eabi/14.2.1/../../../../arm-none-eabi/lib/thumb/v7e-m+fp/hard\libcr_nohost_nf.a(__sys_remove.o)
                0x00009e0e                __sys_remove
 .text.__sys_seek
                0x00009e14        0x6 C:/NXP/MCUXpressoIDE_25.6.136/ide/plugins/com.nxp.mcuxpresso.tools.win32_25.6.0.202501151204/tools/bin/../lib/gcc/arm-none-eabi/14.2.1/../../../../arm-none-eabi/lib/thumb/v7e-m+fp/hard\libcr_nohost_nf.a(__sys_seek.o)
                0x00009e14                __sys_seek
 .text.__sys_tmpnam
                0x00009e1a        0x6 C:/NXP/MCUXpressoIDE_25.6.136/ide/plugins/com.nxp.mcuxpresso.tools.win32_25.6.0.202501151204/tools/bin/../lib/gcc/arm-none-eabi/14.2.1/../../../../arm-none-eabi/lib/thumb/v7e-m+fp/hard\libcr_nohost_nf.a(__sys_tmpnam.o)
                0x00009e1a                __sys_tmpnam
 .text.__sys_write
                0x00009e20        0x4 C:/NXP/MCUXpressoIDE_25.6.136/ide/plugins/com.nxp.mcuxpresso.tools.win32_25.6.0.202501151204/tools/bin/../lib/gcc/arm-none-eabi/14.2.1/../../../../arm-none-eabi/lib/thumb/v7e-m+fp/hard\libcr_nohost_nf.a(__sys_write.o)
                0x00009e20                __sys_write
 *(SORT_BY_ALIGNMENT(.rodata) SORT_BY_ALIGNMENT(.rodata.*) SORT_BY_ALIGNMENT(.constdata) SORT_BY_ALIGNMENT(.constdata.*))
 .rodata.UART_LogProcess.str1.4
                0x00009e24     0x165d ./source/Utilities.o
                                 0x50 (size before relaxing)
 .rodata.vApplicationStackOverflowHook.str1.4
                0x0000b481       0x1d ./source/enet_raw.o
 .rodata.enet_raw_init.str1.4
                0x0000b481      0x177 ./source/enet_raw.o
 *fill*         0x0000b481        0x3 ff
 .rodata        0x0000b484       0x20 ./source/enet_raw.o
 .rodata.vApplicationMallocFailedHook.str1.4
                0x0000b4a4       0x20 ./source/main.o
 .rodata.main.str1.4
                0x0000b4a4       0x99 ./source/main.o
 .rodata.simple_logger_task.str1.4
                0x0000b4a4       0x16 ./source/main.o
 .rodata.ethernet_test_rx_task.str1.4
                0x0000b4a4       0x7c ./source/main.o
 .rodata.ethernet_test_main_task.str1.4
                0x0000b4a4      0x343 ./source/main.o
 .rodata.phyksz8081_ops
                0x0000b4a4       0x20 ./phy/fsl_phyksz8081.o
                0x0000b4a4                phyksz8081_ops
 .rodata.PHY_KSZ8081_Init.str1.4
                0x0000b4c4       0x37 ./phy/fsl_phyksz8081.o
 .rodata.PHY_KSZ8081_GetAutoNegotiationStatus.str1.4
                0x0000b4c4       0x1e ./phy/fsl_phyksz8081.o
 .rodata.PHY_KSZ8081_GetLinkStatus.str1.4
                0x0000b4c4       0x1e ./phy/fsl_phyksz8081.o
 .rodata.PHY_KSZ8081_GetLinkSpeedDuplex.str1.4
                0x0000b4c4       0x3e ./phy/fsl_phyksz8081.o
 .rodata.PHY_KSZ8081_SetLinkSpeedDuplex.str1.4
                0x0000b4c4       0x2f ./phy/fsl_phyksz8081.o
 .rodata.PHY_KSZ8081_EnableLoopback.str1.4
                0x0000b4c4       0x8f ./phy/fsl_phyksz8081.o
 .rodata.enet_ops
                0x0000b4c4       0x14 ./mdio/fsl_enet_mdio.o
                0x0000b4c4                enet_ops
 .rodata.ENET_MDIO_Read.str1.4
                0x0000b4d8       0x25 ./mdio/fsl_enet_mdio.o
 .rodata.CLOCK_GetMcgExtClkFreq.str1.4
                0x0000b4d8       0x49 ./drivers/fsl_clock.o
 .rodata.CLOCK_GetOsc0ErClkFreq.str1.4
                0x0000b4d8       0x1e ./drivers/fsl_clock.o
 .rodata.CLOCK_GetEr32kClkFreq.str1.4
                0x0000b4d8       0x1f ./drivers/fsl_clock.o
 .rodata.CLOCK_GetPll0Freq.str1.4
                0x0000b4d8       0x1d ./drivers/fsl_clock.o
 .rodata.CLOCK_EnablePll0.str1.4
                0x0000b4d8       0x1a ./drivers/fsl_clock.o
 .rodata.CLOCK_SetPbeMode.str1.4
                0x0000b4d8       0x1a ./drivers/fsl_clock.o
 .rodata.CLOCK_BootToPeeMode.str1.4
                0x0000b4d8       0x1a ./drivers/fsl_clock.o
 .rodata.fllFactorTable.1
                0x0000b4d8       0x10 ./drivers/fsl_clock.o
 .rodata.s_enetClock
                0x0000b4e8        0x4 ./drivers/fsl_enet.o
                0x0000b4e8                s_enetClock
 .rodata.ENET_GetInstance.str1.4
                0x0000b4ec       0x34 ./drivers/fsl_enet.o
 .rodata.ENET_GetDefaultConfig.str1.4
                0x0000b4ec       0x20 ./drivers/fsl_enet.o
 .rodata.ENET_Up.str1.4
                0x0000b4ec       0xe0 ./drivers/fsl_enet.o
 .rodata.ENET_SetCallback.str1.4
                0x0000b4ec       0x20 ./drivers/fsl_enet.o
 .rodata.ENET_SetHandler.str1.4
                0x0000b4ec       0x58 ./drivers/fsl_enet.o
 .rodata.ENET_SetTxBufferDescriptors.str1.4
                0x0000b4ec       0x46 ./drivers/fsl_enet.o
 .rodata.ENET_SetRxBufferDescriptors.str1.4
                0x0000b4ec       0x8c ./drivers/fsl_enet.o
 .rodata.ENET_RxBufferAllocAll.str1.4
                0x0000b4ec       0x6b ./drivers/fsl_enet.o
 .rodata.ENET_RxBufferFreeAll.str1.4
                0x0000b4ec       0x67 ./drivers/fsl_enet.o
 .rodata.ENET_ActiveReadRing.str1.4
                0x0000b4ec       0x64 ./drivers/fsl_enet.o
 .rodata.ENET_ActiveSendRing.str1.4
                0x0000b4ec       0x4b ./drivers/fsl_enet.o
 .rodata.ENET_SetSMI.str1.4
                0x0000b4ec       0x45 ./drivers/fsl_enet.o
 .rodata.ENET_IncreaseIndex.str1.4
                0x0000b4ec       0x1e ./drivers/fsl_enet.o
 .rodata.ENET_GetRxFrameSize.str1.4
                0x0000b4ec       0x83 ./drivers/fsl_enet.o
 .rodata.ENET_ReadFrame.str1.4
                0x0000b4ec       0x6f ./drivers/fsl_enet.o
 .rodata.ENET_UpdateReadBuffers.str1.4
                0x0000b4ec       0x6f ./drivers/fsl_enet.o
 .rodata.ENET_SendFrame.str1.4
                0x0000b4ec       0x8f ./drivers/fsl_enet.o
 .rodata.ENET_ReclaimTxDescriptor.str1.4
                0x0000b4ec       0x4b ./drivers/fsl_enet.o
 .rodata.ENET_TransmitIRQHandler.str1.4
                0x0000b4ec       0x21 ./drivers/fsl_enet.o
 .rodata.ENET_ReceiveIRQHandler.str1.4
                0x0000b4ec       0x21 ./drivers/fsl_enet.o
 .rodata.ENET_ErrorIRQHandler.str1.4
                0x0000b4ec       0x21 ./drivers/fsl_enet.o
 .rodata.FLEXCAN_GetInstance.str1.4
                0x0000b4ec       0x3a ./drivers/fsl_flexcan.o
 .rodata.FLEXCAN_Reset.str1.4
                0x0000b4ec       0x3a ./drivers/fsl_flexcan.o
 .rodata.FLEXCAN_SetBitRate.str1.4
                0x0000b4ec       0xb8 ./drivers/fsl_flexcan.o
 .rodata.FLEXCAN_Init.str1.4
                0x0000b4ec       0xda ./drivers/fsl_flexcan.o
 .rodata.FLEXCAN_SetTimingConfig.str1.4
                0x0000b4ec       0x25 ./drivers/fsl_flexcan.o
 .rodata.FLEXCAN_SetTxMbConfig.str1.4
                0x0000b4ec       0x78 ./drivers/fsl_flexcan.o
 .rodata.FLEXCAN_SetRxMbConfig.str1.4
                0x0000b4ec       0xbc ./drivers/fsl_flexcan.o
 .rodata.CAN0_DriverIRQHandler.str1.4
                0x0000b4ec       0x30 ./drivers/fsl_flexcan.o
 .rodata.s_uartBases
                0x0000b4ec       0x18 ./drivers/fsl_uart.o
 .rodata.s_uartClock
                0x0000b504       0x18 ./drivers/fsl_uart.o
 .rodata.UART_GetInstance.str1.4
                0x0000b51c       0x2b ./drivers/fsl_uart.o
 .rodata.UART_Init.str1.4
                0x0000b51c       0xfb ./drivers/fsl_uart.o
 .rodata.UART_GetDefaultConfig.str1.4
                0x0000b51c       0x20 ./drivers/fsl_uart.o
 .rodata.s_UartAdapterBase
                0x0000b51c       0x18 ./component/uart/fsl_adapter_uart.o
 .rodata.HAL_UartInit.str1.4
                0x0000b534       0xdd ./component/uart/fsl_adapter_uart.o
 .rodata.mcgConfig_BOARD_BootClockRUN
                0x0000b534        0xb ./board/clock_config.o
                0x0000b534                mcgConfig_BOARD_BootClockRUN
 *fill*         0x0000b53f        0x1 ff
 .rodata.simConfig_BOARD_BootClockRUN
                0x0000b540        0x8 ./board/clock_config.o
                0x0000b540                simConfig_BOARD_BootClockRUN
 .rodata.oscConfig_BOARD_BootClockRUN
                0x0000b548        0x8 ./board/clock_config.o
                0x0000b548                oscConfig_BOARD_BootClockRUN
 .rodata.CAN0_config
                0x0000b550       0x14 ./board/peripherals.o
                0x0000b550                CAN0_config
 .rodata.CAN0_rx_mb_config_0
                0x0000b564        0x8 ./board/peripherals.o
                0x0000b564                CAN0_rx_mb_config_0
 .rodata.CAN0_rx_mb_config_3
                0x0000b56c        0x8 ./board/peripherals.o
                0x0000b56c                CAN0_rx_mb_config_3
 .rodata.CAN0_rx_mb_config_5
                0x0000b574        0x8 ./board/peripherals.o
                0x0000b574                CAN0_rx_mb_config_5
 .rodata.UART0_config
                0x0000b57c       0x10 ./board/peripherals.o
                0x0000b57c                UART0_config
 .rodata.PORT_SetPinConfig.str1.4
                0x0000b58c       0x53 ./board/pin_mux.o
 .rodata.uxTopUsedPriority
                0x0000b58c        0x4 ./FreeRTOS/freertos_kernel/tasks.o
                0x0000b58c                uxTopUsedPriority
 .rodata.vTaskStartScheduler.str1.4
                0x0000b590        0x5 ./FreeRTOS/freertos_kernel/tasks.o
 .rodata.xTimerCreateTimerTask.str1.4
                0x0000b590        0x8 ./FreeRTOS/freertos_kernel/timers.o
 .rodata.prvCheckForValidListAndQueue.str1.4
                0x0000b590        0x5 ./FreeRTOS/freertos_kernel/timers.o
 .rodata.__num_Ciob_streams
                0x0000b590        0x4 C:/NXP/MCUXpressoIDE_25.6.136/ide/plugins/com.nxp.mcuxpresso.tools.win32_25.6.0.202501151204/tools/bin/../lib/gcc/arm-none-eabi/14.2.1/../../../../arm-none-eabi/lib/thumb/v7e-m+fp/hard\libcr_nohost_nf.a(__ciob.o)
                0x0000b590                __num_Ciob_streams
 .rodata.__assertion_failed.str1.1
                0x0000b594       0x66 C:/NXP/MCUXpressoIDE_25.6.136/ide/plugins/com.nxp.mcuxpresso.tools.win32_25.6.0.202501151204/tools/bin/../lib/gcc/arm-none-eabi/14.2.1/../../../../arm-none-eabi/lib/thumb/v7e-m+fp/hard\libcr_nohost_nf.a(_cr_assert.o)
                                 0x15 (size before relaxing)
 .rodata._Csys_alloc.str1.1
                0x0000b5fa       0x18 C:/NXP/MCUXpressoIDE_25.6.136/ide/plugins/com.nxp.mcuxpresso.tools.win32_25.6.0.202501151204/tools/bin/../lib/gcc/arm-none-eabi/14.2.1/../../../../arm-none-eabi/lib/thumb/v7e-m+fp/hard\libcr_c.a(alloc.o)
 .rodata._initio.str1.1
                0x0000b5fa        0x4 C:/NXP/MCUXpressoIDE_25.6.136/ide/plugins/com.nxp.mcuxpresso.tools.win32_25.6.0.202501151204/tools/bin/../lib/gcc/arm-none-eabi/14.2.1/../../../../arm-none-eabi/lib/thumb/v7e-m+fp/hard\libcr_c.a(initio.o)
 .rodata.__vfprintf.str1.1
                0x0000b5fa       0x38 C:/NXP/MCUXpressoIDE_25.6.136/ide/plugins/com.nxp.mcuxpresso.tools.win32_25.6.0.202501151204/tools/bin/../lib/gcc/arm-none-eabi/14.2.1/../../../../arm-none-eabi/lib/thumb/v7e-m+fp/hard\libcr_c.a(printf.o)
                0x0000b638                        . = ALIGN (0x8)
 *fill*         0x0000b5fa        0x6 ff

.glue_7         0x0000b600        0x0
 .glue_7        0x0000b600        0x0 linker stubs

.glue_7t        0x0000b600        0x0
 .glue_7t       0x0000b600        0x0 linker stubs

.vfp11_veneer   0x0000b600        0x0
 .vfp11_veneer  0x0000b600        0x0 linker stubs

.v4_bx          0x0000b600        0x0
 .v4_bx         0x0000b600        0x0 linker stubs

.iplt           0x0000b600        0x0
 .iplt          0x0000b600        0x0 ./utilities/fsl_debug_console.o

.rel.dyn        0x0000b600        0x0
 .rel.iplt      0x0000b600        0x0 ./utilities/fsl_debug_console.o

.ARM.extab
 *(SORT_BY_ALIGNMENT(.ARM.extab*) SORT_BY_ALIGNMENT(.gnu.linkonce.armextab.*))

.ARM.exidx      0x0000b600        0x0
                0x0000b600                        __exidx_start = .
 *(SORT_BY_ALIGNMENT(.ARM.exidx*) SORT_BY_ALIGNMENT(.gnu.linkonce.armexidx.*))
                0x0000b600                        __exidx_end = .
                0x0000b600                        _etext = .

.m_usb_data
 *(SORT_BY_ALIGNMENT(m_usb_bdt))

.data_RAM2      0x1fff0000        0x0 load address 0x0000b600
 FILL mask 0xff
                [!provide]                        PROVIDE (__start_data_RAM2 = .)
                [!provide]                        PROVIDE (__start_data_SRAM_LOWER = .)
 *(SORT_BY_ALIGNMENT(.ramfunc.$RAM2))
 *(SORT_BY_ALIGNMENT(.ramfunc.$SRAM_LOWER))
 *(SORT_BY_ALIGNMENT(.data.$RAM2))
 *(SORT_BY_ALIGNMENT(.data.$SRAM_LOWER))
 *(SORT_BY_ALIGNMENT(.data.$RAM2.*))
 *(SORT_BY_ALIGNMENT(.data.$SRAM_LOWER.*))
                0x1fff0000                        . = ALIGN (0x8)
                [!provide]                        PROVIDE (__end_data_RAM2 = .)
                [!provide]                        PROVIDE (__end_data_SRAM_LOWER = .)

.data_RAM3      0x14000000        0x0 load address 0x0000b600
 FILL mask 0xff
                [!provide]                        PROVIDE (__start_data_RAM3 = .)
                [!provide]                        PROVIDE (__start_data_FLEX_RAM = .)
 *(SORT_BY_ALIGNMENT(.ramfunc.$RAM3))
 *(SORT_BY_ALIGNMENT(.ramfunc.$FLEX_RAM))
 *(SORT_BY_ALIGNMENT(.data.$RAM3))
 *(SORT_BY_ALIGNMENT(.data.$FLEX_RAM))
 *(SORT_BY_ALIGNMENT(.data.$RAM3.*))
 *(SORT_BY_ALIGNMENT(.data.$FLEX_RAM.*))
                0x14000000                        . = ALIGN (0x8)
                [!provide]                        PROVIDE (__end_data_RAM3 = .)
                [!provide]                        PROVIDE (__end_data_FLEX_RAM = .)

.uninit_RESERVED
                0x20000000        0x0
                0x20000000                        _start_uninit_RESERVED = .
 *(SORT_BY_ALIGNMENT(.bss.$RESERVED*))
                0x20000000                        . = ALIGN (0x8)
                0x20000000                        _end_uninit_RESERVED = .

.data           0x20000000       0x18 load address 0x0000b600
 FILL mask 0xff
                0x20000000                        _data = .
                [!provide]                        PROVIDE (__start_data_RAM = .)
                [!provide]                        PROVIDE (__start_data_SRAM_UPPER = .)
 *(SORT_BY_ALIGNMENT(vtable))
 *(SORT_BY_ALIGNMENT(.ramfunc*))
 *(SORT_BY_ALIGNMENT(CodeQuickAccess))
 *(SORT_BY_ALIGNMENT(DataQuickAccess))
 *(SORT_BY_ALIGNMENT(RamFunction))
 *(SORT_BY_ALIGNMENT(.data*))
 .data.s_slowIrcFreq
                0x20000000        0x4 ./drivers/fsl_clock.o
 .data.s_fastIrcFreq
                0x20000004        0x4 ./drivers/fsl_clock.o
 .data.SystemCoreClock
                0x20000008        0x4 ./device/system_MK64F12.o
                0x20000008                SystemCoreClock
 .data.uxCriticalNesting
                0x2000000c        0x4 ./FreeRTOS/freertos_kernel/portable/GCC/ARM_CM4F/port.o
 .data.uartLogEnabled
                0x20000010        0x1 ./source/Utilities.o
                0x20000018                        . = ALIGN (0x8)
 *fill*         0x20000011        0x7 ff
                0x20000018                        _edata = .
                [!provide]                        PROVIDE (__end_data_RAM = .)
                [!provide]                        PROVIDE (__end_data_SRAM_UPPER = .)

.igot.plt       0x20000018        0x0 load address 0x0000b618
 .igot.plt      0x20000018        0x0 ./utilities/fsl_debug_console.o

.bss_RAM2       0x1fff0000        0x0
                [!provide]                        PROVIDE (__start_bss_RAM2 = .)
                [!provide]                        PROVIDE (__start_bss_SRAM_LOWER = .)
 *(SORT_BY_ALIGNMENT(.bss.$RAM2))
 *(SORT_BY_ALIGNMENT(.bss.$SRAM_LOWER))
 *(SORT_BY_ALIGNMENT(.bss.$RAM2.*))
 *(SORT_BY_ALIGNMENT(.bss.$SRAM_LOWER.*))
                0x1fff0000                        . = ALIGN ((. != 0x0)?0x8:0x1)
                [!provide]                        PROVIDE (__end_bss_RAM2 = .)
                [!provide]                        PROVIDE (__end_bss_SRAM_LOWER = .)

.bss_RAM3       0x14000000        0x0
                [!provide]                        PROVIDE (__start_bss_RAM3 = .)
                [!provide]                        PROVIDE (__start_bss_FLEX_RAM = .)
 *(SORT_BY_ALIGNMENT(.bss.$RAM3))
 *(SORT_BY_ALIGNMENT(.bss.$FLEX_RAM))
 *(SORT_BY_ALIGNMENT(.bss.$RAM3.*))
 *(SORT_BY_ALIGNMENT(.bss.$FLEX_RAM.*))
                0x14000000                        . = ALIGN ((. != 0x0)?0x8:0x1)
                [!provide]                        PROVIDE (__end_bss_RAM3 = .)
                [!provide]                        PROVIDE (__end_bss_FLEX_RAM = .)

.bss            0x20000020     0xf480
                0x20000020                        _bss = .
                [!provide]                        PROVIDE (__start_bss_RAM = .)
                [!provide]                        PROVIDE (__start_bss_SRAM_UPPER = .)
 *(SORT_BY_ALIGNMENT(.bss*))
 .bss.s_rxBuffDescrip
                0x20000020       0x40 ./source/enet_raw.o
 .bss.s_txBuffDescrip
                0x20000060       0x40 ./source/enet_raw.o
 .bss.s_rxDataBuff
                0x200000a0     0x3000 ./source/enet_raw.o
 .bss.s_txDataBuff
                0x200030a0     0x3000 ./source/enet_raw.o
 .bss.s_debugConsoleState
                0x200060a0       0x20 ./utilities/fsl_debug_console.o
 .bss.g_serialHandle
                0x200060c0        0x4 ./utilities/fsl_debug_console.o
                0x200060c0                g_serialHandle
 .bss.uartLog   0x200060c4     0x1006 ./source/Utilities.o
 *fill*         0x200070ca        0x2 
 .bss.test_frame.1
                0x200070cc       0x40 ./source/enet_raw.o
 .bss.i.1       0x2000710c        0x4 ./source/main.o
 .bss.s_enet_handle.0
                0x20007110       0xc8 ./source/main.o
 .bss.g_ethercat_task_handle
                0x200071d8        0x4 ./source/rtos.o
                0x200071d8                g_ethercat_task_handle
 .bss.g_logger_task_handle
                0x200071dc        0x4 ./source/rtos.o
                0x200071dc                g_logger_task_handle
 .bss.g_can_data_mutex
                0x200071e0        0x4 ./source/rtos.o
                0x200071e0                g_can_data_mutex
 .bss.g_xtal0Freq
                0x200071e4        0x4 ./drivers/fsl_clock.o
                0x200071e4                g_xtal0Freq
 .bss.g_xtal32Freq
                0x200071e8        0x4 ./drivers/fsl_clock.o
                0x200071e8                g_xtal32Freq
 .bss.s_ENETHandle
                0x200071ec        0x4 ./drivers/fsl_enet.o
 .bss.s_enetTxIsr
                0x200071f0        0x4 ./drivers/fsl_enet.o
 .bss.s_enetRxIsr
                0x200071f4        0x4 ./drivers/fsl_enet.o
 .bss.s_enetErrIsr
                0x200071f8        0x4 ./drivers/fsl_enet.o
 .bss.s_enet1588TimerIsr
                0x200071fc        0x4 ./drivers/fsl_enet.o
 .bss.s_flexcanHandle
                0x20007200        0x4 ./drivers/fsl_flexcan.o
 .bss.s_flexcanIsr
                0x20007204        0x4 ./drivers/fsl_flexcan.o
 .bss.s_i2cHandle
                0x20007208        0xc ./drivers/fsl_i2c.o
 .bss.s_i2cMasterIsr
                0x20007214        0x4 ./drivers/fsl_i2c.o
 .bss.s_i2cSlaveIsr
                0x20007218        0x4 ./drivers/fsl_i2c.o
 .bss.s_uartHandle
                0x2000721c       0x18 ./drivers/fsl_uart.o
                0x2000721c                s_uartHandle
 .bss.s_uartIsr
                0x20007234        0x4 ./drivers/fsl_uart.o
                0x20007234                s_uartIsr
 .bss.ucHeap    0x20007238     0x8000 ./FreeRTOS/freertos_kernel/portable/MemMang/heap_4.o
 .bss.xStart    0x2000f238        0x8 ./FreeRTOS/freertos_kernel/portable/MemMang/heap_4.o
 .bss.pxEnd     0x2000f240        0x4 ./FreeRTOS/freertos_kernel/portable/MemMang/heap_4.o
 .bss.xFreeBytesRemaining
                0x2000f244        0x4 ./FreeRTOS/freertos_kernel/portable/MemMang/heap_4.o
 .bss.xMinimumEverFreeBytesRemaining
                0x2000f248        0x4 ./FreeRTOS/freertos_kernel/portable/MemMang/heap_4.o
 .bss.xNumberOfSuccessfulAllocations
                0x2000f24c        0x4 ./FreeRTOS/freertos_kernel/portable/MemMang/heap_4.o
 .bss.xNumberOfSuccessfulFrees
                0x2000f250        0x4 ./FreeRTOS/freertos_kernel/portable/MemMang/heap_4.o
 .bss.xBlockAllocatedBit
                0x2000f254        0x4 ./FreeRTOS/freertos_kernel/portable/MemMang/heap_4.o
 .bss.ulMaxPRIGROUPValue
                0x2000f258        0x4 ./FreeRTOS/freertos_kernel/portable/GCC/ARM_CM4F/port.o
 .bss.xQueueRegistry
                0x2000f25c       0x40 ./FreeRTOS/freertos_kernel/queue.o
                0x2000f25c                xQueueRegistry
 .bss.pxCurrentTCB
                0x2000f29c        0x4 ./FreeRTOS/freertos_kernel/tasks.o
                0x2000f29c                pxCurrentTCB
 .bss.pxReadyTasksLists
                0x2000f2a0       0x64 ./FreeRTOS/freertos_kernel/tasks.o
 .bss.xDelayedTaskList1
                0x2000f304       0x14 ./FreeRTOS/freertos_kernel/tasks.o
 .bss.xDelayedTaskList2
                0x2000f318       0x14 ./FreeRTOS/freertos_kernel/tasks.o
 .bss.pxDelayedTaskList
                0x2000f32c        0x4 ./FreeRTOS/freertos_kernel/tasks.o
 .bss.pxOverflowDelayedTaskList
                0x2000f330        0x4 ./FreeRTOS/freertos_kernel/tasks.o
 .bss.xPendingReadyList
                0x2000f334       0x14 ./FreeRTOS/freertos_kernel/tasks.o
 .bss.xTasksWaitingTermination
                0x2000f348       0x14 ./FreeRTOS/freertos_kernel/tasks.o
 .bss.uxDeletedTasksWaitingCleanUp
                0x2000f35c        0x4 ./FreeRTOS/freertos_kernel/tasks.o
 .bss.xSuspendedTaskList
                0x2000f360       0x14 ./FreeRTOS/freertos_kernel/tasks.o
 .bss.uxCurrentNumberOfTasks
                0x2000f374        0x4 ./FreeRTOS/freertos_kernel/tasks.o
 .bss.xTickCount
                0x2000f378        0x4 ./FreeRTOS/freertos_kernel/tasks.o
 .bss.uxTopReadyPriority
                0x2000f37c        0x4 ./FreeRTOS/freertos_kernel/tasks.o
 .bss.xSchedulerRunning
                0x2000f380        0x4 ./FreeRTOS/freertos_kernel/tasks.o
 .bss.xPendedTicks
                0x2000f384        0x4 ./FreeRTOS/freertos_kernel/tasks.o
 .bss.xYieldPending
                0x2000f388        0x4 ./FreeRTOS/freertos_kernel/tasks.o
 .bss.xNumOfOverflows
                0x2000f38c        0x4 ./FreeRTOS/freertos_kernel/tasks.o
 .bss.uxTaskNumber
                0x2000f390        0x4 ./FreeRTOS/freertos_kernel/tasks.o
 .bss.xNextTaskUnblockTime
                0x2000f394        0x4 ./FreeRTOS/freertos_kernel/tasks.o
 .bss.xIdleTaskHandle
                0x2000f398        0x4 ./FreeRTOS/freertos_kernel/tasks.o
 .bss.uxSchedulerSuspended
                0x2000f39c        0x4 ./FreeRTOS/freertos_kernel/tasks.o
 .bss.xActiveTimerList1
                0x2000f3a0       0x14 ./FreeRTOS/freertos_kernel/timers.o
 .bss.xActiveTimerList2
                0x2000f3b4       0x14 ./FreeRTOS/freertos_kernel/timers.o
 .bss.pxCurrentTimerList
                0x2000f3c8        0x4 ./FreeRTOS/freertos_kernel/timers.o
 .bss.pxOverflowTimerList
                0x2000f3cc        0x4 ./FreeRTOS/freertos_kernel/timers.o
 .bss.xTimerQueue
                0x2000f3d0        0x4 ./FreeRTOS/freertos_kernel/timers.o
 .bss.xTimerTaskHandle
                0x2000f3d4        0x4 ./FreeRTOS/freertos_kernel/timers.o
 .bss.xLastTime.0
                0x2000f3d8        0x4 ./FreeRTOS/freertos_kernel/timers.o
 .bss.__Ciob    0x2000f3dc       0xb4 C:/NXP/MCUXpressoIDE_25.6.136/ide/plugins/com.nxp.mcuxpresso.tools.win32_25.6.0.202501151204/tools/bin/../lib/gcc/arm-none-eabi/14.2.1/../../../../arm-none-eabi/lib/thumb/v7e-m+fp/hard\libcr_nohost_nf.a(__ciob.o)
                0x2000f3dc                __Ciob