Archive member included to satisfy reference by file (symbol)

C:/NXP/MCUXpressoIDE_25.6.136/ide/plugins/com.nxp.mcuxpresso.tools.win32_25.6.0.202501151204/tools/bin/../lib/gcc/arm-none-eabi/14.2.1/../../../../arm-none-eabi/lib/thumb/v7e-m+fp/hard\libcr_nohost_nf.a(_cr__main.o)
                              ./startup/startup_mk64f12.o (__main)
C:/NXP/MCUXpressoIDE_25.6.136/ide/plugins/com.nxp.mcuxpresso.tools.win32_25.6.0.202501151204/tools/bin/../lib/gcc/arm-none-eabi/14.2.1/../../../../arm-none-eabi/lib/thumb/v7e-m+fp/hard\libcr_nohost_nf.a(_cr_assert.o)
                              ./phy/fsl_phyksz8081.o (__assertion_failed)
C:/NXP/MCUXpressoIDE_25.6.136/ide/plugins/com.nxp.mcuxpresso.tools.win32_25.6.0.202501151204/tools/bin/../lib/gcc/arm-none-eabi/14.2.1/../../../../arm-none-eabi/lib/thumb/v7e-m+fp/hard\libcr_nohost_nf.a(__ciob.o)
                              C:/NXP/MCUXpressoIDE_25.6.136/ide/plugins/com.nxp.mcuxpresso.tools.win32_25.6.0.202501151204/tools/bin/../lib/gcc/arm-none-eabi/14.2.1/../../../../arm-none-eabi/lib/thumb/v7e-m+fp/hard\libcr_nohost_nf.a(_cr_assert.o) (__Ciob)
C:/NXP/MCUXpressoIDE_25.6.136/ide/plugins/com.nxp.mcuxpresso.tools.win32_25.6.0.202501151204/tools/bin/../lib/gcc/arm-none-eabi/14.2.1/../../../../arm-none-eabi/lib/thumb/v7e-m+fp/hard\libcr_nohost_nf.a(__sys_appexit.o)
                              C:/NXP/MCUXpressoIDE_25.6.136/ide/plugins/com.nxp.mcuxpresso.tools.win32_25.6.0.202501151204/tools/bin/../lib/gcc/arm-none-eabi/14.2.1/../../../../arm-none-eabi/lib/thumb/v7e-m+fp/hard\libcr_nohost_nf.a(_cr_assert.o) (__sys_appexit)
C:/NXP/MCUXpressoIDE_25.6.136/ide/plugins/com.nxp.mcuxpresso.tools.win32_25.6.0.202501151204/tools/bin/../lib/gcc/arm-none-eabi/14.2.1/../../../../arm-none-eabi/lib/thumb/v7e-m+fp/hard\libcr_c.a(memcpy.o)
                              ./utilities/fsl_str.o (memcpy)
C:/NXP/MCUXpressoIDE_25.6.136/ide/plugins/com.nxp.mcuxpresso.tools.win32_25.6.0.202501151204/tools/bin/../lib/gcc/arm-none-eabi/14.2.1/../../../../arm-none-eabi/lib/thumb/v7e-m+fp/hard\libcr_c.a(memset.o)
                              ./utilities/fsl_debug_console.o (memset)
C:/NXP/MCUXpressoIDE_25.6.136/ide/plugins/com.nxp.mcuxpresso.tools.win32_25.6.0.202501151204/tools/bin/../lib/gcc/arm-none-eabi/14.2.1/../../../../arm-none-eabi/lib/thumb/v7e-m+fp/hard\libcr_c.a(_deferredlazyseek.o)
                              C:/NXP/MCUXpressoIDE_25.6.136/ide/plugins/com.nxp.mcuxpresso.tools.win32_25.6.0.202501151204/tools/bin/../lib/gcc/arm-none-eabi/14.2.1/../../../../arm-none-eabi/lib/thumb/v7e-m+fp/hard\libcr_nohost_nf.a(_cr_assert.o) (__flsbuf)
C:/NXP/MCUXpressoIDE_25.6.136/ide/plugins/com.nxp.mcuxpresso.tools.win32_25.6.0.202501151204/tools/bin/../lib/gcc/arm-none-eabi/14.2.1/../../../../arm-none-eabi/lib/thumb/v7e-m+fp/hard\libcr_c.a(_fflush.o)
                              C:/NXP/MCUXpressoIDE_25.6.136/ide/plugins/com.nxp.mcuxpresso.tools.win32_25.6.0.202501151204/tools/bin/../lib/gcc/arm-none-eabi/14.2.1/../../../../arm-none-eabi/lib/thumb/v7e-m+fp/hard\libcr_c.a(_deferredlazyseek.o) (_fflush)
C:/NXP/MCUXpressoIDE_25.6.136/ide/plugins/com.nxp.mcuxpresso.tools.win32_25.6.0.202501151204/tools/bin/../lib/gcc/arm-none-eabi/14.2.1/../../../../arm-none-eabi/lib/thumb/v7e-m+fp/hard\libcr_c.a(_writebuf.o)
                              C:/NXP/MCUXpressoIDE_25.6.136/ide/plugins/com.nxp.mcuxpresso.tools.win32_25.6.0.202501151204/tools/bin/../lib/gcc/arm-none-eabi/14.2.1/../../../../arm-none-eabi/lib/thumb/v7e-m+fp/hard\libcr_c.a(_deferredlazyseek.o) (_Cwritebuf)
C:/NXP/MCUXpressoIDE_25.6.136/ide/plugins/com.nxp.mcuxpresso.tools.win32_25.6.0.202501151204/tools/bin/../lib/gcc/arm-none-eabi/14.2.1/../../../../arm-none-eabi/lib/thumb/v7e-m+fp/hard\libcr_c.a(alloc.o)
                              ./drivers/fsl_common.o (malloc)
C:/NXP/MCUXpressoIDE_25.6.136/ide/plugins/com.nxp.mcuxpresso.tools.win32_25.6.0.202501151204/tools/bin/../lib/gcc/arm-none-eabi/14.2.1/../../../../arm-none-eabi/lib/thumb/v7e-m+fp/hard\libcr_c.a(errno.o)
                              ./utilities/fsl_str.o (errno)
C:/NXP/MCUXpressoIDE_25.6.136/ide/plugins/com.nxp.mcuxpresso.tools.win32_25.6.0.202501151204/tools/bin/../lib/gcc/arm-none-eabi/14.2.1/../../../../arm-none-eabi/lib/thumb/v7e-m+fp/hard\libcr_c.a(fputs.o)
                              C:/NXP/MCUXpressoIDE_25.6.136/ide/plugins/com.nxp.mcuxpresso.tools.win32_25.6.0.202501151204/tools/bin/../lib/gcc/arm-none-eabi/14.2.1/../../../../arm-none-eabi/lib/thumb/v7e-m+fp/hard\libcr_nohost_nf.a(_cr_assert.o) (fputs)
C:/NXP/MCUXpressoIDE_25.6.136/ide/plugins/com.nxp.mcuxpresso.tools.win32_25.6.0.202501151204/tools/bin/../lib/gcc/arm-none-eabi/14.2.1/../../../../arm-none-eabi/lib/thumb/v7e-m+fp/hard\libcr_c.a(fseek.o)
                              C:/NXP/MCUXpressoIDE_25.6.136/ide/plugins/com.nxp.mcuxpresso.tools.win32_25.6.0.202501151204/tools/bin/../lib/gcc/arm-none-eabi/14.2.1/../../../../arm-none-eabi/lib/thumb/v7e-m+fp/hard\libcr_c.a(_deferredlazyseek.o) (fseek)
[...]
Memory Configuration

Name             Origin             Length             Attributes
PROGRAM_FLASH    0x00000000         0x00100000         xr
SRAM_UPPER       0x20000000         0x00030000         xrw
SRAM_LOWER       0x1fff0000         0x00010000         xrw
FLEX_RAM         0x14000000         0x00001000         xrw
*default*        0x00000000         0xffffffff

Linker script and memory map

LOAD ./utilities/fsl_debug_console.o
LOAD ./utilities/fsl_str.o
LOAD ./startup/startup_mk64f12.o
LOAD ./source/CANopen_HAL.o
LOAD ./source/INIT_HAL.o
LOAD ./source/UART_HAL.o
LOAD ./source/Utilities.o
LOAD ./source/main.o
LOAD ./source/semihost_hardfault.o
LOAD ./phy/fsl_phyksz8081.o
LOAD ./mdio/fsl_enet_mdio.o
LOAD ./drivers/fsl_adc16.o
LOAD ./drivers/fsl_clock.o
LOAD ./drivers/fsl_common.o
LOAD ./drivers/fsl_common_arm.o
LOAD ./drivers/fsl_enet.o
LOAD ./drivers/fsl_flexcan.o
LOAD ./drivers/fsl_gpio.o
LOAD ./drivers/fsl_i2c.o
LOAD ./drivers/fsl_smc.o
LOAD ./drivers/fsl_uart.o
LOAD ./device/system_MK64F12.o
LOAD ./component/uart/fsl_adapter_uart.o
LOAD ./component/serial_manager/fsl_component_serial_manager.o
LOAD ./component/serial_manager/fsl_component_serial_port_uart.o
LOAD ./component/lists/fsl_component_generic_list.o
LOAD ./board/board.o
LOAD ./board/clock_config.o
LOAD ./board/peripherals.o
LOAD ./board/pin_mux.o
START GROUP
LOAD C:/NXP/MCUXpressoIDE_25.6.136/ide/plugins/com.nxp.mcuxpresso.tools.win32_25.6.0.202501151204/tools/bin/../lib/gcc/arm-none-eabi/14.2.1/../../../../arm-none-eabi/lib/thumb/v7e-m+fp/hard\libcr_nohost_nf.a
LOAD C:/NXP/MCUXpressoIDE_25.6.136/ide/plugins/com.nxp.mcuxpresso.tools.win32_25.6.0.202501151204/tools/bin/../lib/gcc/arm-none-eabi/14.2.1/../../../../arm-none-eabi/lib/thumb/v7e-m+fp/hard\libcr_c.a
LOAD C:/NXP/MCUXpressoIDE_25.6.136/ide/plugins/com.nxp.mcuxpresso.tools.win32_25.6.0.202501151204/tools/bin/../lib/gcc/arm-none-eabi/14.2.1/thumb/v7e-m+fp/hard\libcr_eabihelpers.a
LOAD C:/NXP/MCUXpressoIDE_25.6.136/ide/plugins/com.nxp.mcuxpresso.tools.win32_25.6.0.202501151204/tools/bin/../lib/gcc/arm-none-eabi/14.2.1/thumb/v7e-m+fp/hard\libgcc.a
END GROUP
                0x00000000                        __base_PROGRAM_FLASH = 0x0
                0x00000000                        __base_Flash = 0x0
                0x00100000                        __top_PROGRAM_FLASH = 0x100000
                0x00100000                        __top_Flash = 0x100000
                0x20000000                        __base_SRAM_UPPER = 0x20000000
                0x20000000                        __base_RAM = 0x20000000
                0x20030000                        __top_SRAM_UPPER = 0x20030000
                0x20030000                        __top_RAM = 0x20030000
                0x1fff0000                        __base_SRAM_LOWER = 0x1fff0000
                0x1fff0000                        __base_RAM2 = 0x1fff0000
                0x20000000                        __top_SRAM_LOWER = 0x20000000
                0x20000000                        __top_RAM2 = 0x20000000
                0x14000000                        __base_FLEX_RAM = 0x14000000
                0x14000000                        __base_RAM3 = 0x14000000
                0x14001000                        __top_FLEX_RAM = 0x14001000
                0x14001000                        __top_RAM3 = 0x14001000

.text           0x00000000     0x3f50
 FILL mask 0xff
                0x00000000                        __vectors_start__ = ABSOLUTE (.)
 *(SORT_BY_ALIGNMENT(.isr_vector))
 .isr_vector    0x00000000      0x198 ./startup/startup_mk64f12.o
                0x00000000                g_pfnVectors
                0x00000000                __Vectors
                0x00000198                        . = ALIGN (0x4)
                0x00000198                        __section_table_start = .
                0x00000198                        __data_section_table = .
                0x00000198        0x4 LONG 0x3f50 LOADADDR (.data)
                0x0000019c        0x4 LONG 0x20000000 ADDR (.data)
                0x000001a0        0x4 LONG 0x10 SIZEOF (.data)
                0x000001a4        0x4 LONG 0x3f50 LOADADDR (.data_RAM2)
                0x000001a8        0x4 LONG 0x1fff0000 ADDR (.data_RAM2)
                0x000001ac        0x4 LONG 0x0 SIZEOF (.data_RAM2)
                0x000001b0        0x4 LONG 0x3f50 LOADADDR (.data_RAM3)
                0x000001b4        0x4 LONG 0x14000000 ADDR (.data_RAM3)
                0x000001b8        0x4 LONG 0x0 SIZEOF (.data_RAM3)
                0x000001bc                        __data_section_table_end = .
                0x000001bc                        __bss_section_table = .
                0x000001bc        0x4 LONG 0x20000010 ADDR (.bss)
                0x000001c0        0x4 LONG 0x1148 SIZEOF (.bss)
                0x000001c4        0x4 LONG 0x1fff0000 ADDR (.bss_RAM2)
                0x000001c8        0x4 LONG 0x0 SIZEOF (.bss_RAM2)
                0x000001cc        0x4 LONG 0x14000000 ADDR (.bss_RAM3)
                0x000001d0        0x4 LONG 0x0 SIZEOF (.bss_RAM3)
                0x000001d4                        __bss_section_table_end = .
                0x000001d4                        __section_table_end = .
 *(SORT_BY_ALIGNMENT(.after_vectors*))
 .after_vectors.reset
                0x000001d4       0x4c ./startup/startup_mk64f12.o
                0x000001d4                ResetISR
 .after_vectors.init_data
                0x00000220       0x1e ./startup/startup_mk64f12.o
                0x00000220                data_init
 .after_vectors.init_bss
                0x0000023e       0x12 ./startup/startup_mk64f12.o
                0x0000023e                bss_init
 .after_vectors
                0x00000250       0x14 ./startup/startup_mk64f12.o
                0x00000250                NMI_Handler
                0x00000254                MemManage_Handler
                0x00000256                BusFault_Handler
                0x00000258                UsageFault_Handler
                0x0000025a                SVC_Handler
                0x0000025c                DebugMon_Handler
                0x0000025e                PendSV_Handler
                0x00000260                SysTick_Handler
                0x00000262                DMA_Error_DriverIRQHandler
                0x00000262                LPTMR0_DriverIRQHandler
                0x00000262                FTM1_DriverIRQHandler
                0x00000262                FTM2_DriverIRQHandler
                0x00000262                PIT2_DriverIRQHandler
                0x00000262                SDHC_DriverIRQHandler
                0x00000262                I2S0_Tx_DriverIRQHandler
                0x00000262                RTC_Seconds_DriverIRQHandler
                0x00000262                DMA6_DriverIRQHandler
                0x00000262                LLWU_DriverIRQHandler
                0x00000262                MCM_DriverIRQHandler
                0x00000262                MCG_DriverIRQHandler
                0x00000262                DAC1_DriverIRQHandler
                0x00000262                SPI1_DriverIRQHandler
                0x00000262                CMP1_DriverIRQHandler
                0x00000262                FTM0_DriverIRQHandler
                0x00000262                IntDefaultHandler
                0x00000262                USB0_DriverIRQHandler
                0x00000262                UART5_ERR_DriverIRQHandler
                0x00000262                PORTC_DriverIRQHandler
                0x00000262                DMA11_DriverIRQHandler
                0x00000262                DAC0_DriverIRQHandler
                0x00000262                DMA10_DriverIRQHandler
                0x00000262                CMP2_DriverIRQHandler
                0x00000262                UART2_ERR_DriverIRQHandler
                0x00000262                SPI2_DriverIRQHandler
                0x00000262                LVD_LVW_DriverIRQHandler
                0x00000262                DMA12_DriverIRQHandler
                0x00000262                RNG_DriverIRQHandler
                0x00000262                DMA5_DriverIRQHandler
                0x00000262                DMA4_DriverIRQHandler
                0x00000262                USBDCD_DriverIRQHandler
                0x00000262                UART3_ERR_DriverIRQHandler
                0x00000262                DMA3_DriverIRQHandler
                0x00000262                DMA8_DriverIRQHandler
                0x00000262                DMA9_DriverIRQHandler
                0x00000262                UART0_ERR_DriverIRQHandler
                0x00000262                CMT_DriverIRQHandler
                0x00000262                Reserved71_DriverIRQHandler
                0x00000262                ADC1_DriverIRQHandler
                0x00000262                PORTA_DriverIRQHandler
                0x00000262                DMA14_DriverIRQHandler
                0x00000262                PIT3_DriverIRQHandler
                0x00000262                PIT1_DriverIRQHandler
                0x00000262                WDOG_EWM_DriverIRQHandler
                0x00000262                PDB0_DriverIRQHandler
                0x00000262                RTC_DriverIRQHandler
                0x00000262                I2S0_Rx_DriverIRQHandler
                0x00000262                Read_Collision_DriverIRQHandler
                0x00000262                SWI_DriverIRQHandler
                0x00000262                UART4_ERR_DriverIRQHandler
                0x00000262                PORTB_DriverIRQHandler
                0x00000262                UART0_LON_DriverIRQHandler
                0x00000262                DMA0_DriverIRQHandler
                0x00000262                DMA1_DriverIRQHandler
                0x00000262                DMA13_DriverIRQHandler
                0x00000262                DMA15_DriverIRQHandler
                0x00000262                SPI0_DriverIRQHandler
                0x00000262                ADC0_DriverIRQHandler
                0x00000262                CMP0_DriverIRQHandler
                0x00000262                FTM3_DriverIRQHandler
                0x00000262                PIT0_DriverIRQHandler
                0x00000262                UART1_ERR_DriverIRQHandler
                0x00000262                DMA2_DriverIRQHandler
                0x00000262                PORTD_DriverIRQHandler
                0x00000262                PORTE_DriverIRQHandler
                0x00000262                FTFE_DriverIRQHandler
                0x00000262                DMA7_DriverIRQHandler
                0x00000400                        . = 0x400
 *fill*         0x00000264      0x19c ff
                0x00000400                        PROVIDE (__FLASH_CONFIG_START__ = .)
 *(SORT_BY_ALIGNMENT(.FlashConfig))
 .FlashConfig   0x00000400       0x10 ./startup/startup_mk64f12.o
                0x00000400                Flash_Config
                0x00000410                        PROVIDE (__FLASH_CONFIG_END__ = .)
                0x00000001                        ASSERT (! ((__FLASH_CONFIG_START__ == __FLASH_CONFIG_END__)), Linker Flash Config Support Enabled, but no .FlashConfig section provided within application)
 *(SORT_BY_ALIGNMENT(.text*))
 .text.DbgConsole_Init
                0x00000410      0x118 ./utilities/fsl_debug_console.o
                0x00000410                DbgConsole_Init
 .text.UART_Write_Blocking
                0x00000528       0x30 ./source/UART_HAL.o
                0x00000528                UART_Write_Blocking
 .text.UART_LogInit
                0x00000558       0x3c ./source/Utilities.o
                0x00000558                UART_LogInit
 .text.UART_LogSetEnabled
                0x00000594       0x20 ./source/Utilities.o
                0x00000594                UART_LogSetEnabled
 .text.UART_LogMessage
                0x000005b4      0x194 ./source/Utilities.o
                0x000005b4                UART_LogMessage
 .text.UART_LogProcess
                0x00000748      0x128 ./source/Utilities.o
                0x00000748                UART_LogProcess
 .text.main     0x00000870       0x34 ./source/main.o
                0x00000870                main
 .text.CLOCK_SetEr32kClock
                0x000008a4       0x30 ./drivers/fsl_clock.o
 .text.CLOCK_SetPllFllSelClock
                0x000008d4       0x38 ./drivers/fsl_clock.o
 .text.CLOCK_GetMcgExtClkFreq
                0x0000090c       0x7c ./drivers/fsl_clock.o
 .text.CLOCK_GetFllExtRefClkFreq
                0x00000988       0xb0 ./drivers/fsl_clock.o
 .text.CLOCK_GetInternalRefClkSelectFreq
                0x00000a38       0x4c ./drivers/fsl_clock.o
 .text.CLOCK_GetFllRefClkFreq
                0x00000a84       0x34 ./drivers/fsl_clock.o
 .text.CLOCK_GetOscRangeFromFreq
                0x00000ab8       0x3c ./drivers/fsl_clock.o
 .text.CLOCK_GetOsc0ErClkFreq
                0x00000af4       0x44 ./drivers/fsl_clock.o
                0x00000af4                CLOCK_GetOsc0ErClkFreq
 .text.CLOCK_GetEr32kClkFreq
                0x00000b38       0x74 ./drivers/fsl_clock.o
                0x00000b38                CLOCK_GetEr32kClkFreq
 .text.CLOCK_GetPllFllSelClkFreq
                0x00000bac       0x54 ./drivers/fsl_clock.o
                0x00000bac                CLOCK_GetPllFllSelClkFreq
 .text.CLOCK_GetCoreSysClkFreq
                0x00000c00       0x28 ./drivers/fsl_clock.o
                0x00000c00                CLOCK_GetCoreSysClkFreq
 .text.CLOCK_GetFreq
                0x00000c28      0x140 ./drivers/fsl_clock.o
                0x00000c28                CLOCK_GetFreq
 .text.CLOCK_SetSimConfig
                0x00000d68       0x34 ./drivers/fsl_clock.o
                0x00000d68                CLOCK_SetSimConfig
 .text.CLOCK_EnableUsbfs0Clock
                0x00000d9c      0x108 ./drivers/fsl_clock.o
                0x00000d9c                CLOCK_EnableUsbfs0Clock
 .text.CLOCK_GetOutClkFreq
                0x00000ea4       0x64 ./drivers/fsl_clock.o
                0x00000ea4                CLOCK_GetOutClkFreq
 .text.CLOCK_GetFllFreq
                0x00000f08       0x84 ./drivers/fsl_clock.o
                0x00000f08                CLOCK_GetFllFreq
 .text.CLOCK_GetInternalRefClkFreq
                0x00000f8c       0x30 ./drivers/fsl_clock.o
                0x00000f8c                CLOCK_GetInternalRefClkFreq
 .text.CLOCK_GetPll0Freq
                0x00000fbc       0x78 ./drivers/fsl_clock.o
                0x00000fbc                CLOCK_GetPll0Freq
 .text.CLOCK_SetExternalRefClkConfig
                0x00001034       0x6c ./drivers/fsl_clock.o
                0x00001034                CLOCK_SetExternalRefClkConfig
 .text.CLOCK_SetInternalRefClkConfig
                0x000010a0      0x104 ./drivers/fsl_clock.o
                0x000010a0                CLOCK_SetInternalRefClkConfig
 .text.CLOCK_EnablePll0
                0x000011a4       0x88 ./drivers/fsl_clock.o
                0x000011a4                CLOCK_EnablePll0
 .text.CLOCK_InitOsc0
                0x0000122c       0x8c ./drivers/fsl_clock.o
                0x0000122c                CLOCK_InitOsc0
 .text.CLOCK_SetPbeMode
                0x000012b8       0xa8 ./drivers/fsl_clock.o
                0x000012b8                CLOCK_SetPbeMode
 .text.CLOCK_BootToPeeMode
                0x00001360       0x60 ./drivers/fsl_clock.o
                0x00001360                CLOCK_BootToPeeMode
 .text.ENET_GetInstance
                0x000013c0       0x44 ./drivers/fsl_enet.o
                0x000013c0                ENET_GetInstance
 .text.ENET_Ptp1588IRQHandler
                0x00001404       0x44 ./drivers/fsl_enet.o
                0x00001404                ENET_Ptp1588IRQHandler
 .text.ENET_TxIRQHandler
                0x00001448       0x48 ./drivers/fsl_enet.o
                0x00001448                ENET_TxIRQHandler
 .text.ENET_RxIRQHandler
                0x00001490       0x44 ./drivers/fsl_enet.o
                0x00001490                ENET_RxIRQHandler
 .text.ENET_ErrIRQHandler
                0x000014d4       0x44 ./drivers/fsl_enet.o
                0x000014d4                ENET_ErrIRQHandler
 .text.ENET_Transmit_DriverIRQHandler
                0x00001518       0x18 ./drivers/fsl_enet.o
                0x00001518                ENET_Transmit_DriverIRQHandler
 .text.ENET_Receive_DriverIRQHandler
                0x00001530       0x18 ./drivers/fsl_enet.o
                0x00001530                ENET_Receive_DriverIRQHandler
 .text.ENET_Error_DriverIRQHandler
                0x00001548       0x18 ./drivers/fsl_enet.o
                0x00001548                ENET_Error_DriverIRQHandler
 .text.ENET_1588_Timer_DriverIRQHandler
                0x00001560       0x18 ./drivers/fsl_enet.o
                0x00001560                ENET_1588_Timer_DriverIRQHandler
 .text.FLEXCAN_GetInstance
                0x00001578       0x44 ./drivers/fsl_flexcan.o
                0x00001578                FLEXCAN_GetInstance
 .text.FLEXCAN_Reset
                0x000015bc       0xbc ./drivers/fsl_flexcan.o
 .text.FLEXCAN_SetBitRate
                0x00001678       0xb0 ./drivers/fsl_flexcan.o
 .text.FLEXCAN_Init
                0x00001728      0x1a0 ./drivers/fsl_flexcan.o
                0x00001728                FLEXCAN_Init
 .text.FLEXCAN_SetTimingConfig
                0x000018c8       0x7c ./drivers/fsl_flexcan.o
                0x000018c8                FLEXCAN_SetTimingConfig
 .text.FLEXCAN_SetTxMbConfig
                0x00001944       0xa4 ./drivers/fsl_flexcan.o
                0x00001944                FLEXCAN_SetTxMbConfig
 .text.FLEXCAN_SetRxMbConfig
                0x000019e8       0xf8 ./drivers/fsl_flexcan.o
                0x000019e8                FLEXCAN_SetRxMbConfig
 .text.CAN0_DriverIRQHandler
                0x00001ae0       0x3c ./drivers/fsl_flexcan.o
                0x00001ae0                CAN0_DriverIRQHandler
 .text.I2C_TransferCommonIRQHandler
                0x00001b1c       0x58 ./drivers/fsl_i2c.o
 .text.I2C0_DriverIRQHandler
                0x00001b74       0x1c ./drivers/fsl_i2c.o
                0x00001b74                I2C0_DriverIRQHandler
 .text.I2C1_DriverIRQHandler
                0x00001b90       0x1c ./drivers/fsl_i2c.o
                0x00001b90                I2C1_DriverIRQHandler
 .text.I2C2_DriverIRQHandler
                0x00001bac       0x1c ./drivers/fsl_i2c.o
                0x00001bac                I2C2_DriverIRQHandler
 .text.UART_GetInstance
                0x00001bc8       0x54 ./drivers/fsl_uart.o
                0x00001bc8                UART_GetInstance
 .text.UART_Init
                0x00001c1c      0x2f4 ./drivers/fsl_uart.o
                0x00001c1c                UART_Init
 .text.UART_GetDefaultConfig
                0x00001f10       0x68 ./drivers/fsl_uart.o
                0x00001f10                UART_GetDefaultConfig
 .text.UART0_DriverIRQHandler
                0x00001f78       0x28 ./drivers/fsl_uart.o
                0x00001f78                UART0_DriverIRQHandler
 .text.UART1_DriverIRQHandler
                0x00001fa0       0x28 ./drivers/fsl_uart.o
                0x00001fa0                UART1_DriverIRQHandler
 .text.UART2_DriverIRQHandler
                0x00001fc8       0x28 ./drivers/fsl_uart.o
                0x00001fc8                UART2_DriverIRQHandler
 .text.UART3_DriverIRQHandler
                0x00001ff0       0x28 ./drivers/fsl_uart.o
                0x00001ff0                UART3_DriverIRQHandler
 .text.UART4_DriverIRQHandler
                0x00002018       0x28 ./drivers/fsl_uart.o
                0x00002018                UART4_DriverIRQHandler
 .text.UART5_DriverIRQHandler
                0x00002040       0x28 ./drivers/fsl_uart.o
                0x00002040                UART5_DriverIRQHandler
 .text.SystemInit
                0x00002068       0x3c ./device/system_MK64F12.o
                0x00002068                SystemInit
 .text.HAL_UartInit
                0x000020a4      0x128 ./component/uart/fsl_adapter_uart.o
                0x000020a4                HAL_UartInit
 .text.CLOCK_SetSdhc0Clock
                0x000021cc       0x38 ./board/clock_config.o
 .text.CLOCK_SetEnetTime0Clock
                0x00002204       0x38 ./board/clock_config.o
 .text.CLOCK_SetRmii0Clock
                0x0000223c       0x38 ./board/clock_config.o
 .text.CLOCK_SetTraceClock
                0x00002274       0x38 ./board/clock_config.o
 .text.CLOCK_SetClkOutClock
                0x000022ac       0x34 ./board/clock_config.o
 .text.CLOCK_SetSimSafeDivs
                0x000022e0       0x20 ./board/clock_config.o
 .text.CLOCK_SetXtal0Freq
                0x00002300       0x20 ./board/clock_config.o
 .text.CLOCK_CONFIG_SetFllExtRefDiv
                0x00002320       0x3c ./board/clock_config.o
 .text.BOARD_BootClockRUN
                0x0000235c       0x88 ./board/clock_config.o
                0x0000235c                BOARD_BootClockRUN
 .text.CAN0_init
                0x000023e4       0x6c ./board/peripherals.o
 .text.UART0_init
                0x00002450       0x24 ./board/peripherals.o
 .text.PORT_SetPinConfig
                0x00002474       0x38 ./board/pin_mux.o
 .text.BOARD_InitPins
                0x000024ac       0x80 ./board/pin_mux.o
                0x000024ac                BOARD_InitPins
 .text.BOARD_InitDEBUG_UARTPins
                0x0000252c       0x68 ./board/pin_mux.o
                0x0000252c                BOARD_InitDEBUG_UARTPins
 .text.__assertion_failed
                0x00002594       0x4c C:/NXP/MCUXpressoIDE_25.6.136/ide/plugins/com.nxp.mcuxpresso.tools.win32_25.6.0.202501151204/tools/bin/../lib/gcc/arm-none-eabi/14.2.1/../../../../arm-none-eabi/lib/thumb/v7e-m+fp/hard\libcr_nohost_nf.a(_cr_assert.o)
                0x00002594                __assertion_failed
 .text._Cwritebuf
                0x000025e0       0x70 C:/NXP/MCUXpressoIDE_25.6.136/ide/plugins/com.nxp.mcuxpresso.tools.win32_25.6.0.202501151204/tools/bin/../lib/gcc/arm-none-eabi/14.2.1/../../../../arm-none-eabi/lib/thumb/v7e-m+fp/hard\libcr_c.a(_writebuf.o)
                0x000025e0                _Cwritebuf
 .text.malloc   0x00002650       0xc8 C:/NXP/MCUXpressoIDE_25.6.136/ide/plugins/com.nxp.mcuxpresso.tools.win32_25.6.0.202501151204/tools/bin/../lib/gcc/arm-none-eabi/14.2.1/../../../../arm-none-eabi/lib/thumb/v7e-m+fp/hard\libcr_c.a(alloc.o)
                0x00002650                malloc
 .text._Csys_alloc
                0x00002718       0x20 C:/NXP/MCUXpressoIDE_25.6.136/ide/plugins/com.nxp.mcuxpresso.tools.win32_25.6.0.202501151204/tools/bin/../lib/gcc/arm-none-eabi/14.2.1/../../../../arm-none-eabi/lib/thumb/v7e-m+fp/hard\libcr_c.a(alloc.o)
                0x00002718                _Csys_alloc
 .text.fseek    0x00002738       0xf8 C:/NXP/MCUXpressoIDE_25.6.136/ide/plugins/com.nxp.mcuxpresso.tools.win32_25.6.0.202501151204/tools/bin/../lib/gcc/arm-none-eabi/14.2.1/../../../../arm-none-eabi/lib/thumb/v7e-m+fp/hard\libcr_c.a(fseek.o)
                0x00002738                fseek
 .text.ftell    0x00002830       0x44 C:/NXP/MCUXpressoIDE_25.6.136/ide/plugins/com.nxp.mcuxpresso.tools.win32_25.6.0.202501151204/tools/bin/../lib/gcc/arm-none-eabi/14.2.1/../../../../arm-none-eabi/lib/thumb/v7e-m+fp/hard\libcr_c.a(ftell.o)
                0x00002830                ftell
 .text._initio  0x00002874       0x78 C:/NXP/MCUXpressoIDE_25.6.136/ide/plugins/com.nxp.mcuxpresso.tools.win32_25.6.0.202501151204/tools/bin/../lib/gcc/arm-none-eabi/14.2.1/../../../../arm-none-eabi/lib/thumb/v7e-m+fp/hard\libcr_c.a(initio.o)
                0x00002874                _initio
 .text._sbrk    0x000028ec       0x3c C:/NXP/MCUXpressoIDE_25.6.136/ide/plugins/com.nxp.mcuxpresso.tools.win32_25.6.0.202501151204/tools/bin/../lib/gcc/arm-none-eabi/14.2.1/../../../../arm-none-eabi/lib/thumb/v7e-m+fp/hard\libcr_c.a(_cr_sbrk.o)
                0x000028ec                _sbrk
 .text.fflush   0x00002928       0x3c C:/NXP/MCUXpressoIDE_25.6.136/ide/plugins/com.nxp.mcuxpresso.tools.win32_25.6.0.202501151204/tools/bin/../lib/gcc/arm-none-eabi/14.2.1/../../../../arm-none-eabi/lib/thumb/v7e-m+fp/hard\libcr_c.a(fflush.o)
                0x00002928                fflush
 .text.__check_heap_overflow
                0x00002964       0x18 C:/NXP/MCUXpressoIDE_25.6.136/ide/plugins/com.nxp.mcuxpresso.tools.win32_25.6.0.202501151204/tools/bin/../lib/gcc/arm-none-eabi/14.2.1/../../../../arm-none-eabi/lib/thumb/v7e-m+fp/hard\libcr_c.a(_cr_check_heap.o)
                0x00002964                __check_heap_overflow
 .text.DMA0_IRQHandler
                0x0000297c        0x8 ./startup/startup_mk64f12.o
                0x0000297c                DMA0_IRQHandler
 .text.DMA1_IRQHandler
                0x00002984        0x8 ./startup/startup_mk64f12.o
                0x00002984                DMA1_IRQHandler
 .text.DMA2_IRQHandler
                0x0000298c        0x8 ./startup/startup_mk64f12.o
                0x0000298c                DMA2_IRQHandler
 .text.DMA3_IRQHandler
                0x00002994        0x8 ./startup/startup_mk64f12.o
                0x00002994                DMA3_IRQHandler
 .text.DMA4_IRQHandler
                0x0000299c        0x8 ./startup/startup_mk64f12.o
                0x0000299c                DMA4_IRQHandler
 .text.DMA5_IRQHandler
                0x000029a4        0x8 ./startup/startup_mk64f12.o
                0x000029a4                DMA5_IRQHandler
 .text.DMA6_IRQHandler
                0x000029ac        0x8 ./startup/startup_mk64f12.o
                0x000029ac                DMA6_IRQHandler
 .text.DMA7_IRQHandler
                0x000029b4        0x8 ./startup/startup_mk64f12.o
                0x000029b4                DMA7_IRQHandler
 .text.DMA8_IRQHandler
                0x000029bc        0x8 ./startup/startup_mk64f12.o
                0x000029bc                DMA8_IRQHandler
 .text.DMA9_IRQHandler
                0x000029c4        0x8 ./startup/startup_mk64f12.o
                0x000029c4                DMA9_IRQHandler
 .text.DMA10_IRQHandler
                0x000029cc        0x8 ./startup/startup_mk64f12.o
                0x000029cc                DMA10_IRQHandler
 .text.DMA11_IRQHandler
                0x000029d4        0x8 ./startup/startup_mk64f12.o
                0x000029d4                DMA11_IRQHandler
 .text.DMA12_IRQHandler
                0x000029dc        0x8 ./startup/startup_mk64f12.o
                0x000029dc                DMA12_IRQHandler
 .text.DMA13_IRQHandler
                0x000029e4        0x8 ./startup/startup_mk64f12.o
                0x000029e4                DMA13_IRQHandler
 .text.DMA14_IRQHandler
                0x000029ec        0x8 ./startup/startup_mk64f12.o
                0x000029ec                DMA14_IRQHandler
 .text.DMA15_IRQHandler
                0x000029f4        0x8 ./startup/startup_mk64f12.o
                0x000029f4                DMA15_IRQHandler
 .text.DMA_Error_IRQHandler
                0x000029fc        0x8 ./startup/startup_mk64f12.o
                0x000029fc                DMA_Error_IRQHandler
 .text.MCM_IRQHandler
                0x00002a04        0x8 ./startup/startup_mk64f12.o
                0x00002a04                MCM_IRQHandler
 .text.FTFE_IRQHandler
                0x00002a0c        0x8 ./startup/startup_mk64f12.o
                0x00002a0c                FTFE_IRQHandler
 .text.Read_Collision_IRQHandler
                0x00002a14        0x8 ./startup/startup_mk64f12.o
                0x00002a14                Read_Collision_IRQHandler
 .text.LVD_LVW_IRQHandler
                0x00002a1c        0x8 ./startup/startup_mk64f12.o
                0x00002a1c                LVD_LVW_IRQHandler
 .text.LLWU_IRQHandler
                0x00002a24        0x8 ./startup/startup_mk64f12.o
                0x00002a24                LLWU_IRQHandler
 .text.WDOG_EWM_IRQHandler
                0x00002a2c        0x8 ./startup/startup_mk64f12.o
                0x00002a2c                WDOG_EWM_IRQHandler
 .text.RNG_IRQHandler
                0x00002a34        0x8 ./startup/startup_mk64f12.o
                0x00002a34                RNG_IRQHandler
 .text.I2C0_IRQHandler
                0x00002a3c        0x8 ./startup/startup_mk64f12.o
                0x00002a3c                I2C0_IRQHandler
 .text.I2C1_IRQHandler
                0x00002a44        0x8 ./startup/startup_mk64f12.o
                0x00002a44                I2C1_IRQHandler
 .text.SPI0_IRQHandler
                0x00002a4c        0x8 ./startup/startup_mk64f12.o
                0x00002a4c                SPI0_IRQHandler
 .text.SPI1_IRQHandler
                0x00002a54        0x8 ./startup/startup_mk64f12.o
                0x00002a54                SPI1_IRQHandler
 .text.I2S0_Tx_IRQHandler
                0x00002a5c        0x8 ./startup/startup_mk64f12.o
                0x00002a5c                I2S0_Tx_IRQHandler
 .text.I2S0_Rx_IRQHandler
                0x00002a64        0x8 ./startup/startup_mk64f12.o
                0x00002a64                I2S0_Rx_IRQHandler
 .text.UART0_LON_IRQHandler
                0x00002a6c        0x8 ./startup/startup_mk64f12.o
                0x00002a6c                UART0_LON_IRQHandler
 .text.UART0_RX_TX_IRQHandler
                0x00002a74        0x8 ./startup/startup_mk64f12.o
                0x00002a74                UART0_RX_TX_IRQHandler
 .text.UART0_ERR_IRQHandler
                0x00002a7c        0x8 ./startup/startup_mk64f12.o
                0x00002a7c                UART0_ERR_IRQHandler
 .text.UART1_RX_TX_IRQHandler
                0x00002a84        0x8 ./startup/startup_mk64f12.o
                0x00002a84                UART1_RX_TX_IRQHandler
 .text.UART1_ERR_IRQHandler
                0x00002a8c        0x8 ./startup/startup_mk64f12.o
                0x00002a8c                UART1_ERR_IRQHandler
 .text.UART2_RX_TX_IRQHandler
                0x00002a94        0x8 ./startup/startup_mk64f12.o
                0x00002a94                UART2_RX_TX_IRQHandler
 .text.UART2_ERR_IRQHandler
                0x00002a9c        0x8 ./startup/startup_mk64f12.o
                0x00002a9c                UART2_ERR_IRQHandler
 .text.UART3_RX_TX_IRQHandler
                0x00002aa4        0x8 ./startup/startup_mk64f12.o
                0x00002aa4                UART3_RX_TX_IRQHandler
 .text.UART3_ERR_IRQHandler
                0x00002aac        0x8 ./startup/startup_mk64f12.o
                0x00002aac                UART3_ERR_IRQHandler
 .text.ADC0_IRQHandler
                0x00002ab4        0x8 ./startup/startup_mk64f12.o
                0x00002ab4                ADC0_IRQHandler
 .text.CMP0_IRQHandler
                0x00002abc        0x8 ./startup/startup_mk64f12.o
                0x00002abc                CMP0_IRQHandler
 .text.CMP1_IRQHandler
                0x00002ac4        0x8 ./startup/startup_mk64f12.o
                0x00002ac4                CMP1_IRQHandler
 .text.FTM0_IRQHandler
                0x00002acc        0x8 ./startup/startup_mk64f12.o
                0x00002acc                FTM0_IRQHandler
 .text.FTM1_IRQHandler
                0x00002ad4        0x8 ./startup/startup_mk64f12.o
                0x00002ad4                FTM1_IRQHandler
 .text.FTM2_IRQHandler
                0x00002adc        0x8 ./startup/startup_mk64f12.o
                0x00002adc                FTM2_IRQHandler
 .text.CMT_IRQHandler
                0x00002ae4        0x8 ./startup/startup_mk64f12.o
                0x00002ae4                CMT_IRQHandler
 .text.RTC_IRQHandler
                0x00002aec        0x8 ./startup/startup_mk64f12.o
                0x00002aec                RTC_IRQHandler
 .text.RTC_Seconds_IRQHandler
                0x00002af4        0x8 ./startup/startup_mk64f12.o
                0x00002af4                RTC_Seconds_IRQHandler
 .text.PIT0_IRQHandler
                0x00002afc        0x8 ./startup/startup_mk64f12.o
                0x00002afc                PIT0_IRQHandler
 .text.PIT1_IRQHandler
                0x00002b04        0x8 ./startup/startup_mk64f12.o
                0x00002b04                PIT1_IRQHandler
 .text.PIT2_IRQHandler
                0x00002b0c        0x8 ./startup/startup_mk64f12.o
                0x00002b0c                PIT2_IRQHandler
 .text.PIT3_IRQHandler
                0x00002b14        0x8 ./startup/startup_mk64f12.o
                0x00002b14                PIT3_IRQHandler
 .text.PDB0_IRQHandler
                0x00002b1c        0x8 ./startup/startup_mk64f12.o
                0x00002b1c                PDB0_IRQHandler
 .text.USB0_IRQHandler
                0x00002b24        0x8 ./startup/startup_mk64f12.o
                0x00002b24                USB0_IRQHandler
 .text.USBDCD_IRQHandler
                0x00002b2c        0x8 ./startup/startup_mk64f12.o
                0x00002b2c                USBDCD_IRQHandler
 .text.Reserved71_IRQHandler
                0x00002b34        0x8 ./startup/startup_mk64f12.o
                0x00002b34                Reserved71_IRQHandler
 .text.DAC0_IRQHandler
                0x00002b3c        0x8 ./startup/startup_mk64f12.o
                0x00002b3c                DAC0_IRQHandler
 .text.MCG_IRQHandler
                0x00002b44        0x8 ./startup/startup_mk64f12.o
                0x00002b44                MCG_IRQHandler
 .text.LPTMR0_IRQHandler
                0x00002b4c        0x8 ./startup/startup_mk64f12.o
                0x00002b4c                LPTMR0_IRQHandler
 .text.PORTA_IRQHandler
                0x00002b54        0x8 ./startup/startup_mk64f12.o
                0x00002b54                PORTA_IRQHandler
 .text.PORTB_IRQHandler
                0x00002b5c        0x8 ./startup/startup_mk64f12.o
                0x00002b5c                PORTB_IRQHandler
 .text.PORTC_IRQHandler
                0x00002b64        0x8 ./startup/startup_mk64f12.o
                0x00002b64                PORTC_IRQHandler
 .text.PORTD_IRQHandler
                0x00002b6c        0x8 ./startup/startup_mk64f12.o
                0x00002b6c                PORTD_IRQHandler
 .text.PORTE_IRQHandler
                0x00002b74        0x8 ./startup/startup_mk64f12.o
                0x00002b74                PORTE_IRQHandler
 .text.SWI_IRQHandler
                0x00002b7c        0x8 ./startup/startup_mk64f12.o
                0x00002b7c                SWI_IRQHandler
 .text.SPI2_IRQHandler
                0x00002b84        0x8 ./startup/startup_mk64f12.o
                0x00002b84                SPI2_IRQHandler
 .text.UART4_RX_TX_IRQHandler
                0x00002b8c        0x8 ./startup/startup_mk64f12.o
                0x00002b8c                UART4_RX_TX_IRQHandler
 .text.UART4_ERR_IRQHandler
                0x00002b94        0x8 ./startup/startup_mk64f12.o
                0x00002b94                UART4_ERR_IRQHandler
 .text.UART5_RX_TX_IRQHandler
                0x00002b9c        0x8 ./startup/startup_mk64f12.o
                0x00002b9c                UART5_RX_TX_IRQHandler
 .text.UART5_ERR_IRQHandler
                0x00002ba4        0x8 ./startup/startup_mk64f12.o
                0x00002ba4                UART5_ERR_IRQHandler
 .text.CMP2_IRQHandler
                0x00002bac        0x8 ./startup/startup_mk64f12.o
                0x00002bac                CMP2_IRQHandler
 .text.FTM3_IRQHandler
                0x00002bb4        0x8 ./startup/startup_mk64f12.o
                0x00002bb4                FTM3_IRQHandler
 .text.DAC1_IRQHandler
                0x00002bbc        0x8 ./startup/startup_mk64f12.o
                0x00002bbc                DAC1_IRQHandler
 .text.ADC1_IRQHandler
                0x00002bc4        0x8 ./startup/startup_mk64f12.o
                0x00002bc4                ADC1_IRQHandler
 .text.I2C2_IRQHandler
                0x00002bcc        0x8 ./startup/startup_mk64f12.o
                0x00002bcc                I2C2_IRQHandler
 .text.CAN0_ORed_Message_buffer_IRQHandler
                0x00002bd4        0x8 ./startup/startup_mk64f12.o
                0x00002bd4                CAN0_ORed_Message_buffer_IRQHandler
 .text.CAN0_Bus_Off_IRQHandler
                0x00002bdc        0x8 ./startup/startup_mk64f12.o
                0x00002bdc                CAN0_Bus_Off_IRQHandler
 .text.CAN0_Error_IRQHandler
                0x00002be4        0x8 ./startup/startup_mk64f12.o
                0x00002be4                CAN0_Error_IRQHandler
 .text.CAN0_Tx_Warning_IRQHandler
                0x00002bec        0x8 ./startup/startup_mk64f12.o
                0x00002bec                CAN0_Tx_Warning_IRQHandler
 .text.CAN0_Rx_Warning_IRQHandler
                0x00002bf4        0x8 ./startup/startup_mk64f12.o
                0x00002bf4                CAN0_Rx_Warning_IRQHandler
 .text.CAN0_Wake_Up_IRQHandler
                0x00002bfc        0x8 ./startup/startup_mk64f12.o
                0x00002bfc                CAN0_Wake_Up_IRQHandler
 .text.SDHC_IRQHandler
                0x00002c04        0x8 ./startup/startup_mk64f12.o
                0x00002c04                SDHC_IRQHandler
 .text.ENET_1588_Timer_IRQHandler
                0x00002c0c        0x8 ./startup/startup_mk64f12.o
                0x00002c0c                ENET_1588_Timer_IRQHandler
 .text.ENET_Transmit_IRQHandler
                0x00002c14        0x8 ./startup/startup_mk64f12.o
                0x00002c14                ENET_Transmit_IRQHandler
 .text.ENET_Receive_IRQHandler
                0x00002c1c        0x8 ./startup/startup_mk64f12.o
                0x00002c1c                ENET_Receive_IRQHandler
 .text.ENET_Error_IRQHandler
                0x00002c24        0x8 ./startup/startup_mk64f12.o
                0x00002c24                ENET_Error_IRQHandler
 .text.Init     0x00002c2c       0x18 ./source/INIT_HAL.o
                0x00002c2c                Init
 .text.UART_Write_NonBlocking
                0x00002c44       0x22 ./source/UART_HAL.o
                0x00002c44                UART_Write_NonBlocking
 .text.HardFault_Handler
                0x00002c66       0x36 ./source/semihost_hardfault.o
                0x00002c66                HardFault_Handler
 .text.CLOCK_EnableClock
                0x00002c9c       0x34 ./drivers/fsl_clock.o
 .text.CLOCK_DisableClock
                0x00002cd0       0x38 ./drivers/fsl_clock.o
 .text.OSC_SetExtRefClkConfig
                0x00002d08       0x34 ./drivers/fsl_clock.o
 .text.OSC_SetCapLoad
                0x00002d3c       0x34 ./drivers/fsl_clock.o
 .text.CLOCK_GetPll0RefFreq
                0x00002d70        0xe ./drivers/fsl_clock.o
 .text.CLOCK_GetFixedFreqClkFreq
                0x00002d7e       0x34 ./drivers/fsl_clock.o
                0x00002d7e                CLOCK_GetFixedFreqClkFreq
 .text.CLOCK_EnableClock
                0x00002db2       0x34 ./drivers/fsl_flexcan.o
 .text.FLEXCAN_Enable
                0x00002de6       0x54 ./drivers/fsl_flexcan.o
 .text.FLEXCAN_EnterFreezeMode
                0x00002e3a       0x3c ./drivers/fsl_flexcan.o
                0x00002e3a                FLEXCAN_EnterFreezeMode
 .text.FLEXCAN_ExitFreezeMode
                0x00002e76       0x3c ./drivers/fsl_flexcan.o
                0x00002e76                FLEXCAN_ExitFreezeMode
 .text.FLEXCAN_IsMbOccupied
                0x00002eb2       0x52 ./drivers/fsl_flexcan.o
 .text.CLOCK_EnableClock
                0x00002f04       0x34 ./drivers/fsl_uart.o
 .text.UART_WriteBlocking
                0x00002f38       0x50 ./drivers/fsl_uart.o
                0x00002f38                UART_WriteBlocking
 .text.UART0_RX_TX_DriverIRQHandler
                0x00002f88       0x12 ./drivers/fsl_uart.o
                0x00002f88                UART0_RX_TX_DriverIRQHandler
 .text.UART1_RX_TX_DriverIRQHandler
                0x00002f9a       0x12 ./drivers/fsl_uart.o
                0x00002f9a                UART1_RX_TX_DriverIRQHandler
 .text.UART2_RX_TX_DriverIRQHandler
                0x00002fac       0x12 ./drivers/fsl_uart.o
                0x00002fac                UART2_RX_TX_DriverIRQHandler
 .text.UART3_RX_TX_DriverIRQHandler
                0x00002fbe       0x12 ./drivers/fsl_uart.o
                0x00002fbe                UART3_RX_TX_DriverIRQHandler
 .text.UART4_RX_TX_DriverIRQHandler
                0x00002fd0       0x12 ./drivers/fsl_uart.o
                0x00002fd0                UART4_RX_TX_DriverIRQHandler
 .text.UART5_RX_TX_DriverIRQHandler
                0x00002fe2       0x12 ./drivers/fsl_uart.o
                0x00002fe2                UART5_RX_TX_DriverIRQHandler
 .text.SystemInitHook
                0x00002ff4        0xe ./device/system_MK64F12.o
                0x00002ff4                SystemInitHook
 .text.HAL_UartGetStatus
                0x00003002       0x22 ./component/uart/fsl_adapter_uart.o
 .text.DisableGlobalIRQ
                0x00003024       0x22 ./component/serial_manager/fsl_component_serial_manager.o
 .text.EnableGlobalIRQ
                0x00003046       0x20 ./component/serial_manager/fsl_component_serial_manager.o
 .text.SerialManager_Init
                0x00003066       0x60 ./component/serial_manager/fsl_component_serial_manager.o
                0x00003066                SerialManager_Init
 .text.SerialManager_OpenWriteHandle
                0x000030c6       0x50 ./component/serial_manager/fsl_component_serial_manager.o
                0x000030c6                SerialManager_OpenWriteHandle
 .text.SerialManager_OpenReadHandle
                0x00003116       0x60 ./component/serial_manager/fsl_component_serial_manager.o
                0x00003116                SerialManager_OpenReadHandle
 .text.Serial_UartInit
                0x00003176       0x3e ./component/serial_manager/fsl_component_serial_port_uart.o
                0x00003176                Serial_UartInit
 .text.BOARD_InitDebugConsole
                0x000031b4       0x22 ./board/board.o
                0x000031b4                BOARD_InitDebugConsole
 .text.BOARD_InitBootClocks
                0x000031d6        0xc ./board/clock_config.o
                0x000031d6                BOARD_InitBootClocks
 .text.BOARD_InitPeripherals
                0x000031e2       0x10 ./board/peripherals.o
                0x000031e2                BOARD_InitPeripherals
 .text.BOARD_InitBootPeripherals
                0x000031f2        0xc ./board/peripherals.o
                0x000031f2                BOARD_InitBootPeripherals
 .text.CLOCK_EnableClock
                0x000031fe       0x34 ./board/pin_mux.o
 .text.PORT_SetPinMux
                0x00003232       0x3a ./board/pin_mux.o
 .text.BOARD_InitBootPins
                0x0000326c       0x10 ./board/pin_mux.o
                0x0000326c                BOARD_InitBootPins
 .text.__main   0x0000327c        0xe C:/NXP/MCUXpressoIDE_25.6.136/ide/plugins/com.nxp.mcuxpresso.tools.win32_25.6.0.202501151204/tools/bin/../lib/gcc/arm-none-eabi/14.2.1/../../../../arm-none-eabi/lib/thumb/v7e-m+fp/hard\libcr_nohost_nf.a(_cr__main.o)
                0x0000327c                __main
 .text.__sys_appexit
                0x0000328a        0x2 C:/NXP/MCUXpressoIDE_25.6.136/ide/plugins/com.nxp.mcuxpresso.tools.win32_25.6.0.202501151204/tools/bin/../lib/gcc/arm-none-eabi/14.2.1/../../../../arm-none-eabi/lib/thumb/v7e-m+fp/hard\libcr_nohost_nf.a(__sys_appexit.o)
                0x0000328a                __sys_appexit
                0x0000328a                __exit
 .text.memset   0x0000328c        0x4 C:/NXP/MCUXpressoIDE_25.6.136/ide/plugins/com.nxp.mcuxpresso.tools.win32_25.6.0.202501151204/tools/bin/../lib/gcc/arm-none-eabi/14.2.1/../../../../arm-none-eabi/lib/thumb/v7e-m+fp/hard\libcr_c.a(memset.o)
                0x0000328c                memset
 .text._deferredlazyseek
                0x00003290       0x40 C:/NXP/MCUXpressoIDE_25.6.136/ide/plugins/com.nxp.mcuxpresso.tools.win32_25.6.0.202501151204/tools/bin/../lib/gcc/arm-none-eabi/14.2.1/../../../../arm-none-eabi/lib/thumb/v7e-m+fp/hard\libcr_c.a(_deferredlazyseek.o)
                0x00003290                _deferredlazyseek
 .text.__flsbuf
                0x000032d0      0x12a C:/NXP/MCUXpressoIDE_25.6.136/ide/plugins/com.nxp.mcuxpresso.tools.win32_25.6.0.202501151204/tools/bin/../lib/gcc/arm-none-eabi/14.2.1/../../../../arm-none-eabi/lib/thumb/v7e-m+fp/hard\libcr_c.a(_deferredlazyseek.o)
                0x000032d0                __flsbuf
 .text._fflush  0x000033fa       0x52 C:/NXP/MCUXpressoIDE_25.6.136/ide/plugins/com.nxp.mcuxpresso.tools.win32_25.6.0.202501151204/tools/bin/../lib/gcc/arm-none-eabi/14.2.1/../../../../arm-none-eabi/lib/thumb/v7e-m+fp/hard\libcr_c.a(_fflush.o)
                0x000033fa                _fflush
 .text.free     0x0000344c       0x30 C:/NXP/MCUXpressoIDE_25.6.136/ide/plugins/com.nxp.mcuxpresso.tools.win32_25.6.0.202501151204/tools/bin/../lib/gcc/arm-none-eabi/14.2.1/../../../../arm-none-eabi/lib/thumb/v7e-m+fp/hard\libcr_c.a(alloc.o)
                0x0000344c                free
 .text.fputs    0x0000347c       0x2c C:/NXP/MCUXpressoIDE_25.6.136/ide/plugins/com.nxp.mcuxpresso.tools.win32_25.6.0.202501151204/tools/bin/../lib/gcc/arm-none-eabi/14.2.1/../../../../arm-none-eabi/lib/thumb/v7e-m+fp/hard\libcr_c.a(fputs.o)
                0x0000347c                fputs
 .text.setvbuf  0x000034a8       0x3e C:/NXP/MCUXpressoIDE_25.6.136/ide/plugins/com.nxp.mcuxpresso.tools.win32_25.6.0.202501151204/tools/bin/../lib/gcc/arm-none-eabi/14.2.1/../../../../arm-none-eabi/lib/thumb/v7e-m+fp/hard\libcr_c.a(setvbuf.o)
                0x000034a8                setvbuf
 .text.strlen   0x000034e6       0x4e C:/NXP/MCUXpressoIDE_25.6.136/ide/plugins/com.nxp.mcuxpresso.tools.win32_25.6.0.202501151204/tools/bin/../lib/gcc/arm-none-eabi/14.2.1/../../../../arm-none-eabi/lib/thumb/v7e-m+fp/hard\libcr_c.a(strlen.o)
                0x000034e6                strlen
 .text._fdopen  0x00003534       0x68 C:/NXP/MCUXpressoIDE_25.6.136/ide/plugins/com.nxp.mcuxpresso.tools.win32_25.6.0.202501151204/tools/bin/../lib/gcc/arm-none-eabi/14.2.1/../../../../arm-none-eabi/lib/thumb/v7e-m+fp/hard\libcr_c.a(_fdopen.o)
                0x00003534                _fdopen
 .text.fclose   0x0000359c       0x58 C:/NXP/MCUXpressoIDE_25.6.136/ide/plugins/com.nxp.mcuxpresso.tools.win32_25.6.0.202501151204/tools/bin/../lib/gcc/arm-none-eabi/14.2.1/../../../../arm-none-eabi/lib/thumb/v7e-m+fp/hard\libcr_c.a(fclose.o)
                0x0000359c                fclose
 .text.remove   0x000035f4       0x14 C:/NXP/MCUXpressoIDE_25.6.136/ide/plugins/com.nxp.mcuxpresso.tools.win32_25.6.0.202501151204/tools/bin/../lib/gcc/arm-none-eabi/14.2.1/../../../../arm-none-eabi/lib/thumb/v7e-m+fp/hard\libcr_c.a(remove.o)
                0x000035f4                remove
 .text._do_fflush
                0x00003608       0x40 C:/NXP/MCUXpressoIDE_25.6.136/ide/plugins/com.nxp.mcuxpresso.tools.win32_25.6.0.202501151204/tools/bin/../lib/gcc/arm-none-eabi/14.2.1/../../../../arm-none-eabi/lib/thumb/v7e-m+fp/hard\libcr_c.a(_do_fflush.o)
                0x00003608                _do_fflush
 .text.__aeabi_memset_lowlevel
                0x00003648       0x32 C:/NXP/MCUXpressoIDE_25.6.136/ide/plugins/com.nxp.mcuxpresso.tools.win32_25.6.0.202501151204/tools/bin/../lib/gcc/arm-none-eabi/14.2.1/thumb/v7e-m+fp/hard\libcr_eabihelpers.a(memcpy.o)
                0x00003648                __aeabi_lowlevel_memset
 .text.__sys_close
                0x0000367a        0x6 C:/NXP/MCUXpressoIDE_25.6.136/ide/plugins/com.nxp.mcuxpresso.tools.win32_25.6.0.202501151204/tools/bin/../lib/gcc/arm-none-eabi/14.2.1/../../../../arm-none-eabi/lib/thumb/v7e-m+fp/hard\libcr_nohost_nf.a(__sys_close.o)
                0x0000367a                __sys_close
 .text.__sys_flen
                0x00003680        0x6 C:/NXP/MCUXpressoIDE_25.6.136/ide/plugins/com.nxp.mcuxpresso.tools.win32_25.6.0.202501151204/tools/bin/../lib/gcc/arm-none-eabi/14.2.1/../../../../arm-none-eabi/lib/thumb/v7e-m+fp/hard\libcr_nohost_nf.a(__sys_flen.o)
                0x00003680                __sys_flen
 .text.__sys_istty
                0x00003686        0x6 C:/NXP/MCUXpressoIDE_25.6.136/ide/plugins/com.nxp.mcuxpresso.tools.win32_25.6.0.202501151204/tools/bin/../lib/gcc/arm-none-eabi/14.2.1/../../../../arm-none-eabi/lib/thumb/v7e-m+fp/hard\libcr_nohost_nf.a(__sys_istty.o)
                0x00003686                __sys_istty
 .text.__sys_remove
                0x0000368c        0x6 C:/NXP/MCUXpressoIDE_25.6.136/ide/plugins/com.nxp.mcuxpresso.tools.win32_25.6.0.202501151204/tools/bin/../lib/gcc/arm-none-eabi/14.2.1/../../../../arm-none-eabi/lib/thumb/v7e-m+fp/hard\libcr_nohost_nf.a(__sys_remove.o)
                0x0000368c                __sys_remove
 .text.__sys_seek
                0x00003692        0x6 C:/NXP/MCUXpressoIDE_25.6.136/ide/plugins/com.nxp.mcuxpresso.tools.win32_25.6.0.202501151204/tools/bin/../lib/gcc/arm-none-eabi/14.2.1/../../../../arm-none-eabi/lib/thumb/v7e-m+fp/hard\libcr_nohost_nf.a(__sys_seek.o)
                0x00003692                __sys_seek
 .text.__sys_tmpnam
                0x00003698        0x6 C:/NXP/MCUXpressoIDE_25.6.136/ide/plugins/com.nxp.mcuxpresso.tools.win32_25.6.0.202501151204/tools/bin/../lib/gcc/arm-none-eabi/14.2.1/../../../../arm-none-eabi/lib/thumb/v7e-m+fp/hard\libcr_nohost_nf.a(__sys_tmpnam.o)
                0x00003698                __sys_tmpnam
 .text.__sys_write
                0x0000369e        0x4 C:/NXP/MCUXpressoIDE_25.6.136/ide/plugins/com.nxp.mcuxpresso.tools.win32_25.6.0.202501151204/tools/bin/../lib/gcc/arm-none-eabi/14.2.1/../../../../arm-none-eabi/lib/thumb/v7e-m+fp/hard\libcr_nohost_nf.a(__sys_write.o)
                0x0000369e                __sys_write
 *(SORT_BY_ALIGNMENT(.rodata) SORT_BY_ALIGNMENT(.rodata.*) SORT_BY_ALIGNMENT(.constdata) SORT_BY_ALIGNMENT(.constdata.*))
 *fill*         0x000036a2        0x2 ff
 .rodata.UART_LogProcess.str1.4
                0x000036a4      0x7be ./source/Utilities.o
                                 0x50 (size before relaxing)
 .rodata.main.str1.4
                0x00003e62        0xe ./source/main.o
 .rodata.CLOCK_GetMcgExtClkFreq.str1.4
                0x00003e62       0x49 ./drivers/fsl_clock.o
 .rodata.CLOCK_GetOsc0ErClkFreq.str1.4
                0x00003e62       0x1e ./drivers/fsl_clock.o
 .rodata.CLOCK_GetEr32kClkFreq.str1.4
                0x00003e62       0x1f ./drivers/fsl_clock.o
 .rodata.CLOCK_GetPll0Freq.str1.4
                0x00003e62       0x1d ./drivers/fsl_clock.o
 .rodata.CLOCK_EnablePll0.str1.4
                0x00003e62       0x1a ./drivers/fsl_clock.o
 .rodata.CLOCK_SetPbeMode.str1.4
                0x00003e62       0x1a ./drivers/fsl_clock.o
 .rodata.CLOCK_BootToPeeMode.str1.4
                0x00003e62       0x1a ./drivers/fsl_clock.o
 *fill*         0x00003e62        0x2 ff
 .rodata.fllFactorTable.1
                0x00003e64       0x10 ./drivers/fsl_clock.o
 .rodata.ENET_GetInstance.str1.4
                0x00003e74       0x34 ./drivers/fsl_enet.o
 .rodata.FLEXCAN_GetInstance.str1.4
                0x00003e74       0x3a ./drivers/fsl_flexcan.o
 .rodata.FLEXCAN_Reset.str1.4
                0x00003e74       0x3a ./drivers/fsl_flexcan.o
 .rodata.FLEXCAN_SetBitRate.str1.4
                0x00003e74       0xb8 ./drivers/fsl_flexcan.o
 .rodata.FLEXCAN_Init.str1.4
                0x00003e74       0xda ./drivers/fsl_flexcan.o
 .rodata.FLEXCAN_SetTimingConfig.str1.4
                0x00003e74       0x25 ./drivers/fsl_flexcan.o
 .rodata.FLEXCAN_SetTxMbConfig.str1.4
                0x00003e74       0x78 ./drivers/fsl_flexcan.o
 .rodata.FLEXCAN_SetRxMbConfig.str1.4
                0x00003e74       0xbc ./drivers/fsl_flexcan.o
 .rodata.CAN0_DriverIRQHandler.str1.4
                0x00003e74       0x30 ./drivers/fsl_flexcan.o
 .rodata.s_uartBases
                0x00003e74       0x18 ./drivers/fsl_uart.o
 .rodata.s_uartClock
                0x00003e8c       0x18 ./drivers/fsl_uart.o
 .rodata.UART_GetInstance.str1.4
                0x00003ea4       0x2b ./drivers/fsl_uart.o
 .rodata.UART_Init.str1.4
                0x00003ea4       0xfb ./drivers/fsl_uart.o
 .rodata.UART_GetDefaultConfig.str1.4
                0x00003ea4       0x20 ./drivers/fsl_uart.o
 .rodata.s_UartAdapterBase
                0x00003ea4       0x18 ./component/uart/fsl_adapter_uart.o
 .rodata.HAL_UartInit.str1.4
                0x00003ebc       0xdd ./component/uart/fsl_adapter_uart.o
 .rodata.mcgConfig_BOARD_BootClockRUN
                0x00003ebc        0xb ./board/clock_config.o
                0x00003ebc                mcgConfig_BOARD_BootClockRUN
 *fill*         0x00003ec7        0x1 ff
 .rodata.simConfig_BOARD_BootClockRUN
                0x00003ec8        0x8 ./board/clock_config.o
                0x00003ec8                simConfig_BOARD_BootClockRUN
 .rodata.oscConfig_BOARD_BootClockRUN
                0x00003ed0        0x8 ./board/clock_config.o
                0x00003ed0                oscConfig_BOARD_BootClockRUN
 .rodata.CAN0_config
                0x00003ed8       0x14 ./board/peripherals.o
                0x00003ed8                CAN0_config
 .rodata.CAN0_rx_mb_config_0
                0x00003eec        0x8 ./board/peripherals.o
                0x00003eec                CAN0_rx_mb_config_0
 .rodata.CAN0_rx_mb_config_3
                0x00003ef4        0x8 ./board/peripherals.o
                0x00003ef4                CAN0_rx_mb_config_3
 .rodata.CAN0_rx_mb_config_5
                0x00003efc        0x8 ./board/peripherals.o
                0x00003efc                CAN0_rx_mb_config_5
 .rodata.UART0_config
                0x00003f04       0x10 ./board/peripherals.o
                0x00003f04                UART0_config
 .rodata.PORT_SetPinConfig.str1.4
                0x00003f14       0x6a ./board/pin_mux.o
 .rodata.__num_Ciob_streams
                0x00003f14        0x4 C:/NXP/MCUXpressoIDE_25.6.136/ide/plugins/com.nxp.mcuxpresso.tools.win32_25.6.0.202501151204/tools/bin/../lib/gcc/arm-none-eabi/14.2.1/../../../../arm-none-eabi/lib/thumb/v7e-m+fp/hard\libcr_nohost_nf.a(__ciob.o)
                0x00003f14                __num_Ciob_streams
 .rodata.__assertion_failed.str1.1
                0x00003f18       0x31 C:/NXP/MCUXpressoIDE_25.6.136/ide/plugins/com.nxp.mcuxpresso.tools.win32_25.6.0.202501151204/tools/bin/../lib/gcc/arm-none-eabi/14.2.1/../../../../arm-none-eabi/lib/thumb/v7e-m+fp/hard\libcr_nohost_nf.a(_cr_assert.o)
                                 0x15 (size before relaxing)
 .rodata._Csys_alloc.str1.1
                0x00003f49       0x18 C:/NXP/MCUXpressoIDE_25.6.136/ide/plugins/com.nxp.mcuxpresso.tools.win32_25.6.0.202501151204/tools/bin/../lib/gcc/arm-none-eabi/14.2.1/../../../../arm-none-eabi/lib/thumb/v7e-m+fp/hard\libcr_c.a(alloc.o)
 .rodata._initio.str1.1
                0x00003f49        0x4 C:/NXP/MCUXpressoIDE_25.6.136/ide/plugins/com.nxp.mcuxpresso.tools.win32_25.6.0.202501151204/tools/bin/../lib/gcc/arm-none-eabi/14.2.1/../../../../arm-none-eabi/lib/thumb/v7e-m+fp/hard\libcr_c.a(initio.o)
                0x00003f80                        . = ALIGN (0x8)
 *fill*         0x00003f49        0x7 ff

.glue_7         0x00003f50        0x0
 .glue_7        0x00003f50        0x0 linker stubs

.glue_7t        0x00003f50        0x0
 .glue_7t       0x00003f50        0x0 linker stubs

.vfp11_veneer   0x00003f50        0x0
 .vfp11_veneer  0x00003f50        0x0 linker stubs

.v4_bx          0x00003f50        0x0
 .v4_bx         0x00003f50        0x0 linker stubs

.iplt           0x00003f50        0x0
 .iplt          0x00003f50        0x0 ./utilities/fsl_debug_console.o

.rel.dyn        0x00003f50        0x0
 .rel.iplt      0x00003f50        0x0 ./utilities/fsl_debug_console.o

.ARM.extab
 *(SORT_BY_ALIGNMENT(.ARM.extab*) SORT_BY_ALIGNMENT(.gnu.linkonce.armextab.*))

.ARM.exidx      0x00003f50        0x0
                0x00003f50                        __exidx_start = .
 *(SORT_BY_ALIGNMENT(.ARM.exidx*) SORT_BY_ALIGNMENT(.gnu.linkonce.armexidx.*))
                0x00003f50                        __exidx_end = .
                0x00003f50                        _etext = .

.m_usb_data
 *(SORT_BY_ALIGNMENT(m_usb_bdt))

.data_RAM2      0x1fff0000        0x0 load address 0x00003f50
 FILL mask 0xff
                [!provide]                        PROVIDE (__start_data_RAM2 = .)
                [!provide]                        PROVIDE (__start_data_SRAM_LOWER = .)
 *(SORT_BY_ALIGNMENT(.ramfunc.$RAM2))
 *(SORT_BY_ALIGNMENT(.ramfunc.$SRAM_LOWER))
 *(SORT_BY_ALIGNMENT(.data.$RAM2))
 *(SORT_BY_ALIGNMENT(.data.$SRAM_LOWER))
 *(SORT_BY_ALIGNMENT(.data.$RAM2.*))
 *(SORT_BY_ALIGNMENT(.data.$SRAM_LOWER.*))
                0x1fff0000                        . = ALIGN (0x8)
                [!provide]                        PROVIDE (__end_data_RAM2 = .)
                [!provide]                        PROVIDE (__end_data_SRAM_LOWER = .)

.data_RAM3      0x14000000        0x0 load address 0x00003f50
 FILL mask 0xff
                [!provide]                        PROVIDE (__start_data_RAM3 = .)
                [!provide]                        PROVIDE (__start_data_FLEX_RAM = .)
 *(SORT_BY_ALIGNMENT(.ramfunc.$RAM3))
 *(SORT_BY_ALIGNMENT(.ramfunc.$FLEX_RAM))
 *(SORT_BY_ALIGNMENT(.data.$RAM3))
 *(SORT_BY_ALIGNMENT(.data.$FLEX_RAM))
 *(SORT_BY_ALIGNMENT(.data.$RAM3.*))
 *(SORT_BY_ALIGNMENT(.data.$FLEX_RAM.*))
                0x14000000                        . = ALIGN (0x8)
                [!provide]                        PROVIDE (__end_data_RAM3 = .)
                [!provide]                        PROVIDE (__end_data_FLEX_RAM = .)

.uninit_RESERVED
                0x20000000        0x0
                0x20000000                        _start_uninit_RESERVED = .
 *(SORT_BY_ALIGNMENT(.bss.$RESERVED*))
                0x20000000                        . = ALIGN (0x8)
                0x20000000                        _end_uninit_RESERVED = .

.data           0x20000000       0x10 load address 0x00003f50
 FILL mask 0xff
                0x20000000                        _data = .
                [!provide]                        PROVIDE (__start_data_RAM = .)
                [!provide]                        PROVIDE (__start_data_SRAM_UPPER = .)
 *(SORT_BY_ALIGNMENT(vtable))
 *(SORT_BY_ALIGNMENT(.ramfunc*))
 *(SORT_BY_ALIGNMENT(CodeQuickAccess))
 *(SORT_BY_ALIGNMENT(DataQuickAccess))
 *(SORT_BY_ALIGNMENT(RamFunction))
 *(SORT_BY_ALIGNMENT(.data*))
 .data.s_slowIrcFreq
                0x20000000        0x4 ./drivers/fsl_clock.o
 .data.s_fastIrcFreq
                0x20000004        0x4 ./drivers/fsl_clock.o
 .data.SystemCoreClock
                0x20000008        0x4 ./device/system_MK64F12.o
                0x20000008                SystemCoreClock
 .data.uartLogEnabled
                0x2000000c        0x1 ./source/Utilities.o
                0x20000010                        . = ALIGN (0x8)
 *fill*         0x2000000d        0x3 ff
                0x20000010                        _edata = .
                [!provide]                        PROVIDE (__end_data_RAM = .)
                [!provide]                        PROVIDE (__end_data_SRAM_UPPER = .)

.igot.plt       0x20000010        0x0 load address 0x00003f60
 .igot.plt      0x20000010        0x0 ./utilities/fsl_debug_console.o

.bss_RAM2       0x1fff0000        0x0
                [!provide]                        PROVIDE (__start_bss_RAM2 = .)
                [!provide]                        PROVIDE (__start_bss_SRAM_LOWER = .)
 *(SORT_BY_ALIGNMENT(.bss.$RAM2))
 *(SORT_BY_ALIGNMENT(.bss.$SRAM_LOWER))
 *(SORT_BY_ALIGNMENT(.bss.$RAM2.*))
 *(SORT_BY_ALIGNMENT(.bss.$SRAM_LOWER.*))
                0x1fff0000                        . = ALIGN ((. != 0x0)?0x8:0x1)
                [!provide]                        PROVIDE (__end_bss_RAM2 = .)
                [!provide]                        PROVIDE (__end_bss_SRAM_LOWER = .)

.bss_RAM3       0x14000000        0x0
                [!provide]                        PROVIDE (__start_bss_RAM3 = .)
                [!provide]                        PROVIDE (__start_bss_FLEX_RAM = .)
 *(SORT_BY_ALIGNMENT(.bss.$RAM3))
 *(SORT_BY_ALIGNMENT(.bss.$FLEX_RAM))
 *(SORT_BY_ALIGNMENT(.bss.$RAM3.*))
 *(SORT_BY_ALIGNMENT(.bss.$FLEX_RAM.*))
                0x14000000                        . = ALIGN ((. != 0x0)?0x8:0x1)
                [!provide]                        PROVIDE (__end_bss_RAM3 = .)
                [!provide]                        PROVIDE (__end_bss_FLEX_RAM = .)

.bss            0x20000010     0x1148
                0x20000010                        _bss = .
                [!provide]                        PROVIDE (__start_bss_RAM = .)
                [!provide]                        PROVIDE (__start_bss_SRAM_UPPER = .)
 *(SORT_BY_ALIGNMENT(.bss*))
 .bss.s_debugConsoleState
                0x20000010       0x20 ./utilities/fsl_debug_console.o
 .bss.g_serialHandle
                0x20000030        0x4 ./utilities/fsl_debug_console.o
                0x20000030                g_serialHandle
 .bss.uartLog   0x20000034     0x1006 ./source/Utilities.o
 *fill*         0x2000103a        0x2 
 .bss.i.0       0x2000103c        0x4 ./source/main.o
 .bss.g_xtal0Freq
                0x20001040        0x4 ./drivers/fsl_clock.o
                0x20001040                g_xtal0Freq
 .bss.g_xtal32Freq
                0x20001044        0x4 ./drivers/fsl_clock.o
                0x20001044                g_xtal32Freq
 .bss.s_ENETHandle
                0x20001048        0x4 ./drivers/fsl_enet.o
 .bss.s_enetTxIsr
                0x2000104c        0x4 ./drivers/fsl_enet.o
 .bss.s_enetRxIsr
                0x20001050        0x4 ./drivers/fsl_enet.o
 .bss.s_enetErrIsr
                0x20001054        0x4 ./drivers/fsl_enet.o
 .bss.s_enet1588TimerIsr
                0x20001058        0x4 ./drivers/fsl_enet.o
 .bss.s_flexcanHandle
                0x2000105c        0x4 ./drivers/fsl_flexcan.o
 .bss.s_flexcanIsr
                0x20001060        0x4 ./drivers/fsl_flexcan.o
 .bss.s_i2cHandle
                0x20001064        0xc ./drivers/fsl_i2c.o
 .bss.s_i2cMasterIsr
                0x20001070        0x4 ./drivers/fsl_i2c.o
 .bss.s_i2cSlaveIsr
                0x20001074        0x4 ./drivers/fsl_i2c.o
 .bss.s_uartHandle
                0x20001078       0x18 ./drivers/fsl_uart.o
                0x20001078                s_uartHandle
 .bss.s_uartIsr
                0x20001090        0x4 ./drivers/fsl_uart.o
                0x20001090                s_uartIsr
 .bss.__Ciob    0x20001094       0xb4 C:/NXP/MCUXpressoIDE_25.6.136/ide/plugins/com.nxp.mcuxpresso.tools.win32_25.6.0.202501151204/tools/bin/../lib/gcc/arm-none-eabi/14.2.1/../../../../arm-none-eabi/lib/thumb/v7e-m+fp/hard\libcr_nohost_nf.a(__ciob.o)
                0x20001094                __Ciob
 .bss.errno     0x20001148        0x4 C:/NXP/MCUXpressoIDE_25.6.136/ide/plugins/com.nxp.mcuxpresso.tools.win32_25.6.0.202501151204/tools/bin/../lib/gcc/arm-none-eabi/14.2.1/../../../../arm-none-eabi/lib/thumb/v7e-m+fp/hard\libcr_c.a(errno.o)
                0x20001148                errno
 .bss.__end_of_heap
                0x2000114c        0x4 C:/NXP/MCUXpressoIDE_25.6.136/ide/plugins/com.nxp.mcuxpresso.tools.win32_25.6.0.202501151204/tools/bin/../lib/gcc/arm-none-eabi/14.2.1/../../../../arm-none-eabi/lib/thumb/v7e-m+fp/hard\libcr_c.a(__init_alloc.o)
                0x2000114c                __end_of_heap
 .bss.__heaps   0x20001150        0x4 C:/NXP/MCUXpressoIDE_25.6.136/ide/plugins/com.nxp.mcuxpresso.tools.win32_25.6.0.202501151204/tools/bin/../lib/gcc/arm-none-eabi/14.2.1/../../../../arm-none-eabi/lib/thumb/v7e-m+fp/hard\libcr_c.a(__init_alloc.o)
                0x20001150                __heaps
 .bss.s_debugConsoleReadWaitSemaphore
                0x20001154        0x1 ./utilities/fsl_debug_console.o
 .bss.overflowReported.0
                0x20001155        0x1 ./source/Utilities.o
 *(SORT_BY_ALIGNMENT(COMMON))
                0x20001158                        . = ALIGN (0x8)
 *fill*         0x20001156        0x2 
                0x20001158                        _ebss = .
                [!provide]                        PROVIDE (__end_bss_RAM = .)
                [!provide]                        PROVIDE (__end_bss_SRAM_UPPER = .)
                [!provide]                        PROVIDE (end = .)

.noinit_RAM2    0x1fff0000        0x0
                [!provide]                        PROVIDE (__start_noinit_RAM2 = .)
                [!provide]                        PROVIDE (__start_noinit_SRAM_LOWER = .)
 *(SORT_BY_ALIGNMENT(.noinit.$RAM2))
 *(SORT_BY_ALIGNMENT(.noinit.$SRAM_LOWER))
 *(SORT_BY_ALIGNMENT(.noinit.$RAM2.*))
 *(SORT_BY_ALIGNMENT(.noinit.$SRAM_LOWER.*))
                0x1fff0000                        . = ALIGN (0x8)
                [!provide]                        PROVIDE (__end_noinit_RAM2 = .)
                [!provide]                        PROVIDE (__end_noinit_SRAM_LOWER = .)

.noinit_RAM3    0x14000000        0x0
                [!provide]                        PROVIDE (__start_noinit_RAM3 = .)
                [!provide]                        PROVIDE (__start_noinit_FLEX_RAM = .)
 *(SORT_BY_ALIGNMENT(.noinit.$RAM3))
 *(SORT_BY_ALIGNMENT(.noinit.$FLEX_RAM))
 *(SORT_BY_ALIGNMENT(.noinit.$RAM3.*))
 *(SORT_BY_ALIGNMENT(.noinit.$FLEX_RAM.*))
                0x14000000                        . = ALIGN (0x8)
                [!provide]                        PROVIDE (__end_noinit_RAM3 = .)
                [!provide]                        PROVIDE (__end_noinit_FLEX_RAM = .)

.noinit         0x20001158        0x0
                0x20001158                        _noinit = .
                [!provide]                        PROVIDE (__start_noinit_RAM = .)
                [!provide]                        PROVIDE (__start_noinit_SRAM_UPPER = .)
 *(SORT_BY_ALIGNMENT(.noinit*))
                0x20001158                        . = ALIGN (0x8)
                0x20001158                        _end_noinit = .
                [!provide]                        PROVIDE (__end_noinit_RAM = .)
                [!provide]                        PROVIDE (__end_noinit_SRAM_UPPER = .)
                0x00001000                        _HeapSize = 0x1000

.heap           0x20001158     0x1000
                0x20001158                        _pvHeapStart = .
                0x20002158                        . = (. + _HeapSize)
 *fill*         0x20001158     0x1000 
                0x20002158                        . = ALIGN (0x8)
                0x20002158                        _pvHeapLimit = .
                0x00001000                        _StackSize = 0x1000

.heap2stackfill
                0x20002158     0x1000
                0x20003158                        . = (. + _StackSize)
 *fill*         0x20002158     0x1000 

.stack          0x2002f000        0x0
                0x2002f000                        _vStackBase = .
                0x2002f000                        . = ALIGN (0x8)
                0x20030000                        _vStackTop = (. + _StackSize)
                0x00000000                        _image_start = LOADADDR (.text)
                0x00003f60                        _image_end = (LOADADDR (.data) + SIZEOF (.data))
                0x00003f60                        _image_size = (_image_end - _image_start)
OUTPUT(MK64F12_Project.axf elf32-littlearm)
LOAD linker stubs

.debug_info     0x00000000    0x168bb
 .debug_info    0x00000000      0xdc9 ./utilities/fsl_debug_console.o
 .debug_info    0x00000dc9      0xd01 ./startup/startup_mk64f12.o
 .debug_info    0x00001aca       0xb7 ./source/INIT_HAL.o
 .debug_info    0x00001b81      0x83e ./source/UART_HAL.o
 .debug_info    0x000023bf      0xb46 ./source/Utilities.o
 .debug_info    0x00002f05       0xf8 ./source/main.o
 .debug_info    0x00002ffd       0x3c ./source/semihost_hardfault.o
 .debug_info    0x00003039     0x21e2 ./drivers/fsl_clock.o
 .debug_info    0x0000521b     0x39a0 ./drivers/fsl_enet.o
 .debug_info    0x00008bbb     0x2505 ./drivers/fsl_flexcan.o
 .debug_info    0x0000b0c0     0x1ed1 ./drivers/fsl_i2c.o
 .debug_info    0x0000cf91     0x1fcf ./drivers/fsl_uart.o
 .debug_info    0x0000ef60      0x649 ./device/system_MK64F12.o
 .debug_info    0x0000f5a9      0xb37 ./component/uart/fsl_adapter_uart.o
 .debug_info    0x000100e0      0x9c2 ./component/serial_manager/fsl_component_serial_manager.o
 .debug_info    0x00010aa2      0x530 ./component/serial_manager/fsl_component_serial_port_uart.o
 .debug_info    0x00010fd2      0x14b ./board/board.o
 .debug_info    0x0001111d      0xdd4 ./board/clock_config.o
 .debug_info    0x00011ef1      0xd26 ./board/peripherals.o
 .debug_info    0x00012c17      0xc85 ./board/pin_mux.o
 .debug_info    0x0001389c       0x85 C:/NXP/MCUXpressoIDE_25.6.136/ide/plugins/com.nxp.mcuxpresso.tools.win32_25.6.0.202501151204/tools/bin/../lib/gcc/arm-none-eabi/14.2.1/../../../../arm-none-eabi/lib/thumb/v7e-m+fp/hard\libcr_nohost_nf.a(_cr__main.o)
 .debug_info    0x00013921      0x235 C:/NXP/MCUXpressoIDE_25.6.136/ide/plugins/com.nxp.mcuxpresso.tools.win32_25.6.0.202501151204/tools/bin/../lib/gcc/arm-none-eabi/14.2.1/../../../../arm-none-eabi/lib/thumb/v7e-m+fp/hard\libcr_nohost_nf.a(_cr_assert.o)
 .debug_info    0x00013b56      0x18b C:/NXP/MCUXpressoIDE_25.6.136/ide/plugins/com.nxp.mcuxpresso.tools.win32_25.6.0.202501151204/tools/bin/../lib/gcc/arm-none-eabi/14.2.1/../../../../arm-none-eabi/lib/thumb/v7e-m+fp/hard\libcr_nohost_nf.a(__ciob.o)
 .debug_info    0x00013ce1       0x38 C:/NXP/MCUXpressoIDE_25.6.136/ide/plugins/com.nxp.mcuxpresso.tools.win32_25.6.0.202501151204/tools/bin/../lib/gcc/arm-none-eabi/14.2.1/../../../../arm-none-eabi/lib/thumb/v7e-m+fp/hard\libcr_nohost_nf.a(__sys_appexit.o)
 .debug_info    0x00013d19       0xfc C:/NXP/MCUXpressoIDE_25.6.136/ide/plugins/com.nxp.mcuxpresso.tools.win32_25.6.0.202501151204/tools/bin/../lib/gcc/arm-none-eabi/14.2.1/../../../../arm-none-eabi/lib/thumb/v7e-m+fp/hard\libcr_c.a(memset.o)
 .debug_info    0x00013e15      0x396 C:/NXP/MCUXpressoIDE_25.6.136/ide/plugins/com.nxp.mcuxpresso.tools.win32_25.6.0.202501151204/tools/bin/../lib/gcc/arm-none-eabi/14.2.1/../../../../arm-none-eabi/lib/thumb/v7e-m+fp/hard\libcr_c.a(_deferredlazyseek.o)
 .debug_info    0x000141ab      0x1e3 C:/NXP/MCUXpressoIDE_25.6.136/ide/plugins/com.nxp.mcuxpresso.tools.win32_25.6.0.202501151204/tools/bin/../lib/gcc/arm-none-eabi/14.2.1/../../../../arm-none-eabi/lib/thumb/v7e-m+fp/hard\libcr_c.a(_fflush.o)
 .debug_info    0x0001438e      0x289 C:/NXP/MCUXpressoIDE_25.6.136/ide/plugins/com.nxp.mcuxpresso.tools.win32_25.6.0.202501151204/tools/bin/../lib/gcc/arm-none-eabi/14.2.1/../../../../arm-none-eabi/lib/thumb/v7e-m+fp/hard\libcr_c.a(_writebuf.o)
 .debug_info    0x00014617      0x520 C:/NXP/MCUXpressoIDE_25.6.136/ide/plugins/com.nxp.mcuxpresso.tools.win32_25.6.0.202501151204/tools/bin/../lib/gcc/arm-none-eabi/14.2.1/../../../../arm-none-eabi/lib/thumb/v7e-m+fp/hard\libcr_c.a(alloc.o)
 .debug_info    0x00014b37       0x44 C:/NXP/MCUXpressoIDE_25.6.136/ide/plugins/com.nxp.mcuxpresso.tools.win32_25.6.0.202501151204/tools/bin/../lib/gcc/arm-none-eabi/14.2.1/../../../../arm-none-eabi/lib/thumb/v7e-m+fp/hard\libcr_c.a(errno.o)
 .debug_info    0x00014b7b      0x1e0 C:/NXP/MCUXpressoIDE_25.6.136/ide/plugins/com.nxp.mcuxpresso.tools.win32_25.6.0.202501151204/tools/bin/../lib/gcc/arm-none-eabi/14.2.1/../../../../arm-none-eabi/lib/thumb/v7e-m+fp/hard\libcr_c.a(fputs.o)
 .debug_info    0x00014d5b      0x276 C:/NXP/MCUXpressoIDE_25.6.136/ide/plugins/com.nxp.mcuxpresso.tools.win32_25.6.0.202501151204/tools/bin/../lib/gcc/arm-none-eabi/14.2.1/../../../../arm-none-eabi/lib/thumb/v7e-m+fp/hard\libcr_c.a(fseek.o)
 .debug_info    0x00014fd1      0x197 C:/NXP/MCUXpressoIDE_25.6.136/ide/plugins/com.nxp.mcuxpresso.tools.win32_25.6.0.202501151204/tools/bin/../lib/gcc/arm-none-eabi/14.2.1/../../../../arm-none-eabi/lib/thumb/v7e-m+fp/hard\libcr_c.a(ftell.o)
 .debug_info    0x00015168      0x339 C:/NXP/MCUXpressoIDE_25.6.136/ide/plugins/com.nxp.mcuxpresso.tools.win32_25.6.0.202501151204/tools/bin/../lib/gcc/arm-none-eabi/14.2.1/../../../../arm-none-eabi/lib/thumb/v7e-m+fp/hard\libcr_c.a(initio.o)
 .debug_info    0x000154a1      0x1fd C:/NXP/MCUXpressoIDE_25.6.136/ide/plugins/com.nxp.mcuxpresso.tools.win32_25.6.0.202501151204/tools/bin/../lib/gcc/arm-none-eabi/14.2.1/../../../../arm-none-eabi/lib/thumb/v7e-m+fp/hard\libcr_c.a(setvbuf.o)
 .debug_info    0x0001569e       0xe1 C:/NXP/MCUXpressoIDE_25.6.136/ide/plugins/com.nxp.mcuxpresso.tools.win32_25.6.0.202501151204/tools/bin/../lib/gcc/arm-none-eabi/14.2.1/../../../../arm-none-eabi/lib/thumb/v7e-m+fp/hard\libcr_c.a(strlen.o)
 .debug_info    0x0001577f       0xd4 C:/NXP/MCUXpressoIDE_25.6.136/ide/plugins/com.nxp.mcuxpresso.tools.win32_25.6.0.202501151204/tools/bin/../lib/gcc/arm-none-eabi/14.2.1/../../../../arm-none-eabi/lib/thumb/v7e-m+fp/hard\libcr_c.a(__init_alloc.o)
 .debug_info    0x00015853      0x107 C:/NXP/MCUXpressoIDE_25.6.136/ide/plugins/com.nxp.mcuxpresso.tools.win32_25.6.0.202501151204/tools/bin/../lib/gcc/arm-none-eabi/14.2.1/../../../../arm-none-eabi/lib/thumb/v7e-m+fp/hard\libcr_c.a(_cr_sbrk.o)
 .debug_info    0x0001595a      0x24b C:/NXP/MCUXpressoIDE_25.6.136/ide/plugins/com.nxp.mcuxpresso.tools.win32_25.6.0.202501151204/tools/bin/../lib/gcc/arm-none-eabi/14.2.1/../../../../arm-none-eabi/lib/thumb/v7e-m+fp/hard\libcr_c.a(_fdopen.o)
 .debug_info    0x00015ba5      0x31e C:/NXP/MCUXpressoIDE_25.6.136/ide/plugins/com.nxp.mcuxpresso.tools.win32_25.6.0.202501151204/tools/bin/../lib/gcc/arm-none-eabi/14.2.1/../../../../arm-none-eabi/lib/thumb/v7e-m+fp/hard\libcr_c.a(fclose.o)
 .debug_info    0x00015ec3      0x209 C:/NXP/MCUXpressoIDE_25.6.136/ide/plugins/com.nxp.mcuxpresso.tools.win32_25.6.0.202501151204/tools/bin/../lib/gcc/arm-none-eabi/14.2.1/../../../../arm-none-eabi/lib/thumb/v7e-m+fp/hard\libcr_c.a(fflush.o)
 .debug_info    0x000160cc      0x1d7 C:/NXP/MCUXpressoIDE_25.6.136/ide/plugins/com.nxp.mcuxpresso.tools.win32_25.6.0.202501151204/tools/bin/../lib/gcc/arm-none-eabi/14.2.1/../../../../arm-none-eabi/lib/thumb/v7e-m+fp/hard\libcr_c.a(remove.o)
 .debug_info    0x000162a3       0x78 C:/NXP/MCUXpressoIDE_25.6.136/ide/plugins/com.nxp.mcuxpresso.tools.win32_25.6.0.202501151204/tools/bin/../lib/gcc/arm-none-eabi/14.2.1/../../../../arm-none-eabi/lib/thumb/v7e-m+fp/hard\libcr_c.a(_cr_check_heap.o)
 .debug_info    0x0001631b      0x23a C:/NXP/MCUXpressoIDE_25.6.136/ide/plugins/com.nxp.mcuxpresso.tools.win32_25.6.0.202501151204/tools/bin/../lib/gcc/arm-none-eabi/14.2.1/../../../../arm-none-eabi/lib/thumb/v7e-m+fp/hard\libcr_c.a(_do_fflush.o)
 .debug_info    0x00016555       0x6a C:/NXP/MCUXpressoIDE_25.6.136/ide/plugins/com.nxp.mcuxpresso.tools.win32_25.6.0.202501151204/tools/bin/../lib/gcc/arm-none-eabi/14.2.1/../../../../arm-none-eabi/lib/thumb/v7e-m+fp/hard\libcr_nohost_nf.a(__sys_close.o)
 .debug_info    0x000165bf       0x6a C:/NXP/MCUXpressoIDE_25.6.136/ide/plugins/com.nxp.mcuxpresso.tools.win32_25.6.0.202501151204/tools/bin/../lib/gcc/arm-none-eabi/14.2.1/../../../../arm-none-eabi/lib/thumb/v7e-m+fp/hard\libcr_nohost_nf.a(__sys_flen.o)
 .debug_info    0x00016629       0x6a C:/NXP/MCUXpressoIDE_25.6.136/ide/plugins/com.nxp.mcuxpresso.tools.win32_25.6.0.202501151204/tools/bin/../lib/gcc/arm-none-eabi/14.2.1/../../../../arm-none-eabi/lib/thumb/v7e-m+fp/hard\libcr_nohost_nf.a(__sys_istty.o)
 .debug_info    0x00016693       0x8a C:/NXP/MCUXpressoIDE_25.6.136/ide/plugins/com.nxp.mcuxpresso.tools.win32_25.6.0.202501151204/tools/bin/../lib/gcc/arm-none-eabi/14.2.1/../../../../arm-none-eabi/lib/thumb/v7e-m+fp/hard\libcr_nohost_nf.a(__sys_remove.o)
 .debug_info    0x0001671d       0x78 C:/NXP/MCUXpressoIDE_25.6.136/ide/plugins/com.nxp.mcuxpresso.tools.win32_25.6.0.202501151204/tools/bin/../lib/gcc/arm-none-eabi/14.2.1/../../../../arm-none-eabi/lib/thumb/v7e-m+fp/hard\libcr_nohost_nf.a(__sys_seek.o)
 .debug_info    0x00016795       0x93 C:/NXP/MCUXpressoIDE_25.6.136/ide/plugins/com.nxp.mcuxpresso.tools.win32_25.6.0.202501151204/tools/bin/../lib/gcc/arm-none-eabi/14.2.1/../../../../arm-none-eabi/lib/thumb/v7e-m+fp/hard\libcr_nohost_nf.a(__sys_tmpnam.o)
 .debug_info    0x00016828       0x93 C:/NXP/MCUXpressoIDE_25.6.136/ide/plugins/com.nxp.mcuxpresso.tools.win32_25.6.0.202501151204/tools/bin/../lib/gcc/arm-none-eabi/14.2.1/../../../../arm-none-eabi/lib/thumb/v7e-m+fp/hard\libcr_nohost_nf.a(__sys_write.o)

.debug_abbrev   0x00000000     0x4566
 .debug_abbrev  0x00000000      0x270 ./utilities/fsl_debug_console.o
 .debug_abbrev  0x00000270      0x17a ./startup/startup_mk64f12.o
 .debug_abbrev  0x000003ea       0x5a ./source/INIT_HAL.o
 .debug_abbrev  0x00000444      0x23c ./source/UART_HAL.o
 .debug_abbrev  0x00000680      0x1d2 ./source/Utilities.o
 .debug_abbrev  0x00000852       0xa0 ./source/main.o
 .debug_abbrev  0x000008f2       0x31 ./source/semihost_hardfault.o
 .debug_abbrev  0x00000923      0x378 ./drivers/fsl_clock.o
 .debug_abbrev  0x00000c9b      0x428 ./drivers/fsl_enet.o
 .debug_abbrev  0x000010c3      0x335 ./drivers/fsl_flexcan.o
 .debug_abbrev  0x000013f8      0x392 ./drivers/fsl_i2c.o
 .debug_abbrev  0x0000178a      0x463 ./drivers/fsl_uart.o
 .debug_abbrev  0x00001bed      0x148 ./device/system_MK64F12.o
 .debug_abbrev  0x00001d35      0x217 ./component/uart/fsl_adapter_uart.o
 .debug_abbrev  0x00001f4c      0x25e ./component/serial_manager/fsl_component_serial_manager.o
 .debug_abbrev  0x000021aa      0x18c ./component/serial_manager/fsl_component_serial_port_uart.o
 .debug_abbrev  0x00002336       0xc7 ./board/board.o
 .debug_abbrev  0x000023fd      0x279 ./board/clock_config.o
 .debug_abbrev  0x00002676      0x225 ./board/peripherals.o
 .debug_abbrev  0x0000289b      0x2c6 ./board/pin_mux.o
 .debug_abbrev  0x00002b61       0x70 C:/NXP/MCUXpressoIDE_25.6.136/ide/plugins/com.nxp.mcuxpresso.tools.win32_25.6.0.202501151204/tools/bin/../lib/gcc/arm-none-eabi/14.2.1/../../../../arm-none-eabi/lib/thumb/v7e-m+fp/hard\libcr_nohost_nf.a(_cr__main.o)
 .debug_abbrev  0x00002bd1      0x12f C:/NXP/MCUXpressoIDE_25.6.136/ide/plugins/com.nxp.mcuxpresso.tools.win32_25.6.0.202501151204/tools/bin/../lib/gcc/arm-none-eabi/14.2.1/../../../../arm-none-eabi/lib/thumb/v7e-m+fp/hard\libcr_nohost_nf.a(_cr_assert.o)
 .debug_abbrev  0x00002d00       0xb5 C:/NXP/MCUXpressoIDE_25.6.136/ide/plugins/com.nxp.mcuxpresso.tools.win32_25.6.0.202501151204/tools/bin/../lib/gcc/arm-none-eabi/14.2.1/../../../../arm-none-eabi/lib/thumb/v7e-m+fp/hard\libcr_nohost_nf.a(__ciob.o)
 .debug_abbrev  0x00002db5       0x2e C:/NXP/MCUXpressoIDE_25.6.136/ide/plugins/com.nxp.mcuxpresso.tools.win32_25.6.0.202501151204/tools/bin/../lib/gcc/arm-none-eabi/14.2.1/../../../../arm-none-eabi/lib/thumb/v7e-m+fp/hard\libcr_nohost_nf.a(__sys_appexit.o)
 .debug_abbrev  0x00002de3       0xa8 C:/NXP/MCUXpressoIDE_25.6.136/ide/plugins/com.nxp.mcuxpresso.tools.win32_25.6.0.202501151204/tools/bin/../lib/gcc/arm-none-eabi/14.2.1/../../../../arm-none-eabi/lib/thumb/v7e-m+fp/hard\libcr_c.a(memset.o)
 .debug_abbrev  0x00002e8b      0x18e C:/NXP/MCUXpressoIDE_25.6.136/ide/plugins/com.nxp.mcuxpresso.tools.win32_25.6.0.202501151204/tools/bin/../lib/gcc/arm-none-eabi/14.2.1/../../../../arm-none-eabi/lib/thumb/v7e-m+fp/hard\libcr_c.a(_deferredlazyseek.o)
 .debug_abbrev  0x00003019       0xf1 C:/NXP/MCUXpressoIDE_25.6.136/ide/plugins/com.nxp.mcuxpresso.tools.win32_25.6.0.202501151204/tools/bin/../lib/gcc/arm-none-eabi/14.2.1/../../../../arm-none-eabi/lib/thumb/v7e-m+fp/hard\libcr_c.a(_fflush.o)
 .debug_abbrev  0x0000310a      0x126 C:/NXP/MCUXpressoIDE_25.6.136/ide/plugins/com.nxp.mcuxpresso.tools.win32_25.6.0.202501151204/tools/bin/../lib/gcc/arm-none-eabi/14.2.1/../../../../arm-none-eabi/lib/thumb/v7e-m+fp/hard\libcr_c.a(_writebuf.o)
 .debug_abbrev  0x00003230      0x284 C:/NXP/MCUXpressoIDE_25.6.136/ide/plugins/com.nxp.mcuxpresso.tools.win32_25.6.0.202501151204/tools/bin/../lib/gcc/arm-none-eabi/14.2.1/../../../../arm-none-eabi/lib/thumb/v7e-m+fp/hard\libcr_c.a(alloc.o)
 .debug_abbrev  0x000034b4       0x44 C:/NXP/MCUXpressoIDE_25.6.136/ide/plugins/com.nxp.mcuxpresso.tools.win32_25.6.0.202501151204/tools/bin/../lib/gcc/arm-none-eabi/14.2.1/../../../../arm-none-eabi/lib/thumb/v7e-m+fp/hard\libcr_c.a(errno.o)
 .debug_abbrev  0x000034f8      0x10c C:/NXP/MCUXpressoIDE_25.6.136/ide/plugins/com.nxp.mcuxpresso.tools.win32_25.6.0.202501151204/tools/bin/../lib/gcc/arm-none-eabi/14.2.1/../../../../arm-none-eabi/lib/thumb/v7e-m+fp/hard\libcr_c.a(fputs.o)
 .debug_abbrev  0x00003604      0x11b C:/NXP/MCUXpressoIDE_25.6.136/ide/plugins/com.nxp.mcuxpresso.tools.win32_25.6.0.202501151204/tools/bin/../lib/gcc/arm-none-eabi/14.2.1/../../../../arm-none-eabi/lib/thumb/v7e-m+fp/hard\libcr_c.a(fseek.o)
 .debug_abbrev  0x0000371f       0xc2 C:/NXP/MCUXpressoIDE_25.6.136/ide/plugins/com.nxp.mcuxpresso.tools.win32_25.6.0.202501151204/tools/bin/../lib/gcc/arm-none-eabi/14.2.1/../../../../arm-none-eabi/lib/thumb/v7e-m+fp/hard\libcr_c.a(ftell.o)
 .debug_abbrev  0x000037e1      0x169 C:/NXP/MCUXpressoIDE_25.6.136/ide/plugins/com.nxp.mcuxpresso.tools.win32_25.6.0.202501151204/tools/bin/../lib/gcc/arm-none-eabi/14.2.1/../../../../arm-none-eabi/lib/thumb/v7e-m+fp/hard\libcr_c.a(initio.o)
 .debug_abbrev  0x0000394a       0xe1 C:/NXP/MCUXpressoIDE_25.6.136/ide/plugins/com.nxp.mcuxpresso.tools.win32_25.6.0.202501151204/tools/bin/../lib/gcc/arm-none-eabi/14.2.1/../../../../arm-none-eabi/lib/thumb/v7e-m+fp/hard\libcr_c.a(setvbuf.o)
 .debug_abbrev  0x00003a2b       0xa7 C:/NXP/MCUXpressoIDE_25.6.136/ide/plugins/com.nxp.mcuxpresso.tools.win32_25.6.0.202501151204/tools/bin/../lib/gcc/arm-none-eabi/14.2.1/../../../../arm-none-eabi/lib/thumb/v7e-m+fp/hard\libcr_c.a(strlen.o)
 .debug_abbrev  0x00003ad2       0xaf C:/NXP/MCUXpressoIDE_25.6.136/ide/plugins/com.nxp.mcuxpresso.tools.win32_25.6.0.202501151204/tools/bin/../lib/gcc/arm-none-eabi/14.2.1/../../../../arm-none-eabi/lib/thumb/v7e-m+fp/hard\libcr_c.a(__init_alloc.o)
 .debug_abbrev  0x00003b81       0xd3 C:/NXP/MCUXpressoIDE_25.6.136/ide/plugins/com.nxp.mcuxpresso.tools.win32_25.6.0.202501151204/tools/bin/../lib/gcc/arm-none-eabi/14.2.1/../../../../arm-none-eabi/lib/thumb/v7e-m+fp/hard\libcr_c.a(_cr_sbrk.o)
 .debug_abbrev  0x00003c54      0x119 C:/NXP/MCUXpressoIDE_25.6.136/ide/plugins/com.nxp.mcuxpresso.tools.win32_25.6.0.202501151204/tools/bin/../lib/gcc/arm-none-eabi/14.2.1/../../../../arm-none-eabi/lib/thumb/v7e-m+fp/hard\libcr_c.a(_fdopen.o)
 .debug_abbrev  0x00003d6d      0x158 C:/NXP/MCUXpressoIDE_25.6.136/ide/plugins/com.nxp.mcuxpresso.tools.win32_25.6.0.202501151204/tools/bin/../lib/gcc/arm-none-eabi/14.2.1/../../../../arm-none-eabi/lib/thumb/v7e-m+fp/hard\libcr_c.a(fclose.o)
 .debug_abbrev  0x00003ec5      0x125 C:/NXP/MCUXpressoIDE_25.6.136/ide/plugins/com.nxp.mcuxpresso.tools.win32_25.6.0.202501151204/tools/bin/../lib/gcc/arm-none-eabi/14.2.1/../../../../arm-none-eabi/lib/thumb/v7e-m+fp/hard\libcr_c.a(fflush.o)
 .debug_abbrev  0x00003fea       0xfb C:/NXP/MCUXpressoIDE_25.6.136/ide/plugins/com.nxp.mcuxpresso.tools.win32_25.6.0.202501151204/tools/bin/../lib/gcc/arm-none-eabi/14.2.1/../../../../arm-none-eabi/lib/thumb/v7e-m+fp/hard\libcr_c.a(remove.o)
 .debug_abbrev  0x000040e5       0x6b C:/NXP/MCUXpressoIDE_25.6.136/ide/plugins/com.nxp.mcuxpresso.tools.win32_25.6.0.202501151204/tools/bin/../lib/gcc/arm-none-eabi/14.2.1/../../../../arm-none-eabi/lib/thumb/v7e-m+fp/hard\libcr_c.a(_cr_check_heap.o)
 .debug_abbrev  0x00004150      0x12c C:/NXP/MCUXpressoIDE_25.6.136/ide/plugins/com.nxp.mcuxpresso.tools.win32_25.6.0.202501151204/tools/bin/../lib/gcc/arm-none-eabi/14.2.1/../../../../arm-none-eabi/lib/thumb/v7e-m+fp/hard\libcr_c.a(_do_fflush.o)
 .debug_abbrev  0x0000427c       0x5c C:/NXP/MCUXpressoIDE_25.6.136/ide/plugins/com.nxp.mcuxpresso.tools.win32_25.6.0.202501151204/tools/bin/../lib/gcc/arm-none-eabi/14.2.1/../../../../arm-none-eabi/lib/thumb/v7e-m+fp/hard\libcr_nohost_nf.a(__sys_close.o)
 .debug_abbrev  0x000042d8       0x5c C:/NXP/MCUXpressoIDE_25.6.136/ide/plugins/com.nxp.mcuxpresso.tools.win32_25.6.0.202501151204/tools/bin/../lib/gcc/arm-none-eabi/14.2.1/../../../../arm-none-eabi/lib/thumb/v7e-m+fp/hard\libcr_nohost_nf.a(__sys_flen.o)
 .debug_abbrev  0x00004334       0x5c C:/NXP/MCUXpressoIDE_25.6.136/ide/plugins/com.nxp.mcuxpresso.tools.win32_25.6.0.202501151204/tools/bin/../lib/gcc/arm-none-eabi/14.2.1/../../../../arm-none-eabi/lib/thumb/v7e-m+fp/hard\libcr_nohost_nf.a(__sys_istty.o)
 .debug_abbrev  0x00004390       0x7d C:/NXP/MCUXpressoIDE_25.6.136/ide/plugins/com.nxp.mcuxpresso.tools.win32_25.6.0.202501151204/tools/bin/../lib/gcc/arm-none-eabi/14.2.1/../../../../arm-none-eabi/lib/thumb/v7e-m+fp/hard\libcr_nohost_nf.a(__sys_remove.o)
 .debug_abbrev  0x0000440d       0x6d C:/NXP/MCUXpressoIDE_25.6.136/ide/plugins/com.nxp.mcuxpresso.tools.win32_25.6.0.202501151204/tools/bin/../lib/gcc/arm-none-eabi/14.2.1/../../../../arm-none-eabi/lib/thumb/v7e-m+fp/hard\libcr_nohost_nf.a(__sys_seek.o)
 .debug_abbrev  0x0000447a       0x76 C:/NXP/MCUXpressoIDE_25.6.136/ide/plugins/com.nxp.mcuxpresso.tools.win32_25.6.0.202501151204/tools/bin/../lib/gcc/arm-none-eabi/14.2.1/../../../../arm-none-eabi/lib/thumb/v7e-m+fp/hard\libcr_nohost_nf.a(__sys_tmpnam.o)
 .debug_abbrev  0x000044f0       0x76 C:/NXP/MCUXpressoIDE_25.6.136/ide/plugins/com.nxp.mcuxpresso.tools.win32_25.6.0.202501151204/tools/bin/../lib/gcc/arm-none-eabi/14.2.1/../../../../arm-none-eabi/lib/thumb/v7e-m+fp/hard\libcr_nohost_nf.a(__sys_write.o)

.debug_aranges  0x00000000     0x15a8
 .debug_aranges
                0x00000000       0xa8 ./utilities/fsl_debug_console.o
 .debug_aranges
                0x000000a8      0x330 ./startup/startup_mk64f12.o
 .debug_aranges
                0x000003d8       0x20 ./source/INIT_HAL.o
 .debug_aranges
                0x000003f8       0x58 ./source/UART_HAL.o
 .debug_aranges
                0x00000450      0x158 ./source/Utilities.o
 .debug_aranges
                0x000005a8       0x20 ./source/main.o
 .debug_aranges
                0x000005c8       0x20 ./source/semihost_hardfault.o
 .debug_aranges
                0x000005e8      0x1f8 ./drivers/fsl_clock.o
 .debug_aranges
                0x000007e0      0x220 ./drivers/fsl_enet.o
 .debug_aranges
                0x00000a00      0x1a8 ./drivers/fsl_flexcan.o
 .debug_aranges
                0x00000ba8      0x180 ./drivers/fsl_i2c.o
 .debug_aranges
                0x00000d28      0x1b8 ./drivers/fsl_uart.o
 .debug_aranges
                0x00000ee0       0x30 ./device/system_MK64F12.o
 .debug_aranges
                0x00000f10       0x50 ./component/uart/fsl_adapter_uart.o
 .debug_aranges
                0x00000f60       0x98 ./component/serial_manager/fsl_component_serial_manager.o
 .debug_aranges
                0x00000ff8       0x48 ./component/serial_manager/fsl_component_serial_port_uart.o
 .debug_aranges
                0x00001040       0x20 ./board/board.o
 .debug_aranges
                0x00001060       0x80 ./board/clock_config.o
 .debug_aranges
                0x000010e0       0x38 ./board/peripherals.o
 .debug_aranges
                0x00001118       0x88 ./board/pin_mux.o
 .debug_aranges
                0x000011a0       0x20 C:/NXP/MCUXpressoIDE_25.6.136/ide/plugins/com.nxp.mcuxpresso.tools.win32_25.6.0.202501151204/tools/bin/../lib/gcc/arm-none-eabi/14.2.1/../../../../arm-none-eabi/lib/thumb/v7e-m+fp/hard\libcr_nohost_nf.a(_cr__main.o)
 .debug_aranges
                0x000011c0       0x20 C:/NXP/MCUXpressoIDE_25.6.136/ide/plugins/com.nxp.mcuxpresso.tools.win32_25.6.0.202501151204/tools/bin/../lib/gcc/arm-none-eabi/14.2.1/../../../../arm-none-eabi/lib/thumb/v7e-m+fp/hard\libcr_nohost_nf.a(_cr_assert.o)
 .debug_aranges
                0x000011e0       0x18 C:/NXP/MCUXpressoIDE_25.6.136/ide/plugins/com.nxp.mcuxpresso.tools.win32_25.6.0.202501151204/tools/bin/../lib/gcc/arm-none-eabi/14.2.1/../../../../arm-none-eabi/lib/thumb/v7e-m+fp/hard\libcr_nohost_nf.a(__ciob.o)
 .debug_aranges
                0x000011f8       0x20 C:/NXP/MCUXpressoIDE_25.6.136/ide/plugins/com.nxp.mcuxpresso.tools.win32_25.6.0.202501151204/tools/bin/../lib/gcc/arm-none-eabi/14.2.1/../../../../arm-none-eabi/lib/thumb/v7e-m+fp/hard\libcr_nohost_nf.a(__sys_appexit.o)
 .debug_aranges
                0x00001218       0x20 C:/NXP/MCUXpressoIDE_25.6.136/ide/plugins/com.nxp.mcuxpresso.tools.win32_25.6.0.202501151204/tools/bin/../lib/gcc/arm-none-eabi/14.2.1/../../../../arm-none-eabi/lib/thumb/v7e-m+fp/hard\libcr_c.a(memset.o)
 .debug_aranges
                0x00001238       0x28 C:/NXP/MCUXpressoIDE_25.6.136/ide/plugins/com.nxp.mcuxpresso.tools.win32_25.6.0.202501151204/tools/bin/../lib/gcc/arm-none-eabi/14.2.1/../../../../arm-none-eabi/lib/thumb/v7e-m+fp/hard\libcr_c.a(_deferredlazyseek.o)
 .debug_aranges
                0x00001260       0x20 C:/NXP/MCUXpressoIDE_25.6.136/ide/plugins/com.nxp.mcuxpresso.tools.win32_25.6.0.202501151204/tools/bin/../lib/gcc/arm-none-eabi/14.2.1/../../../../arm-none-eabi/lib/thumb/v7e-m+fp/hard\libcr_c.a(_fflush.o)
 .debug_aranges
                0x00001280       0x20 C:/NXP/MCUXpressoIDE_25.6.136/ide/plugins/com.nxp.mcuxpresso.tools.win32_25.6.0.202501151204/tools/bin/../lib/gcc/arm-none-eabi/14.2.1/../../../../arm-none-eabi/lib/thumb/v7e-m+fp/hard\libcr_c.a(_writebuf.o)
 .debug_aranges
                0x000012a0       0x40 C:/NXP/MCUXpressoIDE_25.6.136/ide/plugins/com.nxp.mcuxpresso.tools.win32_25.6.0.202501151204/tools/bin/../lib/gcc/arm-none-eabi/14.2.1/../../../../arm-none-eabi/lib/thumb/v7e-m+fp/hard\libcr_c.a(alloc.o)
 .debug_aranges
                0x000012e0       0x18 C:/NXP/MCUXpressoIDE_25.6.136/ide/plugins/com.nxp.mcuxpresso.tools.win32_25.6.0.202501151204/tools/bin/../lib/gcc/arm-none-eabi/14.2.1/../../../../arm-none-eabi/lib/thumb/v7e-m+fp/hard\libcr_c.a(errno.o)
 .debug_aranges
                0x000012f8       0x20 C:/NXP/MCUXpressoIDE_25.6.136/ide/plugins/com.nxp.mcuxpresso.tools.win32_25.6.0.202501151204/tools/bin/../lib/gcc/arm-none-eabi/14.2.1/../../../../arm-none-eabi/lib/thumb/v7e-m+fp/hard\libcr_c.a(fputs.o)
 .debug_aranges
                0x00001318       0x20 C:/NXP/MCUXpressoIDE_25.6.136/ide/plugins/com.nxp.mcuxpresso.tools.win32_25.6.0.202501151204/tools/bin/../lib/gcc/arm-none-eabi/14.2.1/../../../../arm-none-eabi/lib/thumb/v7e-m+fp/hard\libcr_c.a(fseek.o)
 .debug_aranges
                0x00001338       0x20 C:/NXP/MCUXpressoIDE_25.6.136/ide/plugins/com.nxp.mcuxpresso.tools.win32_25.6.0.202501151204/tools/bin/../lib/gcc/arm-none-eabi/14.2.1/../../../../arm-none-eabi/lib/thumb/v7e-m+fp/hard\libcr_c.a(ftell.o)
 .debug_aranges
                0x00001358       0x28 C:/NXP/MCUXpressoIDE_25.6.136/ide/plugins/com.nxp.mcuxpresso.tools.win32_25.6.0.202501151204/tools/bin/../lib/gcc/arm-none-eabi/14.2.1/../../../../arm-none-eabi/lib/thumb/v7e-m+fp/hard\libcr_c.a(initio.o)
 .debug_aranges
                0x00001380       0x20 C:/NXP/MCUXpressoIDE_25.6.136/ide/plugins/com.nxp.mcuxpresso.tools.win32_25.6.0.202501151204/tools/bin/../lib/gcc/arm-none-eabi/14.2.1/../../../../arm-none-eabi/lib/thumb/v7e-m+fp/hard\libcr_c.a(setvbuf.o)
 .debug_aranges
                0x000013a0       0x20 C:/NXP/MCUXpressoIDE_25.6.136/ide/plugins/com.nxp.mcuxpresso.tools.win32_25.6.0.202501151204/tools/bin/../lib/gcc/arm-none-eabi/14.2.1/../../../../arm-none-eabi/lib/thumb/v7e-m+fp/hard\libcr_c.a(strlen.o)
 .debug_aranges
                0x000013c0       0x20 C:/NXP/MCUXpressoIDE_25.6.136/ide/plugins/com.nxp.mcuxpresso.tools.win32_25.6.0.202501151204/tools/bin/../lib/gcc/arm-none-eabi/14.2.1/../../../../arm-none-eabi/lib/thumb/v7e-m+fp/hard\libcr_c.a(__init_alloc.o)
 .debug_aranges
                0x000013e0       0x20 C:/NXP/MCUXpressoIDE_25.6.136/ide/plugins/com.nxp.mcuxpresso.tools.win32_25.6.0.202501151204/tools/bin/../lib/gcc/arm-none-eabi/14.2.1/../../../../arm-none-eabi/lib/thumb/v7e-m+fp/hard\libcr_c.a(_cr_sbrk.o)
 .debug_aranges
                0x00001400       0x20 C:/NXP/MCUXpressoIDE_25.6.136/ide/plugins/com.nxp.mcuxpresso.tools.win32_25.6.0.202501151204/tools/bin/../lib/gcc/arm-none-eabi/14.2.1/../../../../arm-none-eabi/lib/thumb/v7e-m+fp/hard\libcr_c.a(_fdopen.o)
 .debug_aranges
                0x00001420       0x20 C:/NXP/MCUXpressoIDE_25.6.136/ide/plugins/com.nxp.mcuxpresso.tools.win32_25.6.0.202501151204/tools/bin/../lib/gcc/arm-none-eabi/14.2.1/../../../../arm-none-eabi/lib/thumb/v7e-m+fp/hard\libcr_c.a(fclose.o)
 .debug_aranges
                0x00001440       0x20 C:/NXP/MCUXpressoIDE_25.6.136/ide/plugins/com.nxp.mcuxpresso.tools.win32_25.6.0.202501151204/tools/bin/../lib/gcc/arm-none-eabi/14.2.1/../../../../arm-none-eabi/lib/thumb/v7e-m+fp/hard\libcr_c.a(fflush.o)
 .debug_aranges
                0x00001460       0x28 C:/NXP/MCUXpressoIDE_25.6.136/ide/plugins/com.nxp.mcuxpresso.tools.win32_25.6.0.202501151204/tools/bin/../lib/gcc/arm-none-eabi/14.2.1/../../../../arm-none-eabi/lib/thumb/v7e-m+fp/hard\libcr_c.a(remove.o)
 .debug_aranges
                0x00001488       0x20 C:/NXP/MCUXpressoIDE_25.6.136/ide/plugins/com.nxp.mcuxpresso.tools.win32_25.6.0.202501151204/tools/bin/../lib/gcc/arm-none-eabi/14.2.1/../../../../arm-none-eabi/lib/thumb/v7e-m+fp/hard\libcr_c.a(_cr_check_heap.o)
 .debug_aranges
                0x000014a8       0x20 C:/NXP/MCUXpressoIDE_25.6.136/ide/plugins/com.nxp.mcuxpresso.tools.win32_25.6.0.202501151204/tools/bin/../lib/gcc/arm-none-eabi/14.2.1/../../../../arm-none-eabi/lib/thumb/v7e-m+fp/hard\libcr_c.a(_do_fflush.o)
 .debug_aranges
                0x000014c8       0x20 C:/NXP/MCUXpressoIDE_25.6.136/ide/plugins/com.nxp.mcuxpresso.tools.win32_25.6.0.202501151204/tools/bin/../lib/gcc/arm-none-eabi/14.2.1/../../../../arm-none-eabi/lib/thumb/v7e-m+fp/hard\libcr_nohost_nf.a(__sys_close.o)
 .debug_aranges
                0x000014e8       0x20 C:/NXP/MCUXpressoIDE_25.6.136/ide/plugins/com.nxp.mcuxpresso.tools.win32_25.6.0.202501151204/tools/bin/../lib/gcc/arm-none-eabi/14.2.1/../../../../arm-none-eabi/lib/thumb/v7e-m+fp/hard\libcr_nohost_nf.a(__sys_flen.o)
 .debug_aranges
                0x00001508       0x20 C:/NXP/MCUXpressoIDE_25.6.136/ide/plugins/com.nxp.mcuxpresso.tools.win32_25.6.0.202501151204/tools/bin/../lib/gcc/arm-none-eabi/14.2.1/../../../../arm-none-eabi/lib/thumb/v7e-m+fp/hard\libcr_nohost_nf.a(__sys_istty.o)
 .debug_aranges
                0x00001528       0x20 C:/NXP/MCUXpressoIDE_25.6.136/ide/plugins/com.nxp.mcuxpresso.tools.win32_25.6.0.202501151204/tools/bin/../lib/gcc/arm-none-eabi/14.2.1/../../../../arm-none-eabi/lib/thumb/v7e-m+fp/hard\libcr_nohost_nf.a(__sys_remove.o)
 .debug_aranges
                0x00001548       0x20 C:/NXP/MCUXpressoIDE_25.6.136/ide/plugins/com.nxp.mcuxpresso.tools.win32_25.6.0.202501151204/tools/bin/../lib/gcc/arm-none-eabi/14.2.1/../../../../arm-none-eabi/lib/thumb/v7e-m+fp/hard\libcr_nohost_nf.a(__sys_seek.o)
 .debug_aranges
                0x00001568       0x20 C:/NXP/MCUXpressoIDE_25.6.136/ide/plugins/com.nxp.mcuxpresso.tools.win32_25.6.0.202501151204/tools/bin/../lib/gcc/arm-none-eabi/14.2.1/../../../../arm-none-eabi/lib/thumb/v7e-m+fp/hard\libcr_nohost_nf.a(__sys_tmpnam.o)
 .debug_aranges