C:\MCUXpressoIDE_25.6.136\workspace\EtherCATMaster\drivers/fsl_enet.h:1187:20:ENET_ActiveRead	16	static
C:\MCUXpressoIDE_25.6.136\workspace\EtherCATMaster\phy/fsl_phy.h:147:24:PHY_Init	16	static
C:\MCUXpressoIDE_25.6.136\workspace\EtherCATMaster\phy/fsl_phy.h:191:24:PHY_GetAutoNegotiationStatus	16	static
C:\MCUXpressoIDE_25.6.136\workspace\EtherCATMaster\phy/fsl_phy.h:206:24:PHY_GetLinkStatus	16	static
C:\MCUXpressoIDE_25.6.136\workspace\EtherCATMaster\phy/fsl_phy.h:223:24:PHY_GetLinkSpeedDuplex	24	static
C:\MCUXpressoIDE_25.6.136\workspace\EtherCATMaster\drivers/fsl_sysmpu.h:268:20:SYSMPU_Enable	16	static
../source/enet_raw.c:36:6:vApplicationStackOverflowHook	152	static
../source/enet_raw.c:72:13:enet_raw_callback	32	static
../source/enet_raw.c:105:13:enet_raw_is_ethercat_frame	16	static
../source/enet_raw.c:119:19:enet_raw_init	256	static
../source/enet_raw.c:234:19:enet_raw_close	16	static
../source/enet_raw.c:262:19:enet_raw_send_frame	48	static
../source/enet_raw.c:307:19:enet_raw_receive_frame	48	static
../source/enet_raw.c:377:6:enet_raw_release_frame	16	static
../source/enet_raw.c:387:6:enet_raw_is_link_up	24	static
../source/enet_raw.c:400:6:enet_raw_get_stats	24	static
../source/enet_raw.c:408:6:enet_raw_reset_stats	16	static
../source/enet_raw.c:420:19:enet_raw_send_test_frame	24	static
../source/enet_raw.c:465:19:enet_raw_send_ping_frame	16	static
../source/enet_raw.c:471:6:enet_raw_dump_frame	192	static
