../source/Utilities.c:29:6:UART_LogInit	4	static
../source/Utilities.c:45:6:UART_LogSetEnabled	16	static
../source/Utilities.c:57:6:UART_LogIsEnabled	4	static
../source/Utilities.c:71:6:UART_LogMessage	24	static
../source/Utilities.c:120:6:UART_LogProcess	80	static
../source/Utilities.c:166:6:UART_LogHasMessages	4	static
../source/Utilities.c:182:6:delay	16	static
../source/Utilities.c:196:6:check_bit0	16	static
../source/Utilities.c:201:6:check_bit1	16	static
../source/Utilities.c:206:6:check_bit2	16	static
../source/Utilities.c:211:6:check_bit3	16	static
../source/Utilities.c:216:6:check_bit4	16	static
../source/Utilities.c:221:6:check_bit5	16	static
../source/Utilities.c:226:6:check_bit6	16	static
../source/Utilities.c:231:6:check_bit7	16	static
../source/Utilities.c:244:9:set_bit0	16	static
../source/Utilities.c:249:9:set_bit1	16	static
../source/Utilities.c:254:9:set_bit2	16	static
../source/Utilities.c:259:9:set_bit3	16	static
../source/Utilities.c:264:9:set_bit4	16	static
../source/Utilities.c:269:9:set_bit5	16	static
../source/Utilities.c:274:9:set_bit6	16	static
../source/Utilities.c:279:9:set_bit7	16	static
../source/Utilities.c:292:6:check_bit0_extended	16	static
../source/Utilities.c:297:6:check_bit1_extended	16	static
../source/Utilities.c:302:6:check_bit3_extended	16	static
../source/Utilities.c:311:6:check_bit4_extended	16	static
../source/Utilities.c:320:6:check_bit5_extended	16	static
../source/Utilities.c:329:6:check_bit6_extended	16	static
../source/Utilities.c:338:6:check_bit7_extended	16	static
../source/Utilities.c:347:6:check_bit8_extended	16	static
../source/Utilities.c:356:6:check_bit9_extended	16	static
../source/Utilities.c:365:6:check_bit10_extended	16	static
../source/Utilities.c:374:6:check_bit11_extended	16	static
../source/Utilities.c:383:6:check_bit12_extended	16	static
../source/Utilities.c:392:6:check_bit13_extended	16	static
../source/Utilities.c:401:6:check_bit14_extended	16	static
../source/Utilities.c:410:6:check_bit15_extended	16	static
../source/Utilities.c:419:6:check_bit16_extended	16	static
../source/Utilities.c:428:6:check_bit17_extended	16	static
